Archive member included to satisfy reference by file (symbol)

d:/mrs/mounriver_studio/toolchain/risc-v embedded gcc/bin/../lib/gcc/riscv-none-embed/8.2.0/rv32imac/ilp32\libgcc.a(divdf3.o)
                              ./CODE/jf_data.o (__divdf3)
d:/mrs/mounriver_studio/toolchain/risc-v embedded gcc/bin/../lib/gcc/riscv-none-embed/8.2.0/rv32imac/ilp32\libgcc.a(eqdf2.o)
                              ./Libraries/seekfree_peripheral/SEEKFREE_PRINTF.o (__nedf2)
d:/mrs/mounriver_studio/toolchain/risc-v embedded gcc/bin/../lib/gcc/riscv-none-embed/8.2.0/rv32imac/ilp32\libgcc.a(gedf2.o)
                              ./CODE/jf_data.o (__gtdf2)
d:/mrs/mounriver_studio/toolchain/risc-v embedded gcc/bin/../lib/gcc/riscv-none-embed/8.2.0/rv32imac/ilp32\libgcc.a(ledf2.o)
                              ./Libraries/seekfree_peripheral/SEEKFREE_18TFT.o (__ltdf2)
d:/mrs/mounriver_studio/toolchain/risc-v embedded gcc/bin/../lib/gcc/riscv-none-embed/8.2.0/rv32imac/ilp32\libgcc.a(muldf3.o)
                              ./Libraries/seekfree_peripheral/SEEKFREE_PRINTF.o (__muldf3)
d:/mrs/mounriver_studio/toolchain/risc-v embedded gcc/bin/../lib/gcc/riscv-none-embed/8.2.0/rv32imac/ilp32\libgcc.a(subdf3.o)
                              ./Libraries/seekfree_peripheral/SEEKFREE_PRINTF.o (__subdf3)
d:/mrs/mounriver_studio/toolchain/risc-v embedded gcc/bin/../lib/gcc/riscv-none-embed/8.2.0/rv32imac/ilp32\libgcc.a(fixdfsi.o)
                              ./Libraries/seekfree_peripheral/SEEKFREE_PRINTF.o (__fixdfsi)
d:/mrs/mounriver_studio/toolchain/risc-v embedded gcc/bin/../lib/gcc/riscv-none-embed/8.2.0/rv32imac/ilp32\libgcc.a(floatsidf.o)
                              ./Libraries/seekfree_peripheral/SEEKFREE_PRINTF.o (__floatsidf)
d:/mrs/mounriver_studio/toolchain/risc-v embedded gcc/bin/../lib/gcc/riscv-none-embed/8.2.0/rv32imac/ilp32\libgcc.a(floatunsidf.o)
                              ./CODE/jf_data.o (__floatunsidf)
d:/mrs/mounriver_studio/toolchain/risc-v embedded gcc/bin/../lib/gcc/riscv-none-embed/8.2.0/rv32imac/ilp32\libgcc.a(addsf3.o)
                              ./CODE/jf_data.o (__addsf3)
d:/mrs/mounriver_studio/toolchain/risc-v embedded gcc/bin/../lib/gcc/riscv-none-embed/8.2.0/rv32imac/ilp32\libgcc.a(divsf3.o)
                              ./CODE/jf_data.o (__divsf3)
d:/mrs/mounriver_studio/toolchain/risc-v embedded gcc/bin/../lib/gcc/riscv-none-embed/8.2.0/rv32imac/ilp32\libgcc.a(eqsf2.o)
                              ./CODE/jf_data.o (__eqsf2)
d:/mrs/mounriver_studio/toolchain/risc-v embedded gcc/bin/../lib/gcc/riscv-none-embed/8.2.0/rv32imac/ilp32\libgcc.a(mulsf3.o)
                              ./CODE/jf_data.o (__mulsf3)
d:/mrs/mounriver_studio/toolchain/risc-v embedded gcc/bin/../lib/gcc/riscv-none-embed/8.2.0/rv32imac/ilp32\libgcc.a(subsf3.o)
                              ./CODE/jf_data.o (__subsf3)
d:/mrs/mounriver_studio/toolchain/risc-v embedded gcc/bin/../lib/gcc/riscv-none-embed/8.2.0/rv32imac/ilp32\libgcc.a(fixsfsi.o)
                              ./CODE/jf_data.o (__fixsfsi)
d:/mrs/mounriver_studio/toolchain/risc-v embedded gcc/bin/../lib/gcc/riscv-none-embed/8.2.0/rv32imac/ilp32\libgcc.a(floatsisf.o)
                              ./CODE/jf_data.o (__floatsisf)
d:/mrs/mounriver_studio/toolchain/risc-v embedded gcc/bin/../lib/gcc/riscv-none-embed/8.2.0/rv32imac/ilp32\libgcc.a(_clzsi2.o)
                              d:/mrs/mounriver_studio/toolchain/risc-v embedded gcc/bin/../lib/gcc/riscv-none-embed/8.2.0/rv32imac/ilp32\libgcc.a(divdf3.o) (__clzsi2)
d:/mrs/mounriver_studio/toolchain/risc-v embedded gcc/bin/../lib/gcc/riscv-none-embed/8.2.0/rv32imac/ilp32\libgcc.a(_clz.o)
                              d:/mrs/mounriver_studio/toolchain/risc-v embedded gcc/bin/../lib/gcc/riscv-none-embed/8.2.0/rv32imac/ilp32\libgcc.a(_clzsi2.o) (__clz_tab)
d:/mrs/mounriver_studio/toolchain/risc-v embedded gcc/bin/../lib/gcc/riscv-none-embed/8.2.0/../../../../riscv-none-embed/lib/rv32imac/ilp32\libg_nano.a(lib_a-assert.o)
                              ./Libraries/seekfree_peripheral/SEEKFREE_18TFT.o (__assert_func)
d:/mrs/mounriver_studio/toolchain/risc-v embedded gcc/bin/../lib/gcc/riscv-none-embed/8.2.0/../../../../riscv-none-embed/lib/rv32imac/ilp32\libg_nano.a(lib_a-fprintf.o)
                              d:/mrs/mounriver_studio/toolchain/risc-v embedded gcc/bin/../lib/gcc/riscv-none-embed/8.2.0/../../../../riscv-none-embed/lib/rv32imac/ilp32\libg_nano.a(lib_a-assert.o) (fiprintf)
d:/mrs/mounriver_studio/toolchain/risc-v embedded gcc/bin/../lib/gcc/riscv-none-embed/8.2.0/../../../../riscv-none-embed/lib/rv32imac/ilp32\libg_nano.a(lib_a-impure.o)
                              d:/mrs/mounriver_studio/toolchain/risc-v embedded gcc/bin/../lib/gcc/riscv-none-embed/8.2.0/../../../../riscv-none-embed/lib/rv32imac/ilp32\libg_nano.a(lib_a-assert.o) (_impure_ptr)
d:/mrs/mounriver_studio/toolchain/risc-v embedded gcc/bin/../lib/gcc/riscv-none-embed/8.2.0/../../../../riscv-none-embed/lib/rv32imac/ilp32\libg_nano.a(lib_a-memcpy.o)
[...]
Memory Configuration

Name             Origin             Length             Attributes
FLASH            0x0000000000000000 0x0000000000010000 xr
RAM              0x0000000020000000 0x0000000000005000 xrw
*default*        0x0000000000000000 0xffffffffffffffff

Linker script and memory map

LOAD ./USER/isr.o
LOAD ./USER/main.o
LOAD ./Libraries/wch_libraries/Startup/startup_ch32v10x.o
LOAD ./Libraries/wch_libraries/Peripheral/ch32v10x_adc.o
LOAD ./Libraries/wch_libraries/Peripheral/ch32v10x_bkp.o
LOAD ./Libraries/wch_libraries/Peripheral/ch32v10x_crc.o
LOAD ./Libraries/wch_libraries/Peripheral/ch32v10x_dbgmcu.o
LOAD ./Libraries/wch_libraries/Peripheral/ch32v10x_dma.o
LOAD ./Libraries/wch_libraries/Peripheral/ch32v10x_exti.o
LOAD ./Libraries/wch_libraries/Peripheral/ch32v10x_flash.o
LOAD ./Libraries/wch_libraries/Peripheral/ch32v10x_gpio.o
LOAD ./Libraries/wch_libraries/Peripheral/ch32v10x_i2c.o
LOAD ./Libraries/wch_libraries/Peripheral/ch32v10x_iwdg.o
LOAD ./Libraries/wch_libraries/Peripheral/ch32v10x_misc.o
LOAD ./Libraries/wch_libraries/Peripheral/ch32v10x_pwr.o
LOAD ./Libraries/wch_libraries/Peripheral/ch32v10x_rcc.o
LOAD ./Libraries/wch_libraries/Peripheral/ch32v10x_rtc.o
LOAD ./Libraries/wch_libraries/Peripheral/ch32v10x_spi.o
LOAD ./Libraries/wch_libraries/Peripheral/ch32v10x_tim.o
LOAD ./Libraries/wch_libraries/Peripheral/ch32v10x_usart.o
LOAD ./Libraries/wch_libraries/Peripheral/ch32v10x_usb.o
LOAD ./Libraries/wch_libraries/Peripheral/ch32v10x_usb_host.o
LOAD ./Libraries/wch_libraries/Peripheral/ch32v10x_wwdg.o
LOAD ./Libraries/wch_libraries/Core/core_riscv.o
LOAD ./Libraries/seekfree_peripheral/SEEKFREE_18TFT.o
LOAD ./Libraries/seekfree_peripheral/SEEKFREE_ABSOLUTE_ENCODER.o
LOAD ./Libraries/seekfree_peripheral/SEEKFREE_FONT.o
LOAD ./Libraries/seekfree_peripheral/SEEKFREE_ICM20602.o
LOAD ./Libraries/seekfree_peripheral/SEEKFREE_IIC.o
LOAD ./Libraries/seekfree_peripheral/SEEKFREE_IPS114_SPI.o
LOAD ./Libraries/seekfree_peripheral/SEEKFREE_MPU6050.o
LOAD ./Libraries/seekfree_peripheral/SEEKFREE_MT9V03X.o
LOAD ./Libraries/seekfree_peripheral/SEEKFREE_OLED.o
LOAD ./Libraries/seekfree_peripheral/SEEKFREE_PRINTF.o
LOAD ./Libraries/seekfree_peripheral/SEEKFREE_TSL1401.o
LOAD ./Libraries/seekfree_peripheral/SEEKFREE_UART_7725.o
LOAD ./Libraries/seekfree_peripheral/SEEKFREE_VIRSCO.o
LOAD ./Libraries/seekfree_peripheral/SEEKFREE_WIRELESS.o
LOAD ./Libraries/seekfree_libraries/common.o
LOAD ./Libraries/seekfree_libraries/misc.o
LOAD ./Libraries/seekfree_libraries/zf_adc.o
LOAD ./Libraries/seekfree_libraries/zf_camera.o
LOAD ./Libraries/seekfree_libraries/zf_flash.o
LOAD ./Libraries/seekfree_libraries/zf_gpio.o
LOAD ./Libraries/seekfree_libraries/zf_nvic.o
LOAD ./Libraries/seekfree_libraries/zf_pit.o
LOAD ./Libraries/seekfree_libraries/zf_pwm.o
LOAD ./Libraries/seekfree_libraries/zf_qtimer.o
LOAD ./Libraries/seekfree_libraries/zf_spi.o
LOAD ./Libraries/seekfree_libraries/zf_systick.o
LOAD ./Libraries/seekfree_libraries/zf_uart.o
LOAD ./Libraries/board/board.o
LOAD ./Libraries/board/clock_config.o
LOAD ./CODE/jf_data.o
LOAD ./CODE/multi_button.o
LOAD d:/mrs/mounriver_studio/toolchain/risc-v embedded gcc/bin/../lib/gcc/riscv-none-embed/8.2.0/../../../../riscv-none-embed/lib/rv32imac/ilp32\libm.a
LOAD d:/mrs/mounriver_studio/toolchain/risc-v embedded gcc/bin/../lib/gcc/riscv-none-embed/8.2.0/rv32imac/ilp32\libgcc.a
LOAD d:/mrs/mounriver_studio/toolchain/risc-v embedded gcc/bin/../lib/gcc/riscv-none-embed/8.2.0/../../../../riscv-none-embed/lib/rv32imac/ilp32\libg_nano.a
LOAD d:/mrs/mounriver_studio/toolchain/risc-v embedded gcc/bin/../lib/gcc/riscv-none-embed/8.2.0/../../../../riscv-none-embed/lib/rv32imac/ilp32\libc_nano.a
LOAD d:/mrs/mounriver_studio/toolchain/risc-v embedded gcc/bin/../lib/gcc/riscv-none-embed/8.2.0/rv32imac/ilp32\libgcc.a
START GROUP
LOAD d:/mrs/mounriver_studio/toolchain/risc-v embedded gcc/bin/../lib/gcc/riscv-none-embed/8.2.0/rv32imac/ilp32\libgcc.a
LOAD d:/mrs/mounriver_studio/toolchain/risc-v embedded gcc/bin/../lib/gcc/riscv-none-embed/8.2.0/../../../../riscv-none-embed/lib/rv32imac/ilp32\libc_nano.a
LOAD d:/mrs/mounriver_studio/toolchain/risc-v embedded gcc/bin/../lib/gcc/riscv-none-embed/8.2.0/../../../../riscv-none-embed/lib/rv32imac/ilp32\libnosys.a
END GROUP
START GROUP
LOAD d:/mrs/mounriver_studio/toolchain/risc-v embedded gcc/bin/../lib/gcc/riscv-none-embed/8.2.0/rv32imac/ilp32\libgcc.a
LOAD d:/mrs/mounriver_studio/toolchain/risc-v embedded gcc/bin/../lib/gcc/riscv-none-embed/8.2.0/../../../../riscv-none-embed/lib/rv32imac/ilp32\libc_nano.a
LOAD d:/mrs/mounriver_studio/toolchain/risc-v embedded gcc/bin/../lib/gcc/riscv-none-embed/8.2.0/../../../../riscv-none-embed/lib/rv32imac/ilp32\libnosys.a
END GROUP
                0x0000000000000800                __stack_size = 0x800
                [!provide]                        PROVIDE (_stack_size = __stack_size)

.init           0x0000000000000000       0x38
                0x0000000000000000                _sinit = .
                0x0000000000000000                . = ALIGN (0x4)
 *(SORT_NONE(.init))
 .init          0x0000000000000000       0x38 ./Libraries/wch_libraries/Startup/startup_ch32v10x.o
                0x0000000000000000                _start
                0x0000000000000038                . = ALIGN (0x4)
                0x0000000000000038                _einit = .

.vector         0x0000000000000038      0x108
 *(.vector)
 .vector        0x0000000000000038       0xf0 ./Libraries/wch_libraries/Startup/startup_ch32v10x.o
                0x0000000000000140                . = ALIGN (0x40)
 *fill*         0x0000000000000128       0x18 

.text           0x0000000000000140     0x5684
                0x0000000000000140                . = ALIGN (0x4)
 *(.text)
 .text          0x0000000000000140       0xa8 d:/mrs/mounriver_studio/toolchain/risc-v embedded gcc/bin/../lib/gcc/riscv-none-embed/8.2.0/../../../../riscv-none-embed/lib/rv32imac/ilp32\libg_nano.a(lib_a-memset.o)
                0x0000000000000140                memset
 *(.text.*)
 .text.EXTI0_IRQHandler
                0x00000000000001e8       0x24 ./USER/isr.o
                0x00000000000001e8                EXTI0_IRQHandler
 .text.EXTI1_IRQHandler
                0x000000000000020c       0x42 ./USER/isr.o
                0x000000000000020c                EXTI1_IRQHandler
 .text.EXTI2_IRQHandler
                0x000000000000024e       0x16 ./USER/isr.o
                0x000000000000024e                EXTI2_IRQHandler
 .text.EXTI3_IRQHandler
                0x0000000000000264       0x10 ./USER/isr.o
                0x0000000000000264                EXTI3_IRQHandler
 .text.EXTI4_IRQHandler
                0x0000000000000274       0x10 ./USER/isr.o
                0x0000000000000274                EXTI4_IRQHandler
 .text.EXTI9_5_IRQHandler
                0x0000000000000284       0x10 ./USER/isr.o
                0x0000000000000284                EXTI9_5_IRQHandler
 .text.EXTI15_10_IRQHandler
                0x0000000000000294       0x10 ./USER/isr.o
                0x0000000000000294                EXTI15_10_IRQHandler
 .text.ADC1_2_IRQHandler
                0x00000000000002a4       0x10 ./USER/isr.o
                0x00000000000002a4                ADC1_2_IRQHandler
 .text.TIM1_BRK_IRQHandler
                0x00000000000002b4       0x34 ./USER/isr.o
                0x00000000000002b4                TIM1_BRK_IRQHandler
 .text.TIM1_UP_IRQHandler
                0x00000000000002e8       0x30 ./USER/isr.o
                0x00000000000002e8                TIM1_UP_IRQHandler
 .text.TIM1_TRG_COM_IRQHandler
                0x0000000000000318       0x58 ./USER/isr.o
                0x0000000000000318                TIM1_TRG_COM_IRQHandler
 .text.TIM1_CC_IRQHandler
                0x0000000000000370       0x90 ./USER/isr.o
                0x0000000000000370                TIM1_CC_IRQHandler
 .text.TIM2_IRQHandler
                0x0000000000000400       0x28 ./USER/isr.o
                0x0000000000000400                TIM2_IRQHandler
 .text.TIM3_IRQHandler
                0x0000000000000428       0x30 ./USER/isr.o
                0x0000000000000428                TIM3_IRQHandler
 .text.USART1_IRQHandler
                0x0000000000000458       0x10 ./USER/isr.o
                0x0000000000000458                USART1_IRQHandler
 .text.USART2_IRQHandler
                0x0000000000000468       0x52 ./USER/isr.o
                0x0000000000000468                USART2_IRQHandler
 .text.USART3_IRQHandler
                0x00000000000004ba       0x10 ./USER/isr.o
                0x00000000000004ba                USART3_IRQHandler
 .text.DMA1_Channel4_IRQHandler
                0x00000000000004ca       0x42 ./USER/isr.o
                0x00000000000004ca                DMA1_Channel4_IRQHandler
 .text.NMI_Handler
                0x000000000000050c       0x10 ./USER/isr.o
                0x000000000000050c                NMI_Handler
 .text.HardFault_Handler
                0x000000000000051c        0x8 ./USER/isr.o
                0x000000000000051c                HardFault_Handler
 .text.read_c14gpio
                0x0000000000000524       0x1c ./USER/main.o
                0x0000000000000524                read_c14gpio
 .text.btn1_press_up_Handler
                0x0000000000000540       0x24 ./USER/main.o
                0x0000000000000540                btn1_press_up_Handler
 .text.get_sensor_data
                0x0000000000000564       0x3a ./USER/main.o
                0x0000000000000564                get_sensor_data
 .text.process_data
                0x000000000000059e       0xd8 ./USER/main.o
                0x000000000000059e                process_data
 .text.TIM4_IRQHandler
                0x0000000000000676       0x58 ./USER/main.o
                0x0000000000000676                TIM4_IRQHandler
 .text.whu      0x00000000000006ce      0x646 ./USER/main.o
                0x00000000000006ce                whu
 .text.main     0x0000000000000d14       0xa4 ./USER/main.o
                0x0000000000000d14                main
 .text.handle_reset
                0x0000000000000db8       0x7e ./Libraries/wch_libraries/Startup/startup_ch32v10x.o
                0x0000000000000db8                handle_reset
 .text.DMA_DeInit
                0x0000000000000e36      0x20e ./Libraries/wch_libraries/Peripheral/ch32v10x_dma.o
                0x0000000000000e36                DMA_DeInit
 .text.DMA_Init
                0x0000000000001044       0xa8 ./Libraries/wch_libraries/Peripheral/ch32v10x_dma.o
                0x0000000000001044                DMA_Init
 .text.DMA_Cmd  0x00000000000010ec       0x40 ./Libraries/wch_libraries/Peripheral/ch32v10x_dma.o
                0x00000000000010ec                DMA_Cmd
 .text.DMA_ITConfig
                0x000000000000112c       0x4a ./Libraries/wch_libraries/Peripheral/ch32v10x_dma.o
                0x000000000000112c                DMA_ITConfig
 .text.DMA_GetFlagStatus
                0x0000000000001176       0x5c ./Libraries/wch_libraries/Peripheral/ch32v10x_dma.o
                0x0000000000001176                DMA_GetFlagStatus
 .text.DMA_ClearFlag
                0x00000000000011d2       0x38 ./Libraries/wch_libraries/Peripheral/ch32v10x_dma.o
                0x00000000000011d2                DMA_ClearFlag
 .text.EXTI_Init
                0x000000000000120a      0x170 ./Libraries/wch_libraries/Peripheral/ch32v10x_exti.o
                0x000000000000120a                EXTI_Init
 .text.EXTI_GetITStatus
                0x000000000000137a       0x56 ./Libraries/wch_libraries/Peripheral/ch32v10x_exti.o
                0x000000000000137a                EXTI_GetITStatus
 .text.EXTI_ClearITPendingBit
                0x00000000000013d0       0x20 ./Libraries/wch_libraries/Peripheral/ch32v10x_exti.o
                0x00000000000013d0                EXTI_ClearITPendingBit
 .text.GPIO_Init
                0x00000000000013f0      0x22a ./Libraries/wch_libraries/Peripheral/ch32v10x_gpio.o
                0x00000000000013f0                GPIO_Init
 .text.GPIO_WriteBit
                0x000000000000161a       0x38 ./Libraries/wch_libraries/Peripheral/ch32v10x_gpio.o
                0x000000000000161a                GPIO_WriteBit
 .text.GPIO_PinRemapConfig
                0x0000000000001652      0x13c ./Libraries/wch_libraries/Peripheral/ch32v10x_gpio.o
                0x0000000000001652                GPIO_PinRemapConfig
 .text.GPIO_EXTILineConfig
                0x000000000000178e       0xa2 ./Libraries/wch_libraries/Peripheral/ch32v10x_gpio.o
                0x000000000000178e                GPIO_EXTILineConfig
 .text.NVIC_EnableIRQ
                0x0000000000001830       0x32 ./Libraries/wch_libraries/Peripheral/ch32v10x_misc.o
 .text.NVIC_DisableIRQ
                0x0000000000001862       0x32 ./Libraries/wch_libraries/Peripheral/ch32v10x_misc.o
 .text.NVIC_SetPriority
                0x0000000000001894       0x2a ./Libraries/wch_libraries/Peripheral/ch32v10x_misc.o
 .text.NVIC_Init
                0x00000000000018be       0xc4 ./Libraries/wch_libraries/Peripheral/ch32v10x_misc.o
                0x00000000000018be                NVIC_Init
 .text.RCC_GetClocksFreq
                0x0000000000001982      0x21a ./Libraries/wch_libraries/Peripheral/ch32v10x_rcc.o
                0x0000000000001982                RCC_GetClocksFreq
 .text.RCC_AHBPeriphClockCmd
                0x0000000000001b9c       0x46 ./Libraries/wch_libraries/Peripheral/ch32v10x_rcc.o
                0x0000000000001b9c                RCC_AHBPeriphClockCmd
 .text.RCC_APB2PeriphClockCmd
                0x0000000000001be2       0x46 ./Libraries/wch_libraries/Peripheral/ch32v10x_rcc.o
                0x0000000000001be2                RCC_APB2PeriphClockCmd
 .text.RCC_APB1PeriphClockCmd
                0x0000000000001c28       0x46 ./Libraries/wch_libraries/Peripheral/ch32v10x_rcc.o
                0x0000000000001c28                RCC_APB1PeriphClockCmd
 .text.TIM_TimeBaseInit
                0x0000000000001c6e       0xfa ./Libraries/wch_libraries/Peripheral/ch32v10x_tim.o
                0x0000000000001c6e                TIM_TimeBaseInit
 .text.TIM_TimeBaseStructInit
                0x0000000000001d68       0x3c ./Libraries/wch_libraries/Peripheral/ch32v10x_tim.o
                0x0000000000001d68                TIM_TimeBaseStructInit
 .text.TIM_Cmd  0x0000000000001da4       0x58 ./Libraries/wch_libraries/Peripheral/ch32v10x_tim.o
                0x0000000000001da4                TIM_Cmd
 .text.TIM_ITConfig
                0x0000000000001dfc       0x70 ./Libraries/wch_libraries/Peripheral/ch32v10x_tim.o
                0x0000000000001dfc                TIM_ITConfig
 .text.TIM_DMACmd
                0x0000000000001e6c       0x70 ./Libraries/wch_libraries/Peripheral/ch32v10x_tim.o
                0x0000000000001e6c                TIM_DMACmd
 .text.TIM_ETRClockMode1Config
                0x0000000000001edc       0x8a ./Libraries/wch_libraries/Peripheral/ch32v10x_tim.o
                0x0000000000001edc                TIM_ETRClockMode1Config
 .text.TIM_ETRConfig
                0x0000000000001f66       0x7c ./Libraries/wch_libraries/Peripheral/ch32v10x_tim.o
                0x0000000000001f66                TIM_ETRConfig
 .text.TIM_SelectInputTrigger
                0x0000000000001fe2       0x4e ./Libraries/wch_libraries/Peripheral/ch32v10x_tim.o
                0x0000000000001fe2                TIM_SelectInputTrigger
 .text.TIM_EncoderInterfaceConfig
                0x0000000000002030       0xd8 ./Libraries/wch_libraries/Peripheral/ch32v10x_tim.o
                0x0000000000002030                TIM_EncoderInterfaceConfig
 .text.TIM_SelectSlaveMode
                0x0000000000002108       0x56 ./Libraries/wch_libraries/Peripheral/ch32v10x_tim.o
                0x0000000000002108                TIM_SelectSlaveMode
 .text.TIM_SelectMasterSlaveMode
                0x000000000000215e       0x58 ./Libraries/wch_libraries/Peripheral/ch32v10x_tim.o
                0x000000000000215e                TIM_SelectMasterSlaveMode
 .text.TIM_GetITStatus
                0x00000000000021b6       0x70 ./Libraries/wch_libraries/Peripheral/ch32v10x_tim.o
                0x00000000000021b6                TIM_GetITStatus
 .text.TIM_ClearITPendingBit
                0x0000000000002226       0x2e ./Libraries/wch_libraries/Peripheral/ch32v10x_tim.o
                0x0000000000002226                TIM_ClearITPendingBit
 .text.USART_Init
                0x0000000000002254      0x234 ./Libraries/wch_libraries/Peripheral/ch32v10x_usart.o
                0x0000000000002254                USART_Init
 .text.USART_Cmd
                0x0000000000002488       0x60 ./Libraries/wch_libraries/Peripheral/ch32v10x_usart.o
                0x0000000000002488                USART_Cmd
 .text.USART_ITConfig
                0x00000000000024e8       0xc4 ./Libraries/wch_libraries/Peripheral/ch32v10x_usart.o
                0x00000000000024e8                USART_ITConfig
 .text.USART_SendData
                0x00000000000025ac       0x2e ./Libraries/wch_libraries/Peripheral/ch32v10x_usart.o
                0x00000000000025ac                USART_SendData
 .text.USART_GetFlagStatus
                0x00000000000025da       0x46 ./Libraries/wch_libraries/Peripheral/ch32v10x_usart.o
                0x00000000000025da                USART_GetFlagStatus
 .text.USART_GetITStatus
                0x0000000000002620      0x102 ./Libraries/wch_libraries/Peripheral/ch32v10x_usart.o
                0x0000000000002620                USART_GetITStatus
 .text.USART_ClearITPendingBit
                0x0000000000002722       0x4e ./Libraries/wch_libraries/Peripheral/ch32v10x_usart.o
                0x0000000000002722                USART_ClearITPendingBit
 .text.mt9v03x_uart_callback
                0x0000000000002770       0x70 ./Libraries/seekfree_peripheral/SEEKFREE_MT9V03X.o
                0x0000000000002770                mt9v03x_uart_callback
 .text.set_config
                0x00000000000027e0       0xf0 ./Libraries/seekfree_peripheral/SEEKFREE_MT9V03X.o
                0x00000000000027e0                set_config
 .text.get_config
                0x00000000000028d0       0xc8 ./Libraries/seekfree_peripheral/SEEKFREE_MT9V03X.o
                0x00000000000028d0                get_config
 .text.mt9v03x_vsync_init
                0x0000000000002998       0x2a ./Libraries/seekfree_peripheral/SEEKFREE_MT9V03X.o
                0x0000000000002998                mt9v03x_vsync_init
 .text.mt9v03x_tim1_etr_init
                0x00000000000029c2       0x18 ./Libraries/seekfree_peripheral/SEEKFREE_MT9V03X.o
                0x00000000000029c2                mt9v03x_tim1_etr_init
 .text.mt9v03x_dma_init
                0x00000000000029da       0x72 ./Libraries/seekfree_peripheral/SEEKFREE_MT9V03X.o
                0x00000000000029da                mt9v03x_dma_init
 .text.mt9v03x_init
                0x0000000000002a4c       0x7c ./Libraries/seekfree_peripheral/SEEKFREE_MT9V03X.o
                0x0000000000002a4c                mt9v03x_init
 .text.mt9v03x_vsync
                0x0000000000002ac8       0x36 ./Libraries/seekfree_peripheral/SEEKFREE_MT9V03X.o
                0x0000000000002ac8                mt9v03x_vsync
 .text.mt9v03x_dma
                0x0000000000002afe       0x2e ./Libraries/seekfree_peripheral/SEEKFREE_MT9V03X.o
                0x0000000000002afe                mt9v03x_dma
 .text.ov7725_cof_uart_interrupt
                0x0000000000002b2c       0x70 ./Libraries/seekfree_peripheral/SEEKFREE_UART_7725.o
                0x0000000000002b2c                ov7725_cof_uart_interrupt
 .text.ov7725_uart_vsync
                0x0000000000002b9c       0x36 ./Libraries/seekfree_peripheral/SEEKFREE_UART_7725.o
                0x0000000000002b9c                ov7725_uart_vsync
 .text.ov7725_uart_dma
                0x0000000000002bd2       0x2e ./Libraries/seekfree_peripheral/SEEKFREE_UART_7725.o
                0x0000000000002bd2                ov7725_uart_dma
 .text.camera_dma_init
                0x0000000000002c00      0x15a ./Libraries/seekfree_libraries/zf_camera.o
                0x0000000000002c00                camera_dma_init
 .text.camera_tim_etr_init
                0x0000000000002d5a      0x14a ./Libraries/seekfree_libraries/zf_camera.o
                0x0000000000002d5a                camera_tim_etr_init
 .text.gpio_init
                0x0000000000002ea4      0x1a4 ./Libraries/seekfree_libraries/zf_gpio.o
                0x0000000000002ea4                gpio_init
 .text.gpio_set
                0x0000000000003048       0x7e ./Libraries/seekfree_libraries/zf_gpio.o
                0x0000000000003048                gpio_set
 .text.gpio_get
                0x00000000000030c6       0x56 ./Libraries/seekfree_libraries/zf_gpio.o
                0x00000000000030c6                gpio_get
 .text.gpio_interrupt_init
                0x000000000000311c       0x80 ./Libraries/seekfree_libraries/zf_gpio.o
                0x000000000000311c                gpio_interrupt_init
 .text.nvic_init
                0x000000000000319c       0xac ./Libraries/seekfree_libraries/zf_nvic.o
                0x000000000000319c                nvic_init
 .text.close_all_irq
                0x0000000000003248       0x22 ./Libraries/seekfree_libraries/zf_nvic.o
                0x0000000000003248                close_all_irq
 .text.sys_recover_irq
                0x000000000000326a       0x30 ./Libraries/seekfree_libraries/zf_nvic.o
                0x000000000000326a                sys_recover_irq
 .text.DisableGlobalIRQ
                0x000000000000329a       0x48 ./Libraries/seekfree_libraries/zf_nvic.o
                0x000000000000329a                DisableGlobalIRQ
 .text.EnableGlobalIRQ
                0x00000000000032e2       0x2c ./Libraries/seekfree_libraries/zf_nvic.o
                0x00000000000032e2                EnableGlobalIRQ
 .text.timer_pit_interrupt_ms
                0x000000000000330e      0x18a ./Libraries/seekfree_libraries/zf_pit.o
                0x000000000000330e                timer_pit_interrupt_ms
 .text.timer_gpio_quad_init
                0x0000000000003498      0x170 ./Libraries/seekfree_libraries/zf_qtimer.o
                0x0000000000003498                timer_gpio_quad_init
 .text.timer_quad_init
                0x0000000000003608      0x15c ./Libraries/seekfree_libraries/zf_qtimer.o
                0x0000000000003608                timer_quad_init
 .text.timer_quad_get
                0x0000000000003764       0x32 ./Libraries/seekfree_libraries/zf_qtimer.o
                0x0000000000003764                timer_quad_get
 .text.timer_quad_clear
                0x0000000000003796       0x26 ./Libraries/seekfree_libraries/zf_qtimer.o
                0x0000000000003796                timer_quad_clear
 .text.systick_delay
                0x00000000000037bc       0x94 ./Libraries/seekfree_libraries/zf_systick.o
                0x00000000000037bc                systick_delay
 .text.uart_gpio_init
                0x0000000000003850       0xec ./Libraries/seekfree_libraries/zf_uart.o
                0x0000000000003850                uart_gpio_init
 .text.uart_init
                0x000000000000393c      0x104 ./Libraries/seekfree_libraries/zf_uart.o
                0x000000000000393c                uart_init
 .text.uart_putchar
                0x0000000000003a40       0x56 ./Libraries/seekfree_libraries/zf_uart.o
                0x0000000000003a40                uart_putchar
 .text.uart_putbuff
                0x0000000000003a96       0x46 ./Libraries/seekfree_libraries/zf_uart.o
                0x0000000000003a96                uart_putbuff
 .text.uart_rx_irq
                0x0000000000003adc       0x50 ./Libraries/seekfree_libraries/zf_uart.o
                0x0000000000003adc                uart_rx_irq
 .text.board_init
                0x0000000000003b2c       0x4c ./Libraries/board/board.o
                0x0000000000003b2c                board_init
 .text._write   0x0000000000003b78       0x7c ./Libraries/board/board.o
                0x0000000000003b78                _write
 .text.SetSysClock
                0x0000000000003bf4      0x140 ./Libraries/board/clock_config.o
 .text.SystemInit
                0x0000000000003d34       0x7e ./Libraries/board/clock_config.o
                0x0000000000003d34                SystemInit
 .text.button_init
                0x0000000000003db2       0xa0 ./CODE/multi_button.o
                0x0000000000003db2                button_init
 .text.button_attach
                0x0000000000003e52       0x2c ./CODE/multi_button.o
                0x0000000000003e52                button_attach
 .text.button_handler
                0x0000000000003e7e      0x4b4 ./CODE/multi_button.o
                0x0000000000003e7e                button_handler
 .text.button_start
                0x0000000000004332       0x50 ./CODE/multi_button.o
                0x0000000000004332                button_start
 .text.button_ticks
                0x0000000000004382       0x34 ./CODE/multi_button.o
                0x0000000000004382                button_ticks
 .text.__assert_func
                0x00000000000043b6       0x3a d:/mrs/mounriver_studio/toolchain/risc-v embedded gcc/bin/../lib/gcc/riscv-none-embed/8.2.0/../../../../riscv-none-embed/lib/rv32imac/ilp32\libg_nano.a(lib_a-assert.o)
                0x00000000000043b6                __assert_func
 .text.fprintf  0x00000000000043f0       0x26 d:/mrs/mounriver_studio/toolchain/risc-v embedded gcc/bin/../lib/gcc/riscv-none-embed/8.2.0/../../../../riscv-none-embed/lib/rv32imac/ilp32\libg_nano.a(lib_a-fprintf.o)
                0x00000000000043f0                fiprintf
                0x00000000000043f0                fprintf
 .text.__sfputc_r
                0x0000000000004416       0x28 d:/mrs/mounriver_studio/toolchain/risc-v embedded gcc/bin/../lib/gcc/riscv-none-embed/8.2.0/../../../../riscv-none-embed/lib/rv32imac/ilp32\libg_nano.a(lib_a-nano-vfprintf.o)
 .text.__sfputs_r
                0x000000000000443e       0x42 d:/mrs/mounriver_studio/toolchain/risc-v embedded gcc/bin/../lib/gcc/riscv-none-embed/8.2.0/../../../../riscv-none-embed/lib/rv32imac/ilp32\libg_nano.a(lib_a-nano-vfprintf.o)
                0x000000000000443e                __sfputs_r
 .text._vfprintf_r
                0x0000000000004480      0x29e d:/mrs/mounriver_studio/toolchain/risc-v embedded gcc/bin/../lib/gcc/riscv-none-embed/8.2.0/../../../../riscv-none-embed/lib/rv32imac/ilp32\libg_nano.a(lib_a-nano-vfprintf.o)
                0x0000000000004480                _vfprintf_r
                0x0000000000004480                _vfiprintf_r
 .text._printf_common
                0x000000000000471e      0x10c d:/mrs/mounriver_studio/toolchain/risc-v embedded gcc/bin/../lib/gcc/riscv-none-embed/8.2.0/../../../../riscv-none-embed/lib/rv32imac/ilp32\libg_nano.a(lib_a-nano-vfprintf_i.o)
                0x000000000000471e                _printf_common
 .text._printf_i
                0x000000000000482a      0x2a4 d:/mrs/mounriver_studio/toolchain/risc-v embedded gcc/bin/../lib/gcc/riscv-none-embed/8.2.0/../../../../riscv-none-embed/lib/rv32imac/ilp32\libg_nano.a(lib_a-nano-vfprintf_i.o)
                0x000000000000482a                _printf_i
 .text.__swbuf_r
                0x0000000000004ace       0xc0 d:/mrs/mounriver_studio/toolchain/risc-v embedded gcc/bin/../lib/gcc/riscv-none-embed/8.2.0/../../../../riscv-none-embed/lib/rv32imac/ilp32\libg_nano.a(lib_a-wbuf.o)
                0x0000000000004ace                __swbuf_r
 .text.__swsetup_r
                0x0000000000004b8e      0x10c d:/mrs/mounriver_studio/toolchain/risc-v embedded gcc/bin/../lib/gcc/riscv-none-embed/8.2.0/../../../../riscv-none-embed/lib/rv32imac/ilp32\libg_nano.a(lib_a-wsetup.o)
                0x0000000000004b8e                __swsetup_r
 .text.abort    0x0000000000004c9a        0xe d:/mrs/mounriver_studio/toolchain/risc-v embedded gcc/bin/../lib/gcc/riscv-none-embed/8.2.0/../../../../riscv-none-embed/lib/rv32imac/ilp32\libg_nano.a(lib_a-abort.o)
                0x0000000000004c9a                abort
 .text.__sflush_r
                0x0000000000004ca8      0x13c d:/mrs/mounriver_studio/toolchain/risc-v embedded gcc/bin/../lib/gcc/riscv-none-embed/8.2.0/../../../../riscv-none-embed/lib/rv32imac/ilp32\libg_nano.a(lib_a-fflush.o)
                0x0000000000004ca8                __sflush_r
 .text._fflush_r
                0x0000000000004de4       0x66 d:/mrs/mounriver_studio/toolchain/risc-v embedded gcc/bin/../lib/gcc/riscv-none-embed/8.2.0/../../../../riscv-none-embed/lib/rv32imac/ilp32\libg_nano.a(lib_a-fflush.o)
                0x0000000000004de4                _fflush_r
 .text.std      0x0000000000004e4a       0x6a d:/mrs/mounriver_studio/toolchain/risc-v embedded gcc/bin/../lib/gcc/riscv-none-embed/8.2.0/../../../../riscv-none-embed/lib/rv32imac/ilp32\libg_nano.a(lib_a-findfp.o)
 .text._cleanup_r
                0x0000000000004eb4        0xa d:/mrs/mounriver_studio/toolchain/risc-v embedded gcc/bin/../lib/gcc/riscv-none-embed/8.2.0/../../../../riscv-none-embed/lib/rv32imac/ilp32\libg_nano.a(lib_a-findfp.o)
                0x0000000000004eb4                _cleanup_r
 .text.__sfmoreglue
                0x0000000000004ebe       0x46 d:/mrs/mounriver_studio/toolchain/risc-v embedded gcc/bin/../lib/gcc/riscv-none-embed/8.2.0/../../../../riscv-none-embed/lib/rv32imac/ilp32\libg_nano.a(lib_a-findfp.o)
                0x0000000000004ebe                __sfmoreglue
 .text.__sinit  0x0000000000004f04       0x6c d:/mrs/mounriver_studio/toolchain/risc-v embedded gcc/bin/../lib/gcc/riscv-none-embed/8.2.0/../../../../riscv-none-embed/lib/rv32imac/ilp32\libg_nano.a(lib_a-findfp.o)
                0x0000000000004f04                __sinit
 .text.__sfp    0x0000000000004f70       0x9e d:/mrs/mounriver_studio/toolchain/risc-v embedded gcc/bin/../lib/gcc/riscv-none-embed/8.2.0/../../../../riscv-none-embed/lib/rv32imac/ilp32\libg_nano.a(lib_a-findfp.o)
                0x0000000000004f70                __sfp
 .text._fwalk_reent
                0x000000000000500e       0x6c d:/mrs/mounriver_studio/toolchain/risc-v embedded gcc/bin/../lib/gcc/riscv-none-embed/8.2.0/../../../../riscv-none-embed/lib/rv32imac/ilp32\libg_nano.a(lib_a-fwalk.o)
                0x000000000000500e                _fwalk_reent
 .text.__swhatbuf_r
                0x000000000000507a       0x58 d:/mrs/mounriver_studio/toolchain/risc-v embedded gcc/bin/../lib/gcc/riscv-none-embed/8.2.0/../../../../riscv-none-embed/lib/rv32imac/ilp32\libg_nano.a(lib_a-makebuf.o)
                0x000000000000507a                __swhatbuf_r
 .text.__smakebuf_r
                0x00000000000050d2       0x9e d:/mrs/mounriver_studio/toolchain/risc-v embedded gcc/bin/../lib/gcc/riscv-none-embed/8.2.0/../../../../riscv-none-embed/lib/rv32imac/ilp32\libg_nano.a(lib_a-makebuf.o)
                0x00000000000050d2                __smakebuf_r
 .text.memchr   0x0000000000005170       0x1a d:/mrs/mounriver_studio/toolchain/risc-v embedded gcc/bin/../lib/gcc/riscv-none-embed/8.2.0/../../../../riscv-none-embed/lib/rv32imac/ilp32\libg_nano.a(lib_a-memchr.o)
                0x0000000000005170                memchr
 .text._free_r  0x000000000000518a       0xa4 d:/mrs/mounriver_studio/toolchain/risc-v embedded gcc/bin/../lib/gcc/riscv-none-embed/8.2.0/../../../../riscv-none-embed/lib/rv32imac/ilp32\libg_nano.a(lib_a-nano-freer.o)
                0x000000000000518a                _free_r
 .text._malloc_r
                0x000000000000522e       0xce d:/mrs/mounriver_studio/toolchain/risc-v embedded gcc/bin/../lib/gcc/riscv-none-embed/8.2.0/../../../../riscv-none-embed/lib/rv32imac/ilp32\libg_nano.a(lib_a-nano-mallocr.o)
                0x000000000000522e                _malloc_r
 .text._sbrk_r  0x00000000000052fc       0x30 d:/mrs/mounriver_studio/toolchain/risc-v embedded gcc/bin/../lib/gcc/riscv-none-embed/8.2.0/../../../../riscv-none-embed/lib/rv32imac/ilp32\libg_nano.a(lib_a-sbrkr.o)
                0x00000000000052fc                _sbrk_r
 .text._raise_r
                0x000000000000532c       0x62 d:/mrs/mounriver_studio/toolchain/risc-v embedded gcc/bin/../lib/gcc/riscv-none-embed/8.2.0/../../../../riscv-none-embed/lib/rv32imac/ilp32\libg_nano.a(lib_a-signal.o)
                0x000000000000532c                _raise_r
 .text.raise    0x000000000000538e        0xc d:/mrs/mounriver_studio/toolchain/risc-v embedded gcc/bin/../lib/gcc/riscv-none-embed/8.2.0/../../../../riscv-none-embed/lib/rv32imac/ilp32\libg_nano.a(lib_a-signal.o)
                0x000000000000538e                raise
 .text._kill_r  0x000000000000539a       0x32 d:/mrs/mounriver_studio/toolchain/risc-v embedded gcc/bin/../lib/gcc/riscv-none-embed/8.2.0/../../../../riscv-none-embed/lib/rv32imac/ilp32\libg_nano.a(lib_a-signalr.o)
                0x000000000000539a                _kill_r
 .text._getpid_r
                0x00000000000053cc        0x2 d:/mrs/mounriver_studio/toolchain/risc-v embedded gcc/bin/../lib/gcc/riscv-none-embed/8.2.0/../../../../riscv-none-embed/lib/rv32imac/ilp32\libg_nano.a(lib_a-signalr.o)
                0x00000000000053cc                _getpid_r
 .text.__sread  0x00000000000053ce       0x30 d:/mrs/mounriver_studio/toolchain/risc-v embedded gcc/bin/../lib/gcc/riscv-none-embed/8.2.0/../../../../riscv-none-embed/lib/rv32imac/ilp32\libg_nano.a(lib_a-stdio.o)
                0x00000000000053ce                __sread
 .text.__swrite
                0x00000000000053fe       0x4e d:/mrs/mounriver_studio/toolchain/risc-v embedded gcc/bin/../lib/gcc/riscv-none-embed/8.2.0/../../../../riscv-none-embed/lib/rv32imac/ilp32\libg_nano.a(lib_a-stdio.o)
                0x00000000000053fe                __swrite
 .text.__sseek  0x000000000000544c       0x36 d:/mrs/mounriver_studio/toolchain/risc-v embedded gcc/bin/../lib/gcc/riscv-none-embed/8.2.0/../../../../riscv-none-embed/lib/rv32imac/ilp32\libg_nano.a(lib_a-stdio.o)
                0x000000000000544c                __sseek
 .text.__sclose
                0x0000000000005482        0x6 d:/mrs/mounriver_studio/toolchain/risc-v embedded gcc/bin/../lib/gcc/riscv-none-embed/8.2.0/../../../../riscv-none-embed/lib/rv32imac/ilp32\libg_nano.a(lib_a-stdio.o)
                0x0000000000005482                __sclose
 .text._write_r
                0x0000000000005488       0x36 d:/mrs/mounriver_studio/toolchain/risc-v embedded gcc/bin/../lib/gcc/riscv-none-embed/8.2.0/../../../../riscv-none-embed/lib/rv32imac/ilp32\libg_nano.a(lib_a-writer.o)
                0x0000000000005488                _write_r
 .text._close_r
                0x00000000000054be       0x30 d:/mrs/mounriver_studio/toolchain/risc-v embedded gcc/bin/../lib/gcc/riscv-none-embed/8.2.0/../../../../riscv-none-embed/lib/rv32imac/ilp32\libg_nano.a(lib_a-closer.o)
                0x00000000000054be                _close_r
 .text._fstat_r
                0x00000000000054ee       0x32 d:/mrs/mounriver_studio/toolchain/risc-v embedded gcc/bin/../lib/gcc/riscv-none-embed/8.2.0/../../../../riscv-none-embed/lib/rv32imac/ilp32\libg_nano.a(lib_a-fstatr.o)
                0x00000000000054ee                _fstat_r
 .text._isatty_r
                0x0000000000005520       0x30 d:/mrs/mounriver_studio/toolchain/risc-v embedded gcc/bin/../lib/gcc/riscv-none-embed/8.2.0/../../../../riscv-none-embed/lib/rv32imac/ilp32\libg_nano.a(lib_a-isattyr.o)
                0x0000000000005520                _isatty_r
 .text._lseek_r
                0x0000000000005550       0x34 d:/mrs/mounriver_studio/toolchain/risc-v embedded gcc/bin/../lib/gcc/riscv-none-embed/8.2.0/../../../../riscv-none-embed/lib/rv32imac/ilp32\libg_nano.a(lib_a-lseekr.o)
                0x0000000000005550                _lseek_r
 .text.__malloc_lock
                0x0000000000005584        0x2 d:/mrs/mounriver_studio/toolchain/risc-v embedded gcc/bin/../lib/gcc/riscv-none-embed/8.2.0/../../../../riscv-none-embed/lib/rv32imac/ilp32\libg_nano.a(lib_a-mlock.o)
                0x0000000000005584                __malloc_lock
 .text.__malloc_unlock
                0x0000000000005586        0x2 d:/mrs/mounriver_studio/toolchain/risc-v embedded gcc/bin/../lib/gcc/riscv-none-embed/8.2.0/../../../../riscv-none-embed/lib/rv32imac/ilp32\libg_nano.a(lib_a-mlock.o)
                0x0000000000005586                __malloc_unlock
 .text._read_r  0x0000000000005588       0x34 d:/mrs/mounriver_studio/toolchain/risc-v embedded gcc/bin/../lib/gcc/riscv-none-embed/8.2.0/../../../../riscv-none-embed/lib/rv32imac/ilp32\libg_nano.a(lib_a-readr.o)
                0x0000000000005588                _read_r
 .text._close   0x00000000000055bc       0x10 d:/mrs/mounriver_studio/toolchain/risc-v embedded gcc/bin/../lib/gcc/riscv-none-embed/8.2.0/../../../../riscv-none-embed/lib/rv32imac/ilp32\libnosys.a(close.o)
                0x00000000000055bc                _close
 .text._fstat   0x00000000000055cc       0x10 d:/mrs/mounriver_studio/toolchain/risc-v embedded gcc/bin/../lib/gcc/riscv-none-embed/8.2.0/../../../../riscv-none-embed/lib/rv32imac/ilp32\libnosys.a(fstat.o)
                0x00000000000055cc                _fstat
 .text._getpid  0x00000000000055dc       0x10 d:/mrs/mounriver_studio/toolchain/risc-v embedded gcc/bin/../lib/gcc/riscv-none-embed/8.2.0/../../../../riscv-none-embed/lib/rv32imac/ilp32\libnosys.a(getpid.o)
                0x00000000000055dc                _getpid
 .text._isatty  0x00000000000055ec       0x10 d:/mrs/mounriver_studio/toolchain/risc-v embedded gcc/bin/../lib/gcc/riscv-none-embed/8.2.0/../../../../riscv-none-embed/lib/rv32imac/ilp32\libnosys.a(isatty.o)
                0x00000000000055ec                _isatty
 .text._kill    0x00000000000055fc       0x10 d:/mrs/mounriver_studio/toolchain/risc-v embedded gcc/bin/../lib/gcc/riscv-none-embed/8.2.0/../../../../riscv-none-embed/lib/rv32imac/ilp32\libnosys.a(kill.o)
                0x00000000000055fc                _kill
 .text._lseek   0x000000000000560c       0x10 d:/mrs/mounriver_studio/toolchain/risc-v embedded gcc/bin/../lib/gcc/riscv-none-embed/8.2.0/../../../../riscv-none-embed/lib/rv32imac/ilp32\libnosys.a(lseek.o)
                0x000000000000560c                _lseek
 .text._read    0x000000000000561c       0x10 d:/mrs/mounriver_studio/toolchain/risc-v embedded gcc/bin/../lib/gcc/riscv-none-embed/8.2.0/../../../../riscv-none-embed/lib/rv32imac/ilp32\libnosys.a(read.o)
                0x000000000000561c                _read
 .text._sbrk    0x000000000000562c       0x24 d:/mrs/mounriver_studio/toolchain/risc-v embedded gcc/bin/../lib/gcc/riscv-none-embed/8.2.0/../../../../riscv-none-embed/lib/rv32imac/ilp32\libnosys.a(sbrk.o)
                0x000000000000562c                _sbrk
 .text._exit    0x0000000000005650        0x2 d:/mrs/mounriver_studio/toolchain/risc-v embedded gcc/bin/../lib/gcc/riscv-none-embed/8.2.0/../../../../riscv-none-embed/lib/rv32imac/ilp32\libnosys.a(_exit.o)
                0x0000000000005650                _exit
 *(.rodata)
 *fill*         0x0000000000005652        0x2 
 .rodata        0x0000000000005654       0x33 ./Libraries/seekfree_libraries/zf_pit.o
 *(.rodata*)
 *fill*         0x0000000000005687        0x1 
 .rodata.GPION  0x0000000000005688       0x10 ./Libraries/seekfree_libraries/zf_gpio.o
                0x0000000000005688                GPION
 .rodata.__func__.3548
                0x0000000000005698       0x17 ./Libraries/seekfree_libraries/zf_pit.o
 *fill*         0x00000000000056af        0x1 
 .rodata.TIMERN
                0x00000000000056b0       0x10 ./Libraries/seekfree_libraries/zf_qtimer.o
                0x00000000000056b0                TIMERN
 .rodata.UARTN  0x00000000000056c0       0x10 ./Libraries/seekfree_libraries/zf_uart.o
                0x00000000000056c0                UARTN
 .rodata.button_handler
                0x00000000000056d0       0x18 ./CODE/multi_button.o
 .rodata.__assert_func.str1.4
                0x00000000000056e8       0x3f d:/mrs/mounriver_studio/toolchain/risc-v embedded gcc/bin/../lib/gcc/riscv-none-embed/8.2.0/../../../../riscv-none-embed/lib/rv32imac/ilp32\libg_nano.a(lib_a-assert.o)
                                         0x43 (size before relaxing)
 *fill*         0x0000000000005727        0x1 
 .rodata._vfprintf_r.str1.4
                0x0000000000005728       0x13 d:/mrs/mounriver_studio/toolchain/risc-v embedded gcc/bin/../lib/gcc/riscv-none-embed/8.2.0/../../../../riscv-none-embed/lib/rv32imac/ilp32\libg_nano.a(lib_a-nano-vfprintf.o)
 *fill*         0x000000000000573b        0x1 
 .rodata._printf_i.str1.4
                0x000000000000573c       0x28 d:/mrs/mounriver_studio/toolchain/risc-v embedded gcc/bin/../lib/gcc/riscv-none-embed/8.2.0/../../../../riscv-none-embed/lib/rv32imac/ilp32\libg_nano.a(lib_a-nano-vfprintf_i.o)
                                         0x25 (size before relaxing)
 .rodata.__sf_fake_stderr
                0x0000000000005764       0x20 d:/mrs/mounriver_studio/toolchain/risc-v embedded gcc/bin/../lib/gcc/riscv-none-embed/8.2.0/../../../../riscv-none-embed/lib/rv32imac/ilp32\libg_nano.a(lib_a-findfp.o)
                0x0000000000005764                __sf_fake_stderr
 .rodata.__sf_fake_stdin
                0x0000000000005784       0x20 d:/mrs/mounriver_studio/toolchain/risc-v embedded gcc/bin/../lib/gcc/riscv-none-embed/8.2.0/../../../../riscv-none-embed/lib/rv32imac/ilp32\libg_nano.a(lib_a-findfp.o)
                0x0000000000005784                __sf_fake_stdin
 .rodata.__sf_fake_stdout
                0x00000000000057a4       0x20 d:/mrs/mounriver_studio/toolchain/risc-v embedded gcc/bin/../lib/gcc/riscv-none-embed/8.2.0/../../../../riscv-none-embed/lib/rv32imac/ilp32\libg_nano.a(lib_a-findfp.o)
                0x00000000000057a4                __sf_fake_stdout
 *(.glue_7)
 *(.glue_7t)
 *(.gnu.linkonce.t.*)
                0x00000000000057c4                . = ALIGN (0x4)

.rela.dyn       0x00000000000057c4        0x0
 .rela.init     0x00000000000057c4        0x0 ./USER/isr.o
 .rela.vector   0x00000000000057c4        0x0 ./USER/isr.o
 .rela.text.handle_reset
                0x00000000000057c4        0x0 ./USER/isr.o
 .rela.text._vfprintf_r
                0x00000000000057c4        0x0 ./USER/isr.o
 .rela.text._sbrk_r
                0x00000000000057c4        0x0 ./USER/isr.o
 .rela.text._kill_r
                0x00000000000057c4        0x0 ./USER/isr.o
 .rela.text._write_r
                0x00000000000057c4        0x0 ./USER/isr.o
 .rela.text._close_r
                0x00000000000057c4        0x0 ./USER/isr.o
 .rela.text._fstat_r
                0x00000000000057c4        0x0 ./USER/isr.o
 .rela.text._isatty_r
                0x00000000000057c4        0x0 ./USER/isr.o
 .rela.text._lseek_r
                0x00000000000057c4        0x0 ./USER/isr.o
 .rela.text._read_r
                0x00000000000057c4        0x0 ./USER/isr.o
 .rela.text._close
                0x00000000000057c4        0x0 ./USER/isr.o
 .rela.text._fstat
                0x00000000000057c4        0x0 ./USER/isr.o
 .rela.text._getpid
                0x00000000000057c4        0x0 ./USER/isr.o
 .rela.text._isatty
                0x00000000000057c4        0x0 ./USER/isr.o
 .rela.text._kill
                0x00000000000057c4        0x0 ./USER/isr.o
 .rela.text._lseek
                0x00000000000057c4        0x0 ./USER/isr.o
 .rela.text._read
                0x00000000000057c4        0x0 ./USER/isr.o
 .rela.text._sbrk
                0x00000000000057c4        0x0 ./USER/isr.o

.fini           0x00000000000057c4        0x0
 *(SORT_NONE(.fini))
                0x00000000000057c4                . = ALIGN (0x4)
                [!provide]                        PROVIDE (_etext = .)
                [!provide]                        PROVIDE (_eitcm = .)

.preinit_array  0x00000000000057c4        0x0
                [!provide]                        PROVIDE (__preinit_array_start = .)
 *(.preinit_array)
                [!provide]                        PROVIDE (__preinit_array_end = .)

.init_array     0x00000000000057c4        0x0
                [!provide]                        PROVIDE (__init_array_start = .)
 *(SORT_BY_INIT_PRIORITY(.init_array.*) SORT_BY_INIT_PRIORITY(.ctors.*))
 *(.init_array EXCLUDE_FILE(*crtend?.o *crtend.o *crtbegin?.o *crtbegin.o) .ctors)
                [!provide]                        PROVIDE (__init_array_end = .)

.fini_array     0x00000000000057c4        0x0
                [!provide]                        PROVIDE (__fini_array_start = .)
 *(SORT_BY_INIT_PRIORITY(.fini_array.*) SORT_BY_INIT_PRIORITY(.dtors.*))
 *(.fini_array EXCLUDE_FILE(*crtend?.o *crtend.o *crtbegin?.o *crtbegin.o) .dtors)
                [!provide]                        PROVIDE (__fini_array_end = .)

.ctors
 *crtbegin.o(.ctors)
 *crtbegin?.o(.ctors)
 *(EXCLUDE_FILE(*crtend?.o *crtend.o) .ctors)
 *(SORT_BY_NAME(.ctors.*))
 *(.ctors)

.dtors
 *crtbegin.o(.dtors)
 *crtbegin?.o(.dtors)
 *(EXCLUDE_FILE(*crtend?.o *crtend.o) .dtors)
 *(SORT_BY_NAME(.dtors.*))
 *(.dtors)

.dalign         0x0000000020000000        0x0 load address 0x00000000000057c4
                0x0000000020000000                . = ALIGN (0x4)
                0x0000000020000000                PROVIDE (_data_vma = .)

.dlalign        0x00000000000057c4        0x0
                0x00000000000057c4                . = ALIGN (0x4)
                0x00000000000057c4                PROVIDE (_data_lma = .)

.data           0x0000000020000000       0xd0 load address 0x00000000000057c4
 *(.gnu.linkonce.r.*)
 *(.data .data.*)
 .data.APBAHBPrescTable
                0x0000000020000000       0x10 ./Libraries/wch_libraries/Peripheral/ch32v10x_rcc.o
 .data.MT9V03X_CFG
                0x0000000020000010       0x24 ./Libraries/seekfree_peripheral/SEEKFREE_MT9V03X.o
                0x0000000020000010                MT9V03X_CFG
 .data.GET_CFG  0x0000000020000034       0x20 ./Libraries/seekfree_peripheral/SEEKFREE_MT9V03X.o
                0x0000000020000034                GET_CFG
 .data.impure_data
                0x0000000020000054       0x60 d:/mrs/mounriver_studio/toolchain/risc-v embedded gcc/bin/../lib/gcc/riscv-none-embed/8.2.0/../../../../riscv-none-embed/lib/rv32imac/ilp32\libg_nano.a(lib_a-impure.o)
 *(.gnu.linkonce.d.*)
                0x00000000200000b8                . = ALIGN (0x8)
 *fill*         0x00000000200000b4        0x4 
                0x00000000200008b8                PROVIDE (__global_pointer$ = (. + 0x800))
 *(.sdata .sdata.*)
 .sdata.tag8    0x00000000200000b8        0x1 ./USER/main.o
                0x00000000200000b8                tag8
 *fill*         0x00000000200000b9        0x3 
 .sdata.ADCPrescTable
                0x00000000200000bc        0x4 ./Libraries/wch_libraries/Peripheral/ch32v10x_rcc.o
 .sdata.camera_type
                0x00000000200000c0        0x4 ./Libraries/seekfree_libraries/common.o
                0x00000000200000c0                camera_type
 .sdata._impure_ptr
                0x00000000200000c4        0x4 d:/mrs/mounriver_studio/toolchain/risc-v embedded gcc/bin/../lib/gcc/riscv-none-embed/8.2.0/../../../../riscv-none-embed/lib/rv32imac/ilp32\libg_nano.a(lib_a-impure.o)
                0x00000000200000c4                _impure_ptr
 *(.sdata2.*)
 .sdata2._global_impure_ptr
                0x00000000200000c8        0x4 d:/mrs/mounriver_studio/toolchain/risc-v embedded gcc/bin/../lib/gcc/riscv-none-embed/8.2.0/../../../../riscv-none-embed/lib/rv32imac/ilp32\libg_nano.a(lib_a-impure.o)
                0x00000000200000c8                _global_impure_ptr
 *(.gnu.linkonce.s.*)
                0x00000000200000d0                . = ALIGN (0x8)
 *fill*         0x00000000200000cc        0x4 
 *(.srodata.cst16)
 *(.srodata.cst8)
 *(.srodata.cst4)
 *(.srodata.cst2)
 *(.srodata .srodata.*)
                0x00000000200000d0                . = ALIGN (0x4)
                0x00000000200000d0                PROVIDE (_edata = .)

.bss            0x00000000200000d0     0x25d4 load address 0x0000000000005894
                0x00000000200000d0                . = ALIGN (0x4)
                0x00000000200000d0                PROVIDE (_sbss = .)
 *(.sbss*)
 .sbss.BEN_FLAG
                0x00000000200000d0        0x1 ./USER/main.o
                0x00000000200000d0                BEN_FLAG
 .sbss.STA_FLAG
                0x00000000200000d1        0x1 ./USER/main.o
                0x00000000200000d1                STA_FLAG
 .sbss.slave_encoder_RB
                0x00000000200000d2        0x2 ./USER/main.o
                0x00000000200000d2                slave_encoder_RB
 .sbss.slave_encoder_LB
                0x00000000200000d4        0x2 ./USER/main.o
                0x00000000200000d4                slave_encoder_LB
 .sbss.tag5     0x00000000200000d6        0x1 ./USER/main.o
                0x00000000200000d6                tag5
 .sbss.tag6     0x00000000200000d7        0x1 ./USER/main.o
                0x00000000200000d7                tag6
 .sbss.tag7     0x00000000200000d8        0x1 ./USER/main.o
                0x00000000200000d8                tag7
 .sbss.tag9     0x00000000200000d9        0x1 ./USER/main.o
                0x00000000200000d9                tag9
 .sbss.i        0x00000000200000da        0x2 ./USER/main.o
                0x00000000200000da                i
 .sbss.w        0x00000000200000dc        0x2 ./USER/main.o
                0x00000000200000dc                w
 .sbss.buflag   0x00000000200000de        0x1 ./USER/main.o
                0x00000000200000de                buflag
 *fill*         0x00000000200000df        0x1 
 .sbss.receive  0x00000000200000e0        0x3 ./Libraries/seekfree_peripheral/SEEKFREE_MT9V03X.o
                0x00000000200000e0                receive
 .sbss.receive_num
                0x00000000200000e3        0x1 ./Libraries/seekfree_peripheral/SEEKFREE_MT9V03X.o
                0x00000000200000e3                receive_num
 .sbss.uart_receive_flag
                0x00000000200000e4        0x1 ./Libraries/seekfree_peripheral/SEEKFREE_MT9V03X.o
                0x00000000200000e4                uart_receive_flag
 .sbss.mt9v03x_finish_flag
                0x00000000200000e5        0x1 ./Libraries/seekfree_peripheral/SEEKFREE_MT9V03X.o
                0x00000000200000e5                mt9v03x_finish_flag
 *fill*         0x00000000200000e6        0x2 
 .sbss.ov7725_uart_receive
                0x00000000200000e8        0x3 ./Libraries/seekfree_peripheral/SEEKFREE_UART_7725.o
                0x00000000200000e8                ov7725_uart_receive
 .sbss.ov7725_uart_receive_num
                0x00000000200000eb        0x1 ./Libraries/seekfree_peripheral/SEEKFREE_UART_7725.o
                0x00000000200000eb                ov7725_uart_receive_num
 .sbss.ov7725_uart_receive_flag
                0x00000000200000ec        0x1 ./Libraries/seekfree_peripheral/SEEKFREE_UART_7725.o
                0x00000000200000ec                ov7725_uart_receive_flag
 .sbss.ov7725_uart_finish_flag
                0x00000000200000ed        0x1 ./Libraries/seekfree_peripheral/SEEKFREE_UART_7725.o
                0x00000000200000ed                ov7725_uart_finish_flag
 *fill*         0x00000000200000ee        0x2 
 .sbss.sys_clk  0x00000000200000f0        0x4 ./Libraries/seekfree_libraries/common.o
                0x00000000200000f0                sys_clk
 .sbss.camera_buffer_addr
                0x00000000200000f4        0x4 ./Libraries/seekfree_libraries/common.o
                0x00000000200000f4                camera_buffer_addr
 .sbss.head_handle
                0x00000000200000f8        0x4 ./CODE/multi_button.o
 .sbss.__malloc_free_list
                0x00000000200000fc        0x4 d:/mrs/mounriver_studio/toolchain/risc-v embedded gcc/bin/../lib/gcc/riscv-none-embed/8.2.0/../../../../riscv-none-embed/lib/rv32imac/ilp32\libg_nano.a(lib_a-nano-mallocr.o)
                0x00000000200000fc                __malloc_free_list
 .sbss.__malloc_sbrk_start
                0x0000000020000100        0x4 d:/mrs/mounriver_studio/toolchain/risc-v embedded gcc/bin/../lib/gcc/riscv-none-embed/8.2.0/../../../../riscv-none-embed/lib/rv32imac/ilp32\libg_nano.a(lib_a-nano-mallocr.o)
                0x0000000020000100                __malloc_sbrk_start
 .sbss.heap_end.1518
                0x0000000020000104        0x4 d:/mrs/mounriver_studio/toolchain/risc-v embedded gcc/bin/../lib/gcc/riscv-none-embed/8.2.0/../../../../riscv-none-embed/lib/rv32imac/ilp32\libnosys.a(sbrk.o)
 *(.gnu.linkonce.sb.*)
 *(.bss*)
 .bss.temp_buff
                0x0000000020000108        0xd ./USER/main.o
                0x0000000020000108                temp_buff
 *fill*         0x0000000020000115        0x3 
 .bss.tag1      0x0000000020000118       0x32 ./USER/main.o
                0x0000000020000118                tag1
 *fill*         0x000000002000014a        0x2 
 .bss.tag2      0x000000002000014c       0x32 ./USER/main.o
                0x000000002000014c                tag2
 *fill*         0x000000002000017e        0x2 
 .bss.tag3      0x0000000020000180       0x32 ./USER/main.o
                0x0000000020000180                tag3
 *fill*         0x00000000200001b2        0x2 
 .bss.button1   0x00000000200001b4       0x28 ./USER/main.o
                0x00000000200001b4                button1
 .bss.mt9v03x_image
                0x00000000200001dc     0x24b8 ./Libraries/seekfree_peripheral/SEEKFREE_MT9V03X.o
                0x00000000200001dc                mt9v03x_image
 .bss.irq_status
                0x0000000020002694        0xc ./Libraries/seekfree_libraries/common.o
                0x0000000020002694                irq_status
 *(.gnu.linkonce.b.*)
 *(COMMON*)
 COMMON         0x00000000200026a0        0x4 d:/mrs/mounriver_studio/toolchain/risc-v embedded gcc/bin/../lib/gcc/riscv-none-embed/8.2.0/../../../../riscv-none-embed/lib/rv32imac/ilp32\libg_nano.a(lib_a-reent.o)
                0x00000000200026a0                errno
                0x00000000200026a4                . = ALIGN (0x4)
                0x00000000200026a4                PROVIDE (_ebss = .)
                [!provide]                        PROVIDE (_end = _ebss)
                0x00000000200026a4                PROVIDE (end = .)

.stack          0x0000000020004800      0x800
                0x0000000020004800                . = ALIGN (0x4)
                [!provide]                        PROVIDE (_susrstack = .)
                0x0000000020005000                . = (. + __stack_size)
 *fill*         0x0000000020004800      0x800 
                0x0000000020005000                PROVIDE (_eusrstack = .)
OUTPUT(slave_school.elf elf32-littleriscv)

.debug_info     0x0000000000000000    0x1373e
 .debug_info    0x0000000000000000     0x138d ./USER/isr.o
 .debug_info    0x000000000000138d     0x19a1 ./USER/main.o
 .debug_info    0x0000000000002d2e       0x22 ./Libraries/wch_libraries/Startup/startup_ch32v10x.o
 .debug_info    0x0000000000002d50      0x476 ./Libraries/wch_libraries/Peripheral/ch32v10x_dma.o
 .debug_info    0x00000000000031c6      0x353 ./Libraries/wch_libraries/Peripheral/ch32v10x_exti.o
 .debug_info    0x0000000000003519      0x6e7 ./Libraries/wch_libraries/Peripheral/ch32v10x_gpio.o
 .debug_info    0x0000000000003c00      0x517 ./Libraries/wch_libraries/Peripheral/ch32v10x_misc.o
 .debug_info    0x0000000000004117      0x8d8 ./Libraries/wch_libraries/Peripheral/ch32v10x_rcc.o
 .debug_info    0x00000000000049ef     0x1dcc ./Libraries/wch_libraries/Peripheral/ch32v10x_tim.o
 .debug_info    0x00000000000067bb      0xa42 ./Libraries/wch_libraries/Peripheral/ch32v10x_usart.o
 .debug_info    0x00000000000071fd     0x159f ./Libraries/seekfree_peripheral/SEEKFREE_MT9V03X.o
 .debug_info    0x000000000000879c     0x1573 ./Libraries/seekfree_peripheral/SEEKFREE_UART_7725.o
 .debug_info    0x0000000000009d0f      0xa5b ./Libraries/seekfree_libraries/common.o
 .debug_info    0x000000000000a76a     0x129e ./Libraries/seekfree_libraries/zf_camera.o
 .debug_info    0x000000000000ba08     0x118f ./Libraries/seekfree_libraries/zf_gpio.o
 .debug_info    0x000000000000cb97      0xeeb ./Libraries/seekfree_libraries/zf_nvic.o
 .debug_info    0x000000000000da82      0xfe7 ./Libraries/seekfree_libraries/zf_pit.o
 .debug_info    0x000000000000ea69     0x125a ./Libraries/seekfree_libraries/zf_qtimer.o
 .debug_info    0x000000000000fcc3      0xbae ./Libraries/seekfree_libraries/zf_systick.o
 .debug_info    0x0000000000010871     0x1339 ./Libraries/seekfree_libraries/zf_uart.o
 .debug_info    0x0000000000011baa      0xcf3 ./Libraries/board/board.o
 .debug_info    0x000000000001289d      0x25f ./Libraries/board/clock_config.o
 .debug_info    0x0000000000012afc      0xc42 ./CODE/multi_button.o

.debug_abbrev   0x0000000000000000     0x329d
 .debug_abbrev  0x0000000000000000      0x26c ./USER/isr.o
 .debug_abbrev  0x000000000000026c      0x35a ./USER/main.o
 .debug_abbrev  0x00000000000005c6       0x12 ./Libraries/wch_libraries/Startup/startup_ch32v10x.o
 .debug_abbrev  0x00000000000005d8      0x18f ./Libraries/wch_libraries/Peripheral/ch32v10x_dma.o
 .debug_abbrev  0x0000000000000767      0x144 ./Libraries/wch_libraries/Peripheral/ch32v10x_exti.o
 .debug_abbrev  0x00000000000008ab      0x1c7 ./Libraries/wch_libraries/Peripheral/ch32v10x_gpio.o
 .debug_abbrev  0x0000000000000a72      0x179 ./Libraries/wch_libraries/Peripheral/ch32v10x_misc.o
 .debug_abbrev  0x0000000000000beb      0x1ef ./Libraries/wch_libraries/Peripheral/ch32v10x_rcc.o
 .debug_abbrev  0x0000000000000dda      0x1c9 ./Libraries/wch_libraries/Peripheral/ch32v10x_tim.o
 .debug_abbrev  0x0000000000000fa3      0x19e ./Libraries/wch_libraries/Peripheral/ch32v10x_usart.o
 .debug_abbrev  0x0000000000001141      0x365 ./Libraries/seekfree_peripheral/SEEKFREE_MT9V03X.o
 .debug_abbrev  0x00000000000014a6      0x392 ./Libraries/seekfree_peripheral/SEEKFREE_UART_7725.o
 .debug_abbrev  0x0000000000001838      0x1fa ./Libraries/seekfree_libraries/common.o
 .debug_abbrev  0x0000000000001a32      0x264 ./Libraries/seekfree_libraries/zf_camera.o
 .debug_abbrev  0x0000000000001c96      0x2c2 ./Libraries/seekfree_libraries/zf_gpio.o
 .debug_abbrev  0x0000000000001f58      0x2b8 ./Libraries/seekfree_libraries/zf_nvic.o
 .debug_abbrev  0x0000000000002210      0x2b5 ./Libraries/seekfree_libraries/zf_pit.o
 .debug_abbrev  0x00000000000024c5      0x2b6 ./Libraries/seekfree_libraries/zf_qtimer.o
 .debug_abbrev  0x000000000000277b      0x257 ./Libraries/seekfree_libraries/zf_systick.o
 .debug_abbrev  0x00000000000029d2      0x2e5 ./Libraries/seekfree_libraries/zf_uart.o
 .debug_abbrev  0x0000000000002cb7      0x280 ./Libraries/board/board.o
 .debug_abbrev  0x0000000000002f37       0xe8 ./Libraries/board/clock_config.o
 .debug_abbrev  0x000000000000301f      0x27e ./CODE/multi_button.o

.debug_aranges  0x0000000000000000      0xb58
 .debug_aranges
                0x0000000000000000       0xb8 ./USER/isr.o
 .debug_aranges
                0x00000000000000b8       0x58 ./USER/main.o
 .debug_aranges
                0x0000000000000110       0x30 ./Libraries/wch_libraries/Startup/startup_ch32v10x.o
 .debug_aranges
                0x0000000000000140       0x70 ./Libraries/wch_libraries/Peripheral/ch32v10x_dma.o
 .debug_aranges
                0x00000000000001b0       0x58 ./Libraries/wch_libraries/Peripheral/ch32v10x_exti.o
 .debug_aranges
                0x0000000000000208       0xa0 ./Libraries/wch_libraries/Peripheral/ch32v10x_gpio.o
 .debug_aranges
                0x00000000000002a8       0x40 ./Libraries/wch_libraries/Peripheral/ch32v10x_misc.o
 .debug_aranges
                0x00000000000002e8      0x118 ./Libraries/wch_libraries/Peripheral/ch32v10x_rcc.o
 .debug_aranges
                0x0000000000000400      0x2f0 ./Libraries/wch_libraries/Peripheral/ch32v10x_tim.o
 .debug_aranges
                0x00000000000006f0      0x100 ./Libraries/wch_libraries/Peripheral/ch32v10x_usart.o
 .debug_aranges
                0x00000000000007f0       0x80 ./Libraries/seekfree_peripheral/SEEKFREE_MT9V03X.o
 .debug_aranges
                0x0000000000000870       0x80 ./Libraries/seekfree_peripheral/SEEKFREE_UART_7725.o
 .debug_aranges
                0x00000000000008f0       0x18 ./Libraries/seekfree_libraries/common.o
 .debug_aranges
                0x0000000000000908       0x28 ./Libraries/seekfree_libraries/zf_camera.o
 .debug_aranges
                0x0000000000000930       0x40 ./Libraries/seekfree_libraries/zf_gpio.o
 .debug_aranges
                0x0000000000000970       0x40 ./Libraries/seekfree_libraries/zf_nvic.o
 .debug_aranges
                0x00000000000009b0       0x40 ./Libraries/seekfree_libraries/zf_pit.o
 .debug_aranges
                0x00000000000009f0       0x38 ./Libraries/seekfree_libraries/zf_qtimer.o
 .debug_aranges
                0x0000000000000a28       0x30 ./Libraries/seekfree_libraries/zf_systick.o
 .debug_aranges
                0x0000000000000a58       0x60 ./Libraries/seekfree_libraries/zf_uart.o
 .debug_aranges
                0x0000000000000ab8       0x28 ./Libraries/board/board.o
 .debug_aranges
                0x0000000000000ae0       0x28 ./Libraries/board/clock_config.o
 .debug_aranges
                0x0000000000000b08       0x50 ./CODE/multi_button.o

.debug_ranges   0x0000000000000000      0x9e8
 .debug_ranges  0x0000000000000000       0xa8 ./USER/isr.o
 .debug_ranges  0x00000000000000a8       0x48 ./USER/main.o
 .debug_ranges  0x00000000000000f0       0x28 ./Libraries/wch_libraries/Startup/startup_ch32v10x.o
 .debug_ranges  0x0000000000000118       0x60 ./Libraries/wch_libraries/Peripheral/ch32v10x_dma.o
 .debug_ranges  0x0000000000000178       0x48 ./Libraries/wch_libraries/Peripheral/ch32v10x_exti.o
 .debug_ranges  0x00000000000001c0       0x90 ./Libraries/wch_libraries/Peripheral/ch32v10x_gpio.o
 .debug_ranges  0x0000000000000250       0x30 ./Libraries/wch_libraries/Peripheral/ch32v10x_misc.o
 .debug_ranges  0x0000000000000280      0x108 ./Libraries/wch_libraries/Peripheral/ch32v10x_rcc.o
 .debug_ranges  0x0000000000000388      0x2e0 ./Libraries/wch_libraries/Peripheral/ch32v10x_tim.o
 .debug_ranges  0x0000000000000668       0xf0 ./Libraries/wch_libraries/Peripheral/ch32v10x_usart.o
 .debug_ranges  0x0000000000000758       0x70 ./Libraries/seekfree_peripheral/SEEKFREE_MT9V03X.o
 .debug_ranges  0x00000000000007c8       0x70 ./Libraries/seekfree_peripheral/SEEKFREE_UART_7725.o
 .debug_ranges  0x0000000000000838       0x18 ./Libraries/seekfree_libraries/zf_camera.o
 .debug_ranges  0x0000000000000850       0x30 ./Libraries/seekfree_libraries/zf_gpio.o
 .debug_ranges  0x0000000000000880       0x30 ./Libraries/seekfree_libraries/zf_nvic.o
 .debug_ranges  0x00000000000008b0       0x30 ./Libraries/seekfree_libraries/zf_pit.o
 .debug_ranges  0x00000000000008e0       0x28 ./Libraries/seekfree_libraries/zf_qtimer.o
 .debug_ranges  0x0000000000000908       0x20 ./Libraries/seekfree_libraries/zf_systick.o
 .debug_ranges  0x0000000000000928       0x50 ./Libraries/seekfree_libraries/zf_uart.o
 .debug_ranges  0x0000000000000978       0x18 ./Libraries/board/board.o
 .debug_ranges  0x0000000000000990       0x18 ./Libraries/board/clock_config.o
 .debug_ranges  0x00000000000009a8       0x40 ./CODE/multi_button.o

.debug_line     0x0000000000000000     0xb151
 .debug_line    0x0000000000000000      0x77f ./USER/isr.o
 .debug_line    0x000000000000077f      0xfda ./USER/main.o
 .debug_line    0x0000000000001759      0x225 ./Libraries/wch_libraries/Startup/startup_ch32v10x.o
 .debug_line    0x000000000000197e      0x6a0 ./Libraries/wch_libraries/Peripheral/ch32v10x_dma.o
 .debug_line    0x000000000000201e      0x4de ./Libraries/wch_libraries/Peripheral/ch32v10x_exti.o
 .debug_line    0x00000000000024fc      0x970 ./Libraries/wch_libraries/Peripheral/ch32v10x_gpio.o
 .debug_line    0x0000000000002e6c      0x391 ./Libraries/wch_libraries/Peripheral/ch32v10x_misc.o
 .debug_line    0x00000000000031fd      0xca6 ./Libraries/wch_libraries/Peripheral/ch32v10x_rcc.o
 .debug_line    0x0000000000003ea3     0x1f50 ./Libraries/wch_libraries/Peripheral/ch32v10x_tim.o
 .debug_line    0x0000000000005df3      0xbd4 ./Libraries/wch_libraries/Peripheral/ch32v10x_usart.o
 .debug_line    0x00000000000069c7      0x9ca ./Libraries/seekfree_peripheral/SEEKFREE_MT9V03X.o
 .debug_line    0x0000000000007391      0x9ba ./Libraries/seekfree_peripheral/SEEKFREE_UART_7725.o
 .debug_line    0x0000000000007d4b      0x18b ./Libraries/seekfree_libraries/common.o
 .debug_line    0x0000000000007ed6      0x4cf ./Libraries/seekfree_libraries/zf_camera.o
 .debug_line    0x00000000000083a5      0x62b ./Libraries/seekfree_libraries/zf_gpio.o
 .debug_line    0x00000000000089d0      0x449 ./Libraries/seekfree_libraries/zf_nvic.o
 .debug_line    0x0000000000008e19      0x5fe ./Libraries/seekfree_libraries/zf_pit.o
 .debug_line    0x0000000000009417      0x5a5 ./Libraries/seekfree_libraries/zf_qtimer.o
 .debug_line    0x00000000000099bc      0x3ae ./Libraries/seekfree_libraries/zf_systick.o
 .debug_line    0x0000000000009d6a      0x66c ./Libraries/seekfree_libraries/zf_uart.o
 .debug_line    0x000000000000a3d6      0x380 ./Libraries/board/board.o
 .debug_line    0x000000000000a756      0x332 ./Libraries/board/clock_config.o
 .debug_line    0x000000000000aa88      0x6c9 ./CODE/multi_button.o

.debug_str      0x0000000000000000     0x3895
 .debug_str     0x0000000000000000      0xc0f ./USER/isr.o
                                        0xcd5 (size before relaxing)
 .debug_str     0x0000000000000c0f      0x3f4 ./USER/main.o
                                        0xf97 (size before relaxing)
 .debug_str     0x0000000000001003       0x42 ./Libraries/wch_libraries/Startup/startup_ch32v10x.o
                                         0x64 (size before relaxing)
 .debug_str     0x0000000000001045      0x24c ./Libraries/wch_libraries/Peripheral/ch32v10x_dma.o
                                        0x3f4 (size before relaxing)
 .debug_str     0x0000000000001291      0x1cf ./Libraries/wch_libraries/Peripheral/ch32v10x_exti.o
                                        0x38e (size before relaxing)
 .debug_str     0x0000000000001460      0x34d ./Libraries/wch_libraries/Peripheral/ch32v10x_gpio.o
                                        0x525 (size before relaxing)
 .debug_str     0x00000000000017ad      0x3bf ./Libraries/wch_libraries/Peripheral/ch32v10x_misc.o
                                        0x5c2 (size before relaxing)
 .debug_str     0x0000000000001b6c      0x45e ./Libraries/wch_libraries/Peripheral/ch32v10x_rcc.o
                                        0x666 (size before relaxing)
 .debug_str     0x0000000000001fca      0xabc ./Libraries/wch_libraries/Peripheral/ch32v10x_tim.o
                                        0xe4e (size before relaxing)
 .debug_str     0x0000000000002a86      0x410 ./Libraries/wch_libraries/Peripheral/ch32v10x_usart.o
                                        0x6d8 (size before relaxing)
 .debug_str     0x0000000000002e96      0x151 ./Libraries/seekfree_peripheral/SEEKFREE_MT9V03X.o
                                        0xd15 (size before relaxing)
 .debug_str     0x0000000000002fe7      0x27a ./Libraries/seekfree_peripheral/SEEKFREE_UART_7725.o
                                        0xdb2 (size before relaxing)
 .debug_str     0x0000000000003261       0x29 ./Libraries/seekfree_libraries/common.o
                                        0x694 (size before relaxing)
 .debug_str     0x000000000000328a       0xa4 ./Libraries/seekfree_libraries/zf_camera.o
                                        0xa89 (size before relaxing)
 .debug_str     0x000000000000332e       0xbc ./Libraries/seekfree_libraries/zf_gpio.o
                                        0x9ac (size before relaxing)
 .debug_str     0x00000000000033ea       0xac ./Libraries/seekfree_libraries/zf_nvic.o
                                        0xad7 (size before relaxing)
 .debug_str     0x0000000000003496       0x94 ./Libraries/seekfree_libraries/zf_pit.o
                                        0xba7 (size before relaxing)
 .debug_str     0x000000000000352a       0x8e ./Libraries/seekfree_libraries/zf_qtimer.o
                                        0xa7c (size before relaxing)
 .debug_str     0x00000000000035b8       0xd4 ./Libraries/seekfree_libraries/zf_systick.o
                                        0x76f (size before relaxing)
 .debug_str     0x000000000000368c       0xc3 ./Libraries/seekfree_libraries/zf_uart.o
                                        0xbc9 (size before relaxing)
 .debug_str     0x000000000000374f       0x26 ./Libraries/board/board.o
                                        0x82a (size before relaxing)
 .debug_str     0x0000000000003775       0x66 ./Libraries/board/clock_config.o
                                        0x286 (size before relaxing)
 .debug_str     0x00000000000037db       0xba ./CODE/multi_button.o
                                        0x70c (size before relaxing)

.comment        0x0000000000000000       0x33
 .comment       0x0000000000000000       0x33 ./USER/isr.o
                                         0x34 (size before relaxing)
 .comment       0x0000000000000033       0x34 ./USER/main.o
 .comment       0x0000000000000033       0x34 ./Libraries/wch_libraries/Peripheral/ch32v10x_dma.o
 .comment       0x0000000000000033       0x34 ./Libraries/wch_libraries/Peripheral/ch32v10x_exti.o
 .comment       0x0000000000000033       0x34 ./Libraries/wch_libraries/Peripheral/ch32v10x_gpio.o
 .comment       0x0000000000000033       0x34 ./Libraries/wch_libraries/Peripheral/ch32v10x_misc.o
 .comment       0x0000000000000033       0x34 ./Libraries/wch_libraries/Peripheral/ch32v10x_rcc.o
 .comment       0x0000000000000033       0x34 ./Libraries/wch_libraries/Peripheral/ch32v10x_tim.o
 .comment       0x0000000000000033       0x34 ./Libraries/wch_libraries/Peripheral/ch32v10x_usart.o
 .comment       0x0000000000000033       0x34 ./Libraries/seekfree_peripheral/SEEKFREE_MT9V03X.o
 .comment       0x0000000000000033       0x34 ./Libraries/seekfree_peripheral/SEEKFREE_UART_7725.o
 .comment       0x0000000000000033       0x34 ./Libraries/seekfree_libraries/common.o
 .comment       0x0000000000000033       0x34 ./Libraries/seekfree_libraries/zf_camera.o
 .comment       0x0000000000000033       0x34 ./Libraries/seekfree_libraries/zf_gpio.o
 .comment       0x0000000000000033       0x34 ./Libraries/seekfree_libraries/zf_nvic.o
 .comment       0x0000000000000033       0x34 ./Libraries/seekfree_libraries/zf_pit.o
 .comment       0x0000000000000033       0x34 ./Libraries/seekfree_libraries/zf_qtimer.o
 .comment       0x0000000000000033       0x34 ./Libraries/seekfree_libraries/zf_systick.o
 .comment       0x0000000000000033       0x34 ./Libraries/seekfree_libraries/zf_uart.o
 .comment       0x0000000000000033       0x34 ./Libraries/board/board.o
 .comment       0x0000000000000033       0x34 ./Libraries/board/clock_config.o
 .comment       0x0000000000000033       0x34 ./CODE/multi_button.o

.debug_frame    0x0000000000000000     0x3230
 .debug_frame   0x0000000000000000      0x28c ./USER/isr.o
 .debug_frame   0x000000000000028c      0x124 ./USER/main.o
 .debug_frame   0x00000000000003b0      0x174 ./Libraries/wch_libraries/Peripheral/ch32v10x_dma.o
 .debug_frame   0x0000000000000524      0x114 ./Libraries/wch_libraries/Peripheral/ch32v10x_exti.o
 .debug_frame   0x0000000000000638      0x244 ./Libraries/wch_libraries/Peripheral/ch32v10x_gpio.o
 .debug_frame   0x000000000000087c       0xb4 ./Libraries/wch_libraries/Peripheral/ch32v10x_misc.o
 .debug_frame   0x0000000000000930      0x418 ./Libraries/wch_libraries/Peripheral/ch32v10x_rcc.o
 .debug_frame   0x0000000000000d48      0xbb4 ./Libraries/wch_libraries/Peripheral/ch32v10x_tim.o
 .debug_frame   0x00000000000018fc      0x3bc ./Libraries/wch_libraries/Peripheral/ch32v10x_usart.o
 .debug_frame   0x0000000000001cb8      0x1ec ./Libraries/seekfree_peripheral/SEEKFREE_MT9V03X.o
 .debug_frame   0x0000000000001ea4      0x214 ./Libraries/seekfree_peripheral/SEEKFREE_UART_7725.o
 .debug_frame   0x00000000000020b8       0x60 ./Libraries/seekfree_libraries/zf_camera.o
 .debug_frame   0x0000000000002118       0xbc ./Libraries/seekfree_libraries/zf_gpio.o
 .debug_frame   0x00000000000021d4       0xbc ./Libraries/seekfree_libraries/zf_nvic.o
 .debug_frame   0x0000000000002290       0xc8 ./Libraries/seekfree_libraries/zf_pit.o
 .debug_frame   0x0000000000002358       0xa0 ./Libraries/seekfree_libraries/zf_qtimer.o
 .debug_frame   0x00000000000023f8       0x70 ./Libraries/seekfree_libraries/zf_systick.o
 .debug_frame   0x0000000000002468      0x150 ./Libraries/seekfree_libraries/zf_uart.o
 .debug_frame   0x00000000000025b8       0x58 ./Libraries/board/board.o
 .debug_frame   0x0000000000002610       0x58 ./Libraries/board/clock_config.o
 .debug_frame   0x0000000000002668      0x100 ./CODE/multi_button.o
 .debug_frame   0x0000000000002768       0x40 d:/mrs/mounriver_studio/toolchain/risc-v embedded gcc/bin/../lib/gcc/riscv-none-embed/8.2.0/../../../../riscv-none-embed/lib/rv32imac/ilp32\libg_nano.a(lib_a-assert.o)
 .debug_frame   0x00000000000027a8       0x48 d:/mrs/mounriver_studio/toolchain/risc-v embedded gcc/bin/../lib/gcc/riscv-none-embed/8.2.0/../../../../riscv-none-embed/lib/rv32imac/ilp32\libg_nano.a(lib_a-fprintf.o)
 .debug_frame   0x00000000000027f0       0xd0 d:/mrs/mounriver_studio/toolchain/risc-v embedded gcc/bin/../lib/gcc/riscv-none-embed/8.2.0/../../../../riscv-none-embed/lib/rv32imac/ilp32\libg_nano.a(lib_a-nano-vfprintf.o)
 .debug_frame   0x00000000000028c0       0x8c d:/mrs/mounriver_studio/toolchain/risc-v embedded gcc/bin/../lib/gcc/riscv-none-embed/8.2.0/../../../../riscv-none-embed/lib/rv32imac/ilp32\libg_nano.a(lib_a-nano-vfprintf_i.o)
 .debug_frame   0x000000000000294c       0x50 d:/mrs/mounriver_studio/toolchain/risc-v embedded gcc/bin/../lib/gcc/riscv-none-embed/8.2.0/../../../../riscv-none-embed/lib/rv32imac/ilp32\libg_nano.a(lib_a-wbuf.o)
 .debug_frame   0x000000000000299c       0x3c d:/mrs/mounriver_studio/toolchain/risc-v embedded gcc/bin/../lib/gcc/riscv-none-embed/8.2.0/../../../../riscv-none-embed/lib/rv32imac/ilp32\libg_nano.a(lib_a-wsetup.o)
 .debug_frame   0x00000000000029d8       0x28 d:/mrs/mounriver_studio/toolchain/risc-v embedded gcc/bin/../lib/gcc/riscv-none-embed/8.2.0/../../../../riscv-none-embed/lib/rv32imac/ilp32\libg_nano.a(lib_a-abort.o)
 .debug_frame   0x0000000000002a00       0x7c d:/mrs/mounriver_studio/toolchain/risc-v embedded gcc/bin/../lib/gcc/riscv-none-embed/8.2.0/../../../../riscv-none-embed/lib/rv32imac/ilp32\libg_nano.a(lib_a-fflush.o)
 .debug_frame   0x0000000000002a7c      0x148 d:/mrs/mounriver_studio/toolchain/risc-v embedded gcc/bin/../lib/gcc/riscv-none-embed/8.2.0/../../../../riscv-none-embed/lib/rv32imac/ilp32\libg_nano.a(lib_a-findfp.o)
 .debug_frame   0x0000000000002bc4       0x88 d:/mrs/mounriver_studio/toolchain/risc-v embedded gcc/bin/../lib/gcc/riscv-none-embed/8.2.0/../../../../riscv-none-embed/lib/rv32imac/ilp32\libg_nano.a(lib_a-fwalk.o)
 .debug_frame   0x0000000000002c4c       0x64 d:/mrs/mounriver_studio/toolchain/risc-v embedded gcc/bin/../lib/gcc/riscv-none-embed/8.2.0/../../../../riscv-none-embed/lib/rv32imac/ilp32\libg_nano.a(lib_a-makebuf.o)
 .debug_frame   0x0000000000002cb0       0x20 d:/mrs/mounriver_studio/toolchain/risc-v embedded gcc/bin/../lib/gcc/riscv-none-embed/8.2.0/../../../../riscv-none-embed/lib/rv32imac/ilp32\libg_nano.a(lib_a-memchr.o)
 .debug_frame   0x0000000000002cd0       0x40 d:/mrs/mounriver_studio/toolchain/risc-v embedded gcc/bin/../lib/gcc/riscv-none-embed/8.2.0/../../../../riscv-none-embed/lib/rv32imac/ilp32\libg_nano.a(lib_a-nano-freer.o)
 .debug_frame   0x0000000000002d10       0x40 d:/mrs/mounriver_studio/toolchain/risc-v embedded gcc/bin/../lib/gcc/riscv-none-embed/8.2.0/../../../../riscv-none-embed/lib/rv32imac/ilp32\libg_nano.a(lib_a-nano-mallocr.o)
 .debug_frame   0x0000000000002d50       0x30 d:/mrs/mounriver_studio/toolchain/risc-v embedded gcc/bin/../lib/gcc/riscv-none-embed/8.2.0/../../../../riscv-none-embed/lib/rv32imac/ilp32\libg_nano.a(lib_a-sbrkr.o)
 .debug_frame   0x0000000000002d80       0xec d:/mrs/mounriver_studio/toolchain/risc-v embedded gcc/bin/../lib/gcc/riscv-none-embed/8.2.0/../../../../riscv-none-embed/lib/rv32imac/ilp32\libg_nano.a(lib_a-signal.o)
 .debug_frame   0x0000000000002e6c       0x40 d:/mrs/mounriver_studio/toolchain/risc-v embedded gcc/bin/../lib/gcc/riscv-none-embed/8.2.0/../../../../riscv-none-embed/lib/rv32imac/ilp32\libg_nano.a(lib_a-signalr.o)
 .debug_frame   0x0000000000002eac       0xa4 d:/mrs/mounriver_studio/toolchain/risc-v embedded gcc/bin/../lib/gcc/riscv-none-embed/8.2.0/../../../../riscv-none-embed/lib/rv32imac/ilp32\libg_nano.a(lib_a-stdio.o)
 .debug_frame   0x0000000000002f50       0x30 d:/mrs/mounriver_studio/toolchain/risc-v embedded gcc/bin/../lib/gcc/riscv-none-embed/8.2.0/../../../../riscv-none-embed/lib/rv32imac/ilp32\libg_nano.a(lib_a-writer.o)
 .debug_frame   0x0000000000002f80       0x30 d:/mrs/mounriver_studio/toolchain/risc-v embedded gcc/bin/../lib/gcc/riscv-none-embed/8.2.0/../../../../riscv-none-embed/lib/rv32imac/ilp32\libg_nano.a(lib_a-closer.o)
 .debug_frame   0x0000000000002fb0       0x30 d:/mrs/mounriver_studio/toolchain/risc-v embedded gcc/bin/../lib/gcc/riscv-none-embed/8.2.0/../../../../riscv-none-embed/lib/rv32imac/ilp32\libg_nano.a(lib_a-fstatr.o)
 .debug_frame   0x0000000000002fe0       0x30 d:/mrs/mounriver_studio/toolchain/risc-v embedded gcc/bin/../lib/gcc/riscv-none-embed/8.2.0/../../../../riscv-none-embed/lib/rv32imac/ilp32\libg_nano.a(lib_a-isattyr.o)
 .debug_frame   0x0000000000003010       0x30 d:/mrs/mounriver_studio/toolchain/risc-v embedded gcc/bin/../lib/gcc/riscv-none-embed/8.2.0/../../../../riscv-none-embed/lib/rv32imac/ilp32\libg_nano.a(lib_a-lseekr.o)
 .debug_frame   0x0000000000003040       0x30 d:/mrs/mounriver_studio/toolchain/risc-v embedded gcc/bin/../lib/gcc/riscv-none-embed/8.2.0/../../../../riscv-none-embed/lib/rv32imac/ilp32\libg_nano.a(lib_a-mlock.o)
 .debug_frame   0x0000000000003070       0x30 d:/mrs/mounriver_studio/toolchain/risc-v embedded gcc/bin/../lib/gcc/riscv-none-embed/8.2.0/../../../../riscv-none-embed/lib/rv32imac/ilp32\libg_nano.a(lib_a-readr.o)
 .debug_frame   0x00000000000030a0       0x70 d:/mrs/mounriver_studio/toolchain/risc-v embedded gcc/bin/../lib/gcc/riscv-none-embed/8.2.0/../../../../riscv-none-embed/lib/rv32imac/ilp32\libg_nano.a(lib_a-reent.o)
 .debug_frame   0x0000000000003110       0x20 d:/mrs/mounriver_studio/toolchain/risc-v embedded gcc/bin/../lib/gcc/riscv-none-embed/8.2.0/../../../../riscv-none-embed/lib/rv32imac/ilp32\libnosys.a(close.o)
 .debug_frame   0x0000000000003130       0x20 d:/mrs/mounriver_studio/toolchain/risc-v embedded gcc/bin/../lib/gcc/riscv-none-embed/8.2.0/../../../../riscv-none-embed/lib/rv32imac/ilp32\libnosys.a(fstat.o)
 .debug_frame   0x0000000000003150       0x20 d:/mrs/mounriver_studio/toolchain/risc-v embedded gcc/bin/../lib/gcc/riscv-none-embed/8.2.0/../../../../riscv-none-embed/lib/rv32imac/ilp32\libnosys.a(getpid.o)
 .debug_frame   0x0000000000003170       0x20 d:/mrs/mounriver_studio/toolchain/risc-v embedded gcc/bin/../lib/gcc/riscv-none-embed/8.2.0/../../../../riscv-none-embed/lib/rv32imac/ilp32\libnosys.a(isatty.o)
 .debug_frame   0x0000000000003190       0x20 d:/mrs/mounriver_studio/toolchain/risc-v embedded gcc/bin/../lib/gcc/riscv-none-embed/8.2.0/../../../../riscv-none-embed/lib/rv32imac/ilp32\libnosys.a(kill.o)
 .debug_frame   0x00000000000031b0       0x20 d:/mrs/mounriver_studio/toolchain/risc-v embedded gcc/bin/../lib/gcc/riscv-none-embed/8.2.0/../../../../riscv-none-embed/lib/rv32imac/ilp32\libnosys.a(lseek.o)
 .debug_frame   0x00000000000031d0       0x20 d:/mrs/mounriver_studio/toolchain/risc-v embedded gcc/bin/../lib/gcc/riscv-none-embed/8.2.0/../../../../riscv-none-embed/lib/rv32imac/ilp32\libnosys.a(read.o)
 .debug_frame   0x00000000000031f0       0x20 d:/mrs/mounriver_studio/toolchain/risc-v embedded gcc/bin/../lib/gcc/riscv-none-embed/8.2.0/../../../../riscv-none-embed/lib/rv32imac/ilp32\libnosys.a(sbrk.o)
 .debug_frame   0x0000000000003210       0x20 d:/mrs/mounriver_studio/toolchain/risc-v embedded gcc/bin/../lib/gcc/riscv-none-embed/8.2.0/../../../../riscv-none-embed/lib/rv32imac/ilp32\libnosys.a(_exit.o)

.stab           0x0000000000000000       0xb4
 .stab          0x0000000000000000       0x24 d:/mrs/mounriver_studio/toolchain/risc-v embedded gcc/bin/../lib/gcc/riscv-none-embed/8.2.0/../../../../riscv-none-embed/lib/rv32imac/ilp32\libnosys.a(close.o)
 .stab          0x0000000000000024       0x18 d:/mrs/mounriver_studio/toolchain/risc-v embedded gcc/bin/../lib/gcc/riscv-none-embed/8.2.0/../../../../riscv-none-embed/lib/rv32imac/ilp32\libnosys.a(fstat.o)
                                         0x24 (size before relaxing)
 .stab          0x000000000000003c       0x18 d:/mrs/mounriver_studio/toolchain/risc-v embedded gcc/bin/../lib/gcc/riscv-none-embed/8.2.0/../../../../riscv-none-embed/lib/rv32imac/ilp32\libnosys.a(getpid.o)
                                         0x24 (size before relaxing)
 .stab          0x0000000000000054       0x18 d:/mrs/mounriver_studio/toolchain/risc-v embedded gcc/bin/../lib/gcc/riscv-none-embed/8.2.0/../../../../riscv-none-embed/lib/rv32imac/ilp32\libnosys.a(isatty.o)
                                         0x24 (size before relaxing)
 .stab          0x000000000000006c       0x18 d:/mrs/mounriver_studio/toolchain/risc-v embedded gcc/bin/../lib/gcc/riscv-none-embed/8.2.0/../../../../riscv-none-embed/lib/rv32imac/ilp32\libnosys.a(kill.o)
                                         0x24 (size before relaxing)
 .stab          0x0000000000000084       0x18 d:/mrs/mounriver_studio/toolchain/risc-v embedded gcc/bin/../lib/gcc/riscv-none-embed/8.2.0/../../../../riscv-none-embed/lib/rv32imac/ilp32\libnosys.a(lseek.o)
                                         0x24 (size before relaxing)
 .stab          0x000000000000009c       0x18 d:/mrs/mounriver_studio/toolchain/risc-v embedded gcc/bin/../lib/gcc/riscv-none-embed/8.2.0/../../../../riscv-none-embed/lib/rv32imac/ilp32\libnosys.a(read.o)
                                         0x24 (size before relaxing)

.stabstr        0x0000000000000000      0x183
 .stabstr       0x0000000000000000      0x183 d:/mrs/mounriver_studio/toolchain/risc-v embedded gcc/bin/../lib/gcc/riscv-none-embed/8.2.0/../../../../riscv-none-embed/lib/rv32imac/ilp32\libnosys.a(close.o)
