Archive member included to satisfy reference by file (symbol)

d:/qinheng/mounriver_studio/toolchain/risc-v embedded gcc/bin/../lib/gcc/riscv-none-embed/8.2.0/../../../../riscv-none-embed/lib/rv32imac/ilp32\libm.a(lib_a-s_floor.o)
                              ./USER/main.o (floor)
d:/qinheng/mounriver_studio/toolchain/risc-v embedded gcc/bin/../lib/gcc/riscv-none-embed/8.2.0/rv32imac/ilp32\libgcc.a(adddf3.o)
                              ./USER/main.o (__adddf3)
d:/qinheng/mounriver_studio/toolchain/risc-v embedded gcc/bin/../lib/gcc/riscv-none-embed/8.2.0/rv32imac/ilp32\libgcc.a(divdf3.o)
                              ./CODE/jf_data.o (__divdf3)
d:/qinheng/mounriver_studio/toolchain/risc-v embedded gcc/bin/../lib/gcc/riscv-none-embed/8.2.0/rv32imac/ilp32\libgcc.a(eqdf2.o)
                              ./Libraries/seekfree_peripheral/SEEKFREE_PRINTF.o (__nedf2)
d:/qinheng/mounriver_studio/toolchain/risc-v embedded gcc/bin/../lib/gcc/riscv-none-embed/8.2.0/rv32imac/ilp32\libgcc.a(gedf2.o)
                              ./CODE/jf_data.o (__gtdf2)
d:/qinheng/mounriver_studio/toolchain/risc-v embedded gcc/bin/../lib/gcc/riscv-none-embed/8.2.0/rv32imac/ilp32\libgcc.a(ledf2.o)
                              ./Libraries/seekfree_peripheral/SEEKFREE_18TFT.o (__ltdf2)
d:/qinheng/mounriver_studio/toolchain/risc-v embedded gcc/bin/../lib/gcc/riscv-none-embed/8.2.0/rv32imac/ilp32\libgcc.a(muldf3.o)
                              ./Libraries/seekfree_peripheral/SEEKFREE_PRINTF.o (__muldf3)
d:/qinheng/mounriver_studio/toolchain/risc-v embedded gcc/bin/../lib/gcc/riscv-none-embed/8.2.0/rv32imac/ilp32\libgcc.a(subdf3.o)
                              ./USER/main.o (__subdf3)
d:/qinheng/mounriver_studio/toolchain/risc-v embedded gcc/bin/../lib/gcc/riscv-none-embed/8.2.0/rv32imac/ilp32\libgcc.a(fixdfsi.o)
                              ./USER/main.o (__fixdfsi)
d:/qinheng/mounriver_studio/toolchain/risc-v embedded gcc/bin/../lib/gcc/riscv-none-embed/8.2.0/rv32imac/ilp32\libgcc.a(floatsidf.o)
                              ./USER/main.o (__floatsidf)
d:/qinheng/mounriver_studio/toolchain/risc-v embedded gcc/bin/../lib/gcc/riscv-none-embed/8.2.0/rv32imac/ilp32\libgcc.a(floatunsidf.o)
                              ./CODE/jf_data.o (__floatunsidf)
d:/qinheng/mounriver_studio/toolchain/risc-v embedded gcc/bin/../lib/gcc/riscv-none-embed/8.2.0/rv32imac/ilp32\libgcc.a(addsf3.o)
                              ./USER/main.o (__addsf3)
d:/qinheng/mounriver_studio/toolchain/risc-v embedded gcc/bin/../lib/gcc/riscv-none-embed/8.2.0/rv32imac/ilp32\libgcc.a(divsf3.o)
                              ./CODE/jf_data.o (__divsf3)
d:/qinheng/mounriver_studio/toolchain/risc-v embedded gcc/bin/../lib/gcc/riscv-none-embed/8.2.0/rv32imac/ilp32\libgcc.a(eqsf2.o)
                              ./CODE/jf_data.o (__eqsf2)
d:/qinheng/mounriver_studio/toolchain/risc-v embedded gcc/bin/../lib/gcc/riscv-none-embed/8.2.0/rv32imac/ilp32\libgcc.a(gesf2.o)
                              ./CODE/Motor.o (__gesf2)
d:/qinheng/mounriver_studio/toolchain/risc-v embedded gcc/bin/../lib/gcc/riscv-none-embed/8.2.0/rv32imac/ilp32\libgcc.a(lesf2.o)
                              ./CODE/Motor.o (__lesf2)
d:/qinheng/mounriver_studio/toolchain/risc-v embedded gcc/bin/../lib/gcc/riscv-none-embed/8.2.0/rv32imac/ilp32\libgcc.a(mulsf3.o)
                              ./CODE/Motor.o (__mulsf3)
d:/qinheng/mounriver_studio/toolchain/risc-v embedded gcc/bin/../lib/gcc/riscv-none-embed/8.2.0/rv32imac/ilp32\libgcc.a(subsf3.o)
                              ./USER/main.o (__subsf3)
d:/qinheng/mounriver_studio/toolchain/risc-v embedded gcc/bin/../lib/gcc/riscv-none-embed/8.2.0/rv32imac/ilp32\libgcc.a(fixsfsi.o)
                              ./USER/main.o (__fixsfsi)
d:/qinheng/mounriver_studio/toolchain/risc-v embedded gcc/bin/../lib/gcc/riscv-none-embed/8.2.0/rv32imac/ilp32\libgcc.a(floatsisf.o)
                              ./USER/main.o (__floatsisf)
d:/qinheng/mounriver_studio/toolchain/risc-v embedded gcc/bin/../lib/gcc/riscv-none-embed/8.2.0/rv32imac/ilp32\libgcc.a(extendsfdf2.o)
                              ./USER/main.o (__extendsfdf2)
d:/qinheng/mounriver_studio/toolchain/risc-v embedded gcc/bin/../lib/gcc/riscv-none-embed/8.2.0/rv32imac/ilp32\libgcc.a(_clzsi2.o)
                              d:/qinheng/mounriver_studio/toolchain/risc-v embedded gcc/bin/../lib/gcc/riscv-none-embed/8.2.0/rv32imac/ilp32\libgcc.a(adddf3.o) (__clzsi2)
d:/qinheng/mounriver_studio/toolchain/risc-v embedded gcc/bin/../lib/gcc/riscv-none-embed/8.2.0/rv32imac/ilp32\libgcc.a(_clz.o)
                              d:/qinheng/mounriver_studio/toolchain/risc-v embedded gcc/bin/../lib/gcc/riscv-none-embed/8.2.0/rv32imac/ilp32\libgcc.a(_clzsi2.o) (__clz_tab)
d:/qinheng/mounriver_studio/toolchain/risc-v embedded gcc/bin/../lib/gcc/riscv-none-embed/8.2.0/../../../../riscv-none-embed/lib/rv32imac/ilp32\libg_nano.a(lib_a-assert.o)
[...]
Memory Configuration

Name             Origin             Length             Attributes
FLASH            0x0000000000000000 0x0000000000010000 xr
RAM              0x0000000020000000 0x0000000000005000 xrw
*default*        0x0000000000000000 0xffffffffffffffff

Linker script and memory map

LOAD ./USER/isr.o
LOAD ./USER/main.o
LOAD ./Libraries/wch_libraries/Startup/startup_ch32v10x.o
LOAD ./Libraries/wch_libraries/Peripheral/ch32v10x_adc.o
LOAD ./Libraries/wch_libraries/Peripheral/ch32v10x_bkp.o
LOAD ./Libraries/wch_libraries/Peripheral/ch32v10x_crc.o
LOAD ./Libraries/wch_libraries/Peripheral/ch32v10x_dbgmcu.o
LOAD ./Libraries/wch_libraries/Peripheral/ch32v10x_dma.o
LOAD ./Libraries/wch_libraries/Peripheral/ch32v10x_exti.o
LOAD ./Libraries/wch_libraries/Peripheral/ch32v10x_flash.o
LOAD ./Libraries/wch_libraries/Peripheral/ch32v10x_gpio.o
LOAD ./Libraries/wch_libraries/Peripheral/ch32v10x_i2c.o
LOAD ./Libraries/wch_libraries/Peripheral/ch32v10x_iwdg.o
LOAD ./Libraries/wch_libraries/Peripheral/ch32v10x_misc.o
LOAD ./Libraries/wch_libraries/Peripheral/ch32v10x_pwr.o
LOAD ./Libraries/wch_libraries/Peripheral/ch32v10x_rcc.o
LOAD ./Libraries/wch_libraries/Peripheral/ch32v10x_rtc.o
LOAD ./Libraries/wch_libraries/Peripheral/ch32v10x_spi.o
LOAD ./Libraries/wch_libraries/Peripheral/ch32v10x_tim.o
LOAD ./Libraries/wch_libraries/Peripheral/ch32v10x_usart.o
LOAD ./Libraries/wch_libraries/Peripheral/ch32v10x_usb.o
LOAD ./Libraries/wch_libraries/Peripheral/ch32v10x_usb_host.o
LOAD ./Libraries/wch_libraries/Peripheral/ch32v10x_wwdg.o
LOAD ./Libraries/wch_libraries/Core/core_riscv.o
LOAD ./Libraries/seekfree_peripheral/SEEKFREE_18TFT.o
LOAD ./Libraries/seekfree_peripheral/SEEKFREE_ABSOLUTE_ENCODER.o
LOAD ./Libraries/seekfree_peripheral/SEEKFREE_FONT.o
LOAD ./Libraries/seekfree_peripheral/SEEKFREE_ICM20602.o
LOAD ./Libraries/seekfree_peripheral/SEEKFREE_IIC.o
LOAD ./Libraries/seekfree_peripheral/SEEKFREE_IPS114_SPI.o
LOAD ./Libraries/seekfree_peripheral/SEEKFREE_MPU6050.o
LOAD ./Libraries/seekfree_peripheral/SEEKFREE_MT9V03X.o
LOAD ./Libraries/seekfree_peripheral/SEEKFREE_OLED.o
LOAD ./Libraries/seekfree_peripheral/SEEKFREE_PRINTF.o
LOAD ./Libraries/seekfree_peripheral/SEEKFREE_TSL1401.o
LOAD ./Libraries/seekfree_peripheral/SEEKFREE_UART_7725.o
LOAD ./Libraries/seekfree_peripheral/SEEKFREE_VIRSCO.o
LOAD ./Libraries/seekfree_peripheral/SEEKFREE_WIRELESS.o
LOAD ./Libraries/seekfree_libraries/common.o
LOAD ./Libraries/seekfree_libraries/misc.o
LOAD ./Libraries/seekfree_libraries/zf_adc.o
LOAD ./Libraries/seekfree_libraries/zf_camera.o
LOAD ./Libraries/seekfree_libraries/zf_flash.o
LOAD ./Libraries/seekfree_libraries/zf_gpio.o
LOAD ./Libraries/seekfree_libraries/zf_nvic.o
LOAD ./Libraries/seekfree_libraries/zf_pit.o
LOAD ./Libraries/seekfree_libraries/zf_pwm.o
LOAD ./Libraries/seekfree_libraries/zf_qtimer.o
LOAD ./Libraries/seekfree_libraries/zf_spi.o
LOAD ./Libraries/seekfree_libraries/zf_systick.o
LOAD ./Libraries/seekfree_libraries/zf_uart.o
LOAD ./Libraries/board/board.o
LOAD ./Libraries/board/clock_config.o
LOAD ./CODE/Motor.o
LOAD ./CODE/debug_usart.o
LOAD ./CODE/encoder.o
LOAD ./CODE/jf_data.o
LOAD d:/qinheng/mounriver_studio/toolchain/risc-v embedded gcc/bin/../lib/gcc/riscv-none-embed/8.2.0/../../../../riscv-none-embed/lib/rv32imac/ilp32\libm.a
LOAD d:/qinheng/mounriver_studio/toolchain/risc-v embedded gcc/bin/../lib/gcc/riscv-none-embed/8.2.0/rv32imac/ilp32\libgcc.a
LOAD d:/qinheng/mounriver_studio/toolchain/risc-v embedded gcc/bin/../lib/gcc/riscv-none-embed/8.2.0/../../../../riscv-none-embed/lib/rv32imac/ilp32\libg_nano.a
LOAD d:/qinheng/mounriver_studio/toolchain/risc-v embedded gcc/bin/../lib/gcc/riscv-none-embed/8.2.0/../../../../riscv-none-embed/lib/rv32imac/ilp32\libc_nano.a
LOAD d:/qinheng/mounriver_studio/toolchain/risc-v embedded gcc/bin/../lib/gcc/riscv-none-embed/8.2.0/rv32imac/ilp32\libgcc.a
START GROUP
LOAD d:/qinheng/mounriver_studio/toolchain/risc-v embedded gcc/bin/../lib/gcc/riscv-none-embed/8.2.0/rv32imac/ilp32\libgcc.a
LOAD d:/qinheng/mounriver_studio/toolchain/risc-v embedded gcc/bin/../lib/gcc/riscv-none-embed/8.2.0/../../../../riscv-none-embed/lib/rv32imac/ilp32\libc_nano.a
LOAD d:/qinheng/mounriver_studio/toolchain/risc-v embedded gcc/bin/../lib/gcc/riscv-none-embed/8.2.0/../../../../riscv-none-embed/lib/rv32imac/ilp32\libnosys.a
END GROUP
START GROUP
LOAD d:/qinheng/mounriver_studio/toolchain/risc-v embedded gcc/bin/../lib/gcc/riscv-none-embed/8.2.0/rv32imac/ilp32\libgcc.a
LOAD d:/qinheng/mounriver_studio/toolchain/risc-v embedded gcc/bin/../lib/gcc/riscv-none-embed/8.2.0/../../../../riscv-none-embed/lib/rv32imac/ilp32\libc_nano.a
LOAD d:/qinheng/mounriver_studio/toolchain/risc-v embedded gcc/bin/../lib/gcc/riscv-none-embed/8.2.0/../../../../riscv-none-embed/lib/rv32imac/ilp32\libnosys.a
END GROUP
                0x0000000000000800                __stack_size = 0x800
                [!provide]                        PROVIDE (_stack_size = __stack_size)

.init           0x0000000000000000       0x38
                0x0000000000000000                _sinit = .
                0x0000000000000000                . = ALIGN (0x4)
 *(SORT_NONE(.init))
 .init          0x0000000000000000       0x38 ./Libraries/wch_libraries/Startup/startup_ch32v10x.o
                0x0000000000000000                _start
                0x0000000000000038                . = ALIGN (0x4)
                0x0000000000000038                _einit = .

.vector         0x0000000000000038      0x108
 *(.vector)
 .vector        0x0000000000000038       0xf0 ./Libraries/wch_libraries/Startup/startup_ch32v10x.o
                0x0000000000000140                . = ALIGN (0x40)
 *fill*         0x0000000000000128       0x18 

.text           0x0000000000000140     0xb4e4
                0x0000000000000140                . = ALIGN (0x4)
 *(.text)
 .text          0x0000000000000140       0xa8 d:/qinheng/mounriver_studio/toolchain/risc-v embedded gcc/bin/../lib/gcc/riscv-none-embed/8.2.0/../../../../riscv-none-embed/lib/rv32imac/ilp32\libg_nano.a(lib_a-memset.o)
                0x0000000000000140                memset
 *(.text.*)
 .text.EXTI1_IRQHandler
                0x00000000000001e8       0x42 ./USER/isr.o
                0x00000000000001e8                EXTI1_IRQHandler
 .text.EXTI2_IRQHandler
                0x000000000000022a       0x16 ./USER/isr.o
                0x000000000000022a                EXTI2_IRQHandler
 .text.EXTI3_IRQHandler
                0x0000000000000240       0x10 ./USER/isr.o
                0x0000000000000240                EXTI3_IRQHandler
 .text.EXTI4_IRQHandler
                0x0000000000000250       0x10 ./USER/isr.o
                0x0000000000000250                EXTI4_IRQHandler
 .text.EXTI9_5_IRQHandler
                0x0000000000000260       0x10 ./USER/isr.o
                0x0000000000000260                EXTI9_5_IRQHandler
 .text.EXTI15_10_IRQHandler
                0x0000000000000270       0x10 ./USER/isr.o
                0x0000000000000270                EXTI15_10_IRQHandler
 .text.ADC1_2_IRQHandler
                0x0000000000000280       0x10 ./USER/isr.o
                0x0000000000000280                ADC1_2_IRQHandler
 .text.TIM1_BRK_IRQHandler
                0x0000000000000290       0x34 ./USER/isr.o
                0x0000000000000290                TIM1_BRK_IRQHandler
 .text.TIM1_UP_IRQHandler
                0x00000000000002c4       0x30 ./USER/isr.o
                0x00000000000002c4                TIM1_UP_IRQHandler
 .text.TIM1_TRG_COM_IRQHandler
                0x00000000000002f4       0x58 ./USER/isr.o
                0x00000000000002f4                TIM1_TRG_COM_IRQHandler
 .text.TIM1_CC_IRQHandler
                0x000000000000034c       0x90 ./USER/isr.o
                0x000000000000034c                TIM1_CC_IRQHandler
 .text.TIM2_IRQHandler
                0x00000000000003dc       0x28 ./USER/isr.o
                0x00000000000003dc                TIM2_IRQHandler
 .text.TIM3_IRQHandler
                0x0000000000000404       0x30 ./USER/isr.o
                0x0000000000000404                TIM3_IRQHandler
 .text.TIM4_IRQHandler
                0x0000000000000434       0x30 ./USER/isr.o
                0x0000000000000434                TIM4_IRQHandler
 .text.USART2_IRQHandler
                0x0000000000000464       0x52 ./USER/isr.o
                0x0000000000000464                USART2_IRQHandler
 .text.DMA1_Channel4_IRQHandler
                0x00000000000004b6       0x42 ./USER/isr.o
                0x00000000000004b6                DMA1_Channel4_IRQHandler
 .text.NMI_Handler
                0x00000000000004f8       0x10 ./USER/isr.o
                0x00000000000004f8                NMI_Handler
 .text.HardFault_Handler
                0x0000000000000508        0x8 ./USER/isr.o
                0x0000000000000508                HardFault_Handler
 .text.clearPID
                0x0000000000000510       0x3c ./USER/main.o
                0x0000000000000510                clearPID
 .text.get_slave_data
                0x000000000000054c       0x86 ./USER/main.o
                0x000000000000054c                get_slave_data
 .text.data_analysis
                0x00000000000005d2      0x1e6 ./USER/main.o
                0x00000000000005d2                data_analysis
 .text.EXTI0_IRQHandler
                0x00000000000007b8       0xca ./USER/main.o
                0x00000000000007b8                EXTI0_IRQHandler
 .text.USART1_IRQHandler
                0x0000000000000882       0x4e ./USER/main.o
                0x0000000000000882                USART1_IRQHandler
 .text.USART3_IRQHandler
                0x00000000000008d0       0xee ./USER/main.o
                0x00000000000008d0                USART3_IRQHandler
 .text.twwo     0x00000000000009be      0x50c ./USER/main.o
                0x00000000000009be                twwo
 .text.main     0x0000000000000eca      0x916 ./USER/main.o
                0x0000000000000eca                main
 .text.handle_reset
                0x00000000000017e0       0x7e ./Libraries/wch_libraries/Startup/startup_ch32v10x.o
                0x00000000000017e0                handle_reset
 .text.DMA_DeInit
                0x000000000000185e      0x20e ./Libraries/wch_libraries/Peripheral/ch32v10x_dma.o
                0x000000000000185e                DMA_DeInit
 .text.DMA_Init
                0x0000000000001a6c       0xa8 ./Libraries/wch_libraries/Peripheral/ch32v10x_dma.o
                0x0000000000001a6c                DMA_Init
 .text.DMA_Cmd  0x0000000000001b14       0x40 ./Libraries/wch_libraries/Peripheral/ch32v10x_dma.o
                0x0000000000001b14                DMA_Cmd
 .text.DMA_ITConfig
                0x0000000000001b54       0x4a ./Libraries/wch_libraries/Peripheral/ch32v10x_dma.o
                0x0000000000001b54                DMA_ITConfig
 .text.DMA_GetFlagStatus
                0x0000000000001b9e       0x5c ./Libraries/wch_libraries/Peripheral/ch32v10x_dma.o
                0x0000000000001b9e                DMA_GetFlagStatus
 .text.DMA_ClearFlag
                0x0000000000001bfa       0x38 ./Libraries/wch_libraries/Peripheral/ch32v10x_dma.o
                0x0000000000001bfa                DMA_ClearFlag
 .text.EXTI_Init
                0x0000000000001c32      0x170 ./Libraries/wch_libraries/Peripheral/ch32v10x_exti.o
                0x0000000000001c32                EXTI_Init
 .text.EXTI_GetITStatus
                0x0000000000001da2       0x56 ./Libraries/wch_libraries/Peripheral/ch32v10x_exti.o
                0x0000000000001da2                EXTI_GetITStatus
 .text.EXTI_ClearITPendingBit
                0x0000000000001df8       0x20 ./Libraries/wch_libraries/Peripheral/ch32v10x_exti.o
                0x0000000000001df8                EXTI_ClearITPendingBit
 .text.GPIO_Init
                0x0000000000001e18      0x22a ./Libraries/wch_libraries/Peripheral/ch32v10x_gpio.o
                0x0000000000001e18                GPIO_Init
 .text.GPIO_WriteBit
                0x0000000000002042       0x38 ./Libraries/wch_libraries/Peripheral/ch32v10x_gpio.o
                0x0000000000002042                GPIO_WriteBit
 .text.GPIO_PinRemapConfig
                0x000000000000207a      0x13c ./Libraries/wch_libraries/Peripheral/ch32v10x_gpio.o
                0x000000000000207a                GPIO_PinRemapConfig
 .text.GPIO_EXTILineConfig
                0x00000000000021b6       0xa2 ./Libraries/wch_libraries/Peripheral/ch32v10x_gpio.o
                0x00000000000021b6                GPIO_EXTILineConfig
 .text.NVIC_EnableIRQ
                0x0000000000002258       0x32 ./Libraries/wch_libraries/Peripheral/ch32v10x_misc.o
 .text.NVIC_DisableIRQ
                0x000000000000228a       0x32 ./Libraries/wch_libraries/Peripheral/ch32v10x_misc.o
 .text.NVIC_SetPriority
                0x00000000000022bc       0x2a ./Libraries/wch_libraries/Peripheral/ch32v10x_misc.o
 .text.NVIC_Init
                0x00000000000022e6       0xce ./Libraries/wch_libraries/Peripheral/ch32v10x_misc.o
                0x00000000000022e6                NVIC_Init
 .text.RCC_GetClocksFreq
                0x00000000000023b4      0x216 ./Libraries/wch_libraries/Peripheral/ch32v10x_rcc.o
                0x00000000000023b4                RCC_GetClocksFreq
 .text.RCC_AHBPeriphClockCmd
                0x00000000000025ca       0x46 ./Libraries/wch_libraries/Peripheral/ch32v10x_rcc.o
                0x00000000000025ca                RCC_AHBPeriphClockCmd
 .text.RCC_APB2PeriphClockCmd
                0x0000000000002610       0x46 ./Libraries/wch_libraries/Peripheral/ch32v10x_rcc.o
                0x0000000000002610                RCC_APB2PeriphClockCmd
 .text.RCC_APB1PeriphClockCmd
                0x0000000000002656       0x46 ./Libraries/wch_libraries/Peripheral/ch32v10x_rcc.o
                0x0000000000002656                RCC_APB1PeriphClockCmd
 .text.TIM_TimeBaseInit
                0x000000000000269c       0xfa ./Libraries/wch_libraries/Peripheral/ch32v10x_tim.o
                0x000000000000269c                TIM_TimeBaseInit
 .text.TIM_OC1Init
                0x0000000000002796      0x170 ./Libraries/wch_libraries/Peripheral/ch32v10x_tim.o
                0x0000000000002796                TIM_OC1Init
 .text.TIM_OC2Init
                0x0000000000002906      0x1b6 ./Libraries/wch_libraries/Peripheral/ch32v10x_tim.o
                0x0000000000002906                TIM_OC2Init
 .text.TIM_OC3Init
                0x0000000000002abc      0x1b0 ./Libraries/wch_libraries/Peripheral/ch32v10x_tim.o
                0x0000000000002abc                TIM_OC3Init
 .text.TIM_OC4Init
                0x0000000000002c6c      0x14a ./Libraries/wch_libraries/Peripheral/ch32v10x_tim.o
                0x0000000000002c6c                TIM_OC4Init
 .text.TIM_TimeBaseStructInit
                0x0000000000002db6       0x3c ./Libraries/wch_libraries/Peripheral/ch32v10x_tim.o
                0x0000000000002db6                TIM_TimeBaseStructInit
 .text.TIM_Cmd  0x0000000000002df2       0x58 ./Libraries/wch_libraries/Peripheral/ch32v10x_tim.o
                0x0000000000002df2                TIM_Cmd
 .text.TIM_CtrlPWMOutputs
                0x0000000000002e4a       0x60 ./Libraries/wch_libraries/Peripheral/ch32v10x_tim.o
                0x0000000000002e4a                TIM_CtrlPWMOutputs
 .text.TIM_DMACmd
                0x0000000000002eaa       0x70 ./Libraries/wch_libraries/Peripheral/ch32v10x_tim.o
                0x0000000000002eaa                TIM_DMACmd
 .text.TIM_ETRClockMode1Config
                0x0000000000002f1a       0x8a ./Libraries/wch_libraries/Peripheral/ch32v10x_tim.o
                0x0000000000002f1a                TIM_ETRClockMode1Config
 .text.TIM_ETRConfig
                0x0000000000002fa4       0x7c ./Libraries/wch_libraries/Peripheral/ch32v10x_tim.o
                0x0000000000002fa4                TIM_ETRConfig
 .text.TIM_SelectInputTrigger
                0x0000000000003020       0x4e ./Libraries/wch_libraries/Peripheral/ch32v10x_tim.o
                0x0000000000003020                TIM_SelectInputTrigger
 .text.TIM_EncoderInterfaceConfig
                0x000000000000306e       0xd8 ./Libraries/wch_libraries/Peripheral/ch32v10x_tim.o
                0x000000000000306e                TIM_EncoderInterfaceConfig
 .text.TIM_OC1PreloadConfig
                0x0000000000003146       0x4c ./Libraries/wch_libraries/Peripheral/ch32v10x_tim.o
                0x0000000000003146                TIM_OC1PreloadConfig
 .text.TIM_OC2PreloadConfig
                0x0000000000003192       0x5a ./Libraries/wch_libraries/Peripheral/ch32v10x_tim.o
                0x0000000000003192                TIM_OC2PreloadConfig
 .text.TIM_OC3PreloadConfig
                0x00000000000031ec       0x4c ./Libraries/wch_libraries/Peripheral/ch32v10x_tim.o
                0x00000000000031ec                TIM_OC3PreloadConfig
 .text.TIM_OC4PreloadConfig
                0x0000000000003238       0x5a ./Libraries/wch_libraries/Peripheral/ch32v10x_tim.o
                0x0000000000003238                TIM_OC4PreloadConfig
 .text.TIM_OC1FastConfig
                0x0000000000003292       0x4c ./Libraries/wch_libraries/Peripheral/ch32v10x_tim.o
                0x0000000000003292                TIM_OC1FastConfig
 .text.TIM_OC2FastConfig
                0x00000000000032de       0x56 ./Libraries/wch_libraries/Peripheral/ch32v10x_tim.o
                0x00000000000032de                TIM_OC2FastConfig
 .text.TIM_OC3FastConfig
                0x0000000000003334       0x4c ./Libraries/wch_libraries/Peripheral/ch32v10x_tim.o
                0x0000000000003334                TIM_OC3FastConfig
 .text.TIM_OC4FastConfig
                0x0000000000003380       0x56 ./Libraries/wch_libraries/Peripheral/ch32v10x_tim.o
                0x0000000000003380                TIM_OC4FastConfig
 .text.TIM_SelectSlaveMode
                0x00000000000033d6       0x56 ./Libraries/wch_libraries/Peripheral/ch32v10x_tim.o
                0x00000000000033d6                TIM_SelectSlaveMode
 .text.TIM_SelectMasterSlaveMode
                0x000000000000342c       0x58 ./Libraries/wch_libraries/Peripheral/ch32v10x_tim.o
                0x000000000000342c                TIM_SelectMasterSlaveMode
 .text.TIM_GetITStatus
                0x0000000000003484       0x70 ./Libraries/wch_libraries/Peripheral/ch32v10x_tim.o
                0x0000000000003484                TIM_GetITStatus
 .text.TIM_ClearITPendingBit
                0x00000000000034f4       0x2e ./Libraries/wch_libraries/Peripheral/ch32v10x_tim.o
                0x00000000000034f4                TIM_ClearITPendingBit
 .text.USART_Init
                0x0000000000003522      0x234 ./Libraries/wch_libraries/Peripheral/ch32v10x_usart.o
                0x0000000000003522                USART_Init
 .text.USART_Cmd
                0x0000000000003756       0x60 ./Libraries/wch_libraries/Peripheral/ch32v10x_usart.o
                0x0000000000003756                USART_Cmd
 .text.USART_ITConfig
                0x00000000000037b6       0xc4 ./Libraries/wch_libraries/Peripheral/ch32v10x_usart.o
                0x00000000000037b6                USART_ITConfig
 .text.USART_SendData
                0x000000000000387a       0x2e ./Libraries/wch_libraries/Peripheral/ch32v10x_usart.o
                0x000000000000387a                USART_SendData
 .text.USART_ReceiveData
                0x00000000000038a8       0x26 ./Libraries/wch_libraries/Peripheral/ch32v10x_usart.o
                0x00000000000038a8                USART_ReceiveData
 .text.USART_GetFlagStatus
                0x00000000000038ce       0x46 ./Libraries/wch_libraries/Peripheral/ch32v10x_usart.o
                0x00000000000038ce                USART_GetFlagStatus
 .text.USART_GetITStatus
                0x0000000000003914      0x102 ./Libraries/wch_libraries/Peripheral/ch32v10x_usart.o
                0x0000000000003914                USART_GetITStatus
 .text.USART_ClearITPendingBit
                0x0000000000003a16       0x4e ./Libraries/wch_libraries/Peripheral/ch32v10x_usart.o
                0x0000000000003a16                USART_ClearITPendingBit
 .text.mt9v03x_uart_callback
                0x0000000000003a64       0x70 ./Libraries/seekfree_peripheral/SEEKFREE_MT9V03X.o
                0x0000000000003a64                mt9v03x_uart_callback
 .text.set_config
                0x0000000000003ad4       0xf0 ./Libraries/seekfree_peripheral/SEEKFREE_MT9V03X.o
                0x0000000000003ad4                set_config
 .text.get_config
                0x0000000000003bc4       0xc8 ./Libraries/seekfree_peripheral/SEEKFREE_MT9V03X.o
                0x0000000000003bc4                get_config
 .text.mt9v03x_vsync_init
                0x0000000000003c8c       0x2a ./Libraries/seekfree_peripheral/SEEKFREE_MT9V03X.o
                0x0000000000003c8c                mt9v03x_vsync_init
 .text.mt9v03x_tim1_etr_init
                0x0000000000003cb6       0x1a ./Libraries/seekfree_peripheral/SEEKFREE_MT9V03X.o
                0x0000000000003cb6                mt9v03x_tim1_etr_init
 .text.mt9v03x_dma_init
                0x0000000000003cd0       0x76 ./Libraries/seekfree_peripheral/SEEKFREE_MT9V03X.o
                0x0000000000003cd0                mt9v03x_dma_init
 .text.mt9v03x_init
                0x0000000000003d46       0x88 ./Libraries/seekfree_peripheral/SEEKFREE_MT9V03X.o
                0x0000000000003d46                mt9v03x_init
 .text.mt9v03x_vsync
                0x0000000000003dce       0x36 ./Libraries/seekfree_peripheral/SEEKFREE_MT9V03X.o
                0x0000000000003dce                mt9v03x_vsync
 .text.mt9v03x_dma
                0x0000000000003e04       0x2e ./Libraries/seekfree_peripheral/SEEKFREE_MT9V03X.o
                0x0000000000003e04                mt9v03x_dma
 .text.oled_wrdat
                0x0000000000003e32       0xb4 ./Libraries/seekfree_peripheral/SEEKFREE_OLED.o
                0x0000000000003e32                oled_wrdat
 .text.oled_wrcmd
                0x0000000000003ee6       0xb4 ./Libraries/seekfree_peripheral/SEEKFREE_OLED.o
                0x0000000000003ee6                oled_wrcmd
 .text.oled_init
                0x0000000000003f9a      0x198 ./Libraries/seekfree_peripheral/SEEKFREE_OLED.o
                0x0000000000003f9a                oled_init
 .text.oled_set_pos
                0x0000000000004132       0xa0 ./Libraries/seekfree_peripheral/SEEKFREE_OLED.o
                0x0000000000004132                oled_set_pos
 .text.oled_fill
                0x00000000000041d2       0x72 ./Libraries/seekfree_peripheral/SEEKFREE_OLED.o
                0x00000000000041d2                oled_fill
 .text.oled_p6x8str
                0x0000000000004244       0xd6 ./Libraries/seekfree_peripheral/SEEKFREE_OLED.o
                0x0000000000004244                oled_p6x8str
 .text.oled_printf_int32
                0x000000000000431a       0xea ./Libraries/seekfree_peripheral/SEEKFREE_OLED.o
                0x000000000000431a                oled_printf_int32
 .text.oled_printf_float
                0x0000000000004404      0x19c ./Libraries/seekfree_peripheral/SEEKFREE_OLED.o
                0x0000000000004404                oled_printf_float
 .text.number_conversion_ascii
                0x00000000000045a0      0x11e ./Libraries/seekfree_peripheral/SEEKFREE_PRINTF.o
                0x00000000000045a0                number_conversion_ascii
 .text.printf_reverse_order
                0x00000000000046be       0x88 ./Libraries/seekfree_peripheral/SEEKFREE_PRINTF.o
                0x00000000000046be                printf_reverse_order
 .text.zf_sprintf
                0x0000000000004746      0x55a ./Libraries/seekfree_peripheral/SEEKFREE_PRINTF.o
                0x0000000000004746                zf_sprintf
 .text.ov7725_cof_uart_interrupt
                0x0000000000004ca0       0x70 ./Libraries/seekfree_peripheral/SEEKFREE_UART_7725.o
                0x0000000000004ca0                ov7725_cof_uart_interrupt
 .text.ov7725_uart_vsync
                0x0000000000004d10       0x36 ./Libraries/seekfree_peripheral/SEEKFREE_UART_7725.o
                0x0000000000004d10                ov7725_uart_vsync
 .text.ov7725_uart_dma
                0x0000000000004d46       0x2e ./Libraries/seekfree_peripheral/SEEKFREE_UART_7725.o
                0x0000000000004d46                ov7725_uart_dma
 .text.camera_dma_init
                0x0000000000004d74      0x15a ./Libraries/seekfree_libraries/zf_camera.o
                0x0000000000004d74                camera_dma_init
 .text.camera_tim_etr_init
                0x0000000000004ece      0x14a ./Libraries/seekfree_libraries/zf_camera.o
                0x0000000000004ece                camera_tim_etr_init
 .text.gpio_init
                0x0000000000005018      0x1a4 ./Libraries/seekfree_libraries/zf_gpio.o
                0x0000000000005018                gpio_init
 .text.gpio_set
                0x00000000000051bc       0x7e ./Libraries/seekfree_libraries/zf_gpio.o
                0x00000000000051bc                gpio_set
 .text.gpio_interrupt_init
                0x000000000000523a       0x82 ./Libraries/seekfree_libraries/zf_gpio.o
                0x000000000000523a                gpio_interrupt_init
 .text.nvic_init
                0x00000000000052bc       0xac ./Libraries/seekfree_libraries/zf_nvic.o
                0x00000000000052bc                nvic_init
 .text.close_all_irq
                0x0000000000005368       0x22 ./Libraries/seekfree_libraries/zf_nvic.o
                0x0000000000005368                close_all_irq
 .text.sys_recover_irq
                0x000000000000538a       0x30 ./Libraries/seekfree_libraries/zf_nvic.o
                0x000000000000538a                sys_recover_irq
 .text.DisableGlobalIRQ
                0x00000000000053ba       0x4a ./Libraries/seekfree_libraries/zf_nvic.o
                0x00000000000053ba                DisableGlobalIRQ
 .text.EnableGlobalIRQ
                0x0000000000005404       0x2e ./Libraries/seekfree_libraries/zf_nvic.o
                0x0000000000005404                EnableGlobalIRQ
 .text.pwm_gpio_init
                0x0000000000005432      0x364 ./Libraries/seekfree_libraries/zf_pwm.o
                0x0000000000005432                pwm_gpio_init
 .text.pwm_init
                0x0000000000005796      0x3c4 ./Libraries/seekfree_libraries/zf_pwm.o
                0x0000000000005796                pwm_init
 .text.pwm_duty
                0x0000000000005b5a       0xf2 ./Libraries/seekfree_libraries/zf_pwm.o
                0x0000000000005b5a                pwm_duty
 .text.timer_gpio_quad_init
                0x0000000000005c4c      0x170 ./Libraries/seekfree_libraries/zf_qtimer.o
                0x0000000000005c4c                timer_gpio_quad_init
 .text.timer_quad_init
                0x0000000000005dbc      0x15e ./Libraries/seekfree_libraries/zf_qtimer.o
                0x0000000000005dbc                timer_quad_init
 .text.timer_quad_get
                0x0000000000005f1a       0x32 ./Libraries/seekfree_libraries/zf_qtimer.o
                0x0000000000005f1a                timer_quad_get
 .text.timer_quad_clear
                0x0000000000005f4c       0x26 ./Libraries/seekfree_libraries/zf_qtimer.o
                0x0000000000005f4c                timer_quad_clear
 .text.systick_delay
                0x0000000000005f72       0x94 ./Libraries/seekfree_libraries/zf_systick.o
                0x0000000000005f72                systick_delay
 .text.uart_gpio_init
                0x0000000000006006       0xec ./Libraries/seekfree_libraries/zf_uart.o
                0x0000000000006006                uart_gpio_init
 .text.uart_init
                0x00000000000060f2      0x106 ./Libraries/seekfree_libraries/zf_uart.o
                0x00000000000060f2                uart_init
 .text.uart_putchar
                0x00000000000061f8       0x56 ./Libraries/seekfree_libraries/zf_uart.o
                0x00000000000061f8                uart_putchar
 .text.uart_putbuff
                0x000000000000624e       0x48 ./Libraries/seekfree_libraries/zf_uart.o
                0x000000000000624e                uart_putbuff
 .text.uart_rx_irq
                0x0000000000006296       0x50 ./Libraries/seekfree_libraries/zf_uart.o
                0x0000000000006296                uart_rx_irq
 .text.uart_query
                0x00000000000062e6       0x5e ./Libraries/seekfree_libraries/zf_uart.o
                0x00000000000062e6                uart_query
 .text.board_init
                0x0000000000006344       0x4c ./Libraries/board/board.o
                0x0000000000006344                board_init
 .text._write   0x0000000000006390       0x7c ./Libraries/board/board.o
                0x0000000000006390                _write
 .text.SetSysClock
                0x000000000000640c      0x140 ./Libraries/board/clock_config.o
 .text.SystemInit
                0x000000000000654c       0x7e ./Libraries/board/clock_config.o
                0x000000000000654c                SystemInit
 .text.Motorinit
                0x00000000000065ca       0x8e ./CODE/Motor.o
                0x00000000000065ca                Motorinit
 .text.xianfu   0x0000000000006658       0x42 ./CODE/Motor.o
                0x0000000000006658                xianfu
 .text.Motor_Set
                0x000000000000669a       0xe2 ./CODE/Motor.o
                0x000000000000669a                Motor_Set
 .text.PID_Init
                0x000000000000677c       0x58 ./CODE/Motor.o
                0x000000000000677c                PID_Init
 .text.GetspeedPID
                0x00000000000067d4      0x118 ./CODE/Motor.o
                0x00000000000067d4                GetspeedPID
 .text.GetposPID
                0x00000000000068ec      0x112 ./CODE/Motor.o
                0x00000000000068ec                GetposPID
 .text.CheckSum
                0x00000000000069fe       0x4c ./CODE/debug_usart.o
                0x00000000000069fe                CheckSum
 .text.Analyse_Data_Callback
                0x0000000000006a4a      0x23c ./CODE/debug_usart.o
                0x0000000000006a4a                Analyse_Data_Callback
 .text.Encoder_master_init
                0x0000000000006c86       0x26 ./CODE/encoder.o
                0x0000000000006c86                Encoder_master_init
 .text.Encoder_master_get
                0x0000000000006cac       0x5a ./CODE/encoder.o
                0x0000000000006cac                Encoder_master_get
 .text.GetHistGram1
                0x0000000000006d06       0x86 ./CODE/jf_data.o
                0x0000000000006d06                GetHistGram1
 .text.OSTUThreshold1
                0x0000000000006d8c      0x382 ./CODE/jf_data.o
                0x0000000000006d8c                OSTUThreshold1
 .text.floor    0x000000000000710e      0x150 d:/qinheng/mounriver_studio/toolchain/risc-v embedded gcc/bin/../lib/gcc/riscv-none-embed/8.2.0/../../../../riscv-none-embed/lib/rv32imac/ilp32\libm.a(lib_a-s_floor.o)
                0x000000000000710e                floor
 .text.__adddf3
                0x000000000000725e      0x730 d:/qinheng/mounriver_studio/toolchain/risc-v embedded gcc/bin/../lib/gcc/riscv-none-embed/8.2.0/rv32imac/ilp32\libgcc.a(adddf3.o)
                0x000000000000725e                __adddf3
 .text.__divdf3
                0x000000000000798e      0x5b4 d:/qinheng/mounriver_studio/toolchain/risc-v embedded gcc/bin/../lib/gcc/riscv-none-embed/8.2.0/rv32imac/ilp32\libgcc.a(divdf3.o)
                0x000000000000798e                __divdf3
 .text.__eqdf2  0x0000000000007f42       0x6a d:/qinheng/mounriver_studio/toolchain/risc-v embedded gcc/bin/../lib/gcc/riscv-none-embed/8.2.0/rv32imac/ilp32\libgcc.a(eqdf2.o)
                0x0000000000007f42                __nedf2
                0x0000000000007f42                __eqdf2
 .text.__gedf2  0x0000000000007fac       0xae d:/qinheng/mounriver_studio/toolchain/risc-v embedded gcc/bin/../lib/gcc/riscv-none-embed/8.2.0/rv32imac/ilp32\libgcc.a(gedf2.o)
                0x0000000000007fac                __gedf2
                0x0000000000007fac                __gtdf2
 .text.__ledf2  0x000000000000805a       0xb6 d:/qinheng/mounriver_studio/toolchain/risc-v embedded gcc/bin/../lib/gcc/riscv-none-embed/8.2.0/rv32imac/ilp32\libgcc.a(ledf2.o)
                0x000000000000805a                __ledf2
                0x000000000000805a                __ltdf2
 .text.__muldf3
                0x0000000000008110      0x4b8 d:/qinheng/mounriver_studio/toolchain/risc-v embedded gcc/bin/../lib/gcc/riscv-none-embed/8.2.0/rv32imac/ilp32\libgcc.a(muldf3.o)
                0x0000000000008110                __muldf3
 .text.__subdf3
                0x00000000000085c8      0x73e d:/qinheng/mounriver_studio/toolchain/risc-v embedded gcc/bin/../lib/gcc/riscv-none-embed/8.2.0/rv32imac/ilp32\libgcc.a(subdf3.o)
                0x00000000000085c8                __subdf3
 .text.__fixdfsi
                0x0000000000008d06       0x68 d:/qinheng/mounriver_studio/toolchain/risc-v embedded gcc/bin/../lib/gcc/riscv-none-embed/8.2.0/rv32imac/ilp32\libgcc.a(fixdfsi.o)
                0x0000000000008d06                __fixdfsi
 .text.__floatsidf
                0x0000000000008d6e       0x72 d:/qinheng/mounriver_studio/toolchain/risc-v embedded gcc/bin/../lib/gcc/riscv-none-embed/8.2.0/rv32imac/ilp32\libgcc.a(floatsidf.o)
                0x0000000000008d6e                __floatsidf
 .text.__floatunsidf
                0x0000000000008de0       0x68 d:/qinheng/mounriver_studio/toolchain/risc-v embedded gcc/bin/../lib/gcc/riscv-none-embed/8.2.0/rv32imac/ilp32\libgcc.a(floatunsidf.o)
                0x0000000000008de0                __floatunsidf
 .text.__addsf3
                0x0000000000008e48      0x36a d:/qinheng/mounriver_studio/toolchain/risc-v embedded gcc/bin/../lib/gcc/riscv-none-embed/8.2.0/rv32imac/ilp32\libgcc.a(addsf3.o)
                0x0000000000008e48                __addsf3
 .text.__gesf2  0x00000000000091b2       0x86 d:/qinheng/mounriver_studio/toolchain/risc-v embedded gcc/bin/../lib/gcc/riscv-none-embed/8.2.0/rv32imac/ilp32\libgcc.a(gesf2.o)
                0x00000000000091b2                __gesf2
                0x00000000000091b2                __gtsf2
 .text.__lesf2  0x0000000000009238       0x8c d:/qinheng/mounriver_studio/toolchain/risc-v embedded gcc/bin/../lib/gcc/riscv-none-embed/8.2.0/rv32imac/ilp32\libgcc.a(lesf2.o)
                0x0000000000009238                __ltsf2
                0x0000000000009238                __lesf2
 .text.__mulsf3
                0x00000000000092c4      0x290 d:/qinheng/mounriver_studio/toolchain/risc-v embedded gcc/bin/../lib/gcc/riscv-none-embed/8.2.0/rv32imac/ilp32\libgcc.a(mulsf3.o)
                0x00000000000092c4                __mulsf3
 .text.__subsf3
                0x0000000000009554      0x388 d:/qinheng/mounriver_studio/toolchain/risc-v embedded gcc/bin/../lib/gcc/riscv-none-embed/8.2.0/rv32imac/ilp32\libgcc.a(subsf3.o)
                0x0000000000009554                __subsf3
 .text.__fixsfsi
                0x00000000000098dc       0x62 d:/qinheng/mounriver_studio/toolchain/risc-v embedded gcc/bin/../lib/gcc/riscv-none-embed/8.2.0/rv32imac/ilp32\libgcc.a(fixsfsi.o)
                0x00000000000098dc                __fixsfsi
 .text.__floatsisf
                0x000000000000993e       0xc6 d:/qinheng/mounriver_studio/toolchain/risc-v embedded gcc/bin/../lib/gcc/riscv-none-embed/8.2.0/rv32imac/ilp32\libgcc.a(floatsisf.o)
                0x000000000000993e                __floatsisf
 .text.__extendsfdf2
                0x0000000000009a04       0xac d:/qinheng/mounriver_studio/toolchain/risc-v embedded gcc/bin/../lib/gcc/riscv-none-embed/8.2.0/rv32imac/ilp32\libgcc.a(extendsfdf2.o)
                0x0000000000009a04                __extendsfdf2
 .text.__clzsi2
                0x0000000000009ab0       0x76 d:/qinheng/mounriver_studio/toolchain/risc-v embedded gcc/bin/../lib/gcc/riscv-none-embed/8.2.0/rv32imac/ilp32\libgcc.a(_clzsi2.o)
                0x0000000000009ab0                __clzsi2
 .text.__assert_func
                0x0000000000009b26       0x3a d:/qinheng/mounriver_studio/toolchain/risc-v embedded gcc/bin/../lib/gcc/riscv-none-embed/8.2.0/../../../../riscv-none-embed/lib/rv32imac/ilp32\libg_nano.a(lib_a-assert.o)
                0x0000000000009b26                __assert_func
 .text.fprintf  0x0000000000009b60       0x26 d:/qinheng/mounriver_studio/toolchain/risc-v embedded gcc/bin/../lib/gcc/riscv-none-embed/8.2.0/../../../../riscv-none-embed/lib/rv32imac/ilp32\libg_nano.a(lib_a-fprintf.o)
                0x0000000000009b60                fiprintf
                0x0000000000009b60                fprintf
 .text.memcpy   0x0000000000009b86       0xb6 d:/qinheng/mounriver_studio/toolchain/risc-v embedded gcc/bin/../lib/gcc/riscv-none-embed/8.2.0/../../../../riscv-none-embed/lib/rv32imac/ilp32\libg_nano.a(lib_a-memcpy.o)
                0x0000000000009b86                memcpy
 .text.__sfputc_r
                0x0000000000009c3c       0x28 d:/qinheng/mounriver_studio/toolchain/risc-v embedded gcc/bin/../lib/gcc/riscv-none-embed/8.2.0/../../../../riscv-none-embed/lib/rv32imac/ilp32\libg_nano.a(lib_a-nano-vfprintf.o)
 .text.__sfputs_r
                0x0000000000009c64       0x44 d:/qinheng/mounriver_studio/toolchain/risc-v embedded gcc/bin/../lib/gcc/riscv-none-embed/8.2.0/../../../../riscv-none-embed/lib/rv32imac/ilp32\libg_nano.a(lib_a-nano-vfprintf.o)
                0x0000000000009c64                __sfputs_r
 .text._vfprintf_r
                0x0000000000009ca8      0x2a0 d:/qinheng/mounriver_studio/toolchain/risc-v embedded gcc/bin/../lib/gcc/riscv-none-embed/8.2.0/../../../../riscv-none-embed/lib/rv32imac/ilp32\libg_nano.a(lib_a-nano-vfprintf.o)
                0x0000000000009ca8                _vfprintf_r
                0x0000000000009ca8                _vfiprintf_r
 .text._printf_common
                0x0000000000009f48      0x10c d:/qinheng/mounriver_studio/toolchain/risc-v embedded gcc/bin/../lib/gcc/riscv-none-embed/8.2.0/../../../../riscv-none-embed/lib/rv32imac/ilp32\libg_nano.a(lib_a-nano-vfprintf_i.o)
                0x0000000000009f48                _printf_common
 .text._printf_i
                0x000000000000a054      0x2a4 d:/qinheng/mounriver_studio/toolchain/risc-v embedded gcc/bin/../lib/gcc/riscv-none-embed/8.2.0/../../../../riscv-none-embed/lib/rv32imac/ilp32\libg_nano.a(lib_a-nano-vfprintf_i.o)
                0x000000000000a054                _printf_i
 .text.printf   0x000000000000a2f8       0x40 d:/qinheng/mounriver_studio/toolchain/risc-v embedded gcc/bin/../lib/gcc/riscv-none-embed/8.2.0/../../../../riscv-none-embed/lib/rv32imac/ilp32\libg_nano.a(lib_a-printf.o)
                0x000000000000a2f8                iprintf
                0x000000000000a2f8                printf
 .text.__swbuf_r
                0x000000000000a338       0xc0 d:/qinheng/mounriver_studio/toolchain/risc-v embedded gcc/bin/../lib/gcc/riscv-none-embed/8.2.0/../../../../riscv-none-embed/lib/rv32imac/ilp32\libg_nano.a(lib_a-wbuf.o)
                0x000000000000a338                __swbuf_r
 .text.__swsetup_r
                0x000000000000a3f8      0x10c d:/qinheng/mounriver_studio/toolchain/risc-v embedded gcc/bin/../lib/gcc/riscv-none-embed/8.2.0/../../../../riscv-none-embed/lib/rv32imac/ilp32\libg_nano.a(lib_a-wsetup.o)
                0x000000000000a3f8                __swsetup_r
 .text.abort    0x000000000000a504        0xe d:/qinheng/mounriver_studio/toolchain/risc-v embedded gcc/bin/../lib/gcc/riscv-none-embed/8.2.0/../../../../riscv-none-embed/lib/rv32imac/ilp32\libg_nano.a(lib_a-abort.o)
                0x000000000000a504                abort
 .text.__sflush_r
                0x000000000000a512      0x13c d:/qinheng/mounriver_studio/toolchain/risc-v embedded gcc/bin/../lib/gcc/riscv-none-embed/8.2.0/../../../../riscv-none-embed/lib/rv32imac/ilp32\libg_nano.a(lib_a-fflush.o)
                0x000000000000a512                __sflush_r
 .text._fflush_r
                0x000000000000a64e       0x66 d:/qinheng/mounriver_studio/toolchain/risc-v embedded gcc/bin/../lib/gcc/riscv-none-embed/8.2.0/../../../../riscv-none-embed/lib/rv32imac/ilp32\libg_nano.a(lib_a-fflush.o)
                0x000000000000a64e                _fflush_r
 .text.std      0x000000000000a6b4       0x6a d:/qinheng/mounriver_studio/toolchain/risc-v embedded gcc/bin/../lib/gcc/riscv-none-embed/8.2.0/../../../../riscv-none-embed/lib/rv32imac/ilp32\libg_nano.a(lib_a-findfp.o)
 .text._cleanup_r
                0x000000000000a71e        0xa d:/qinheng/mounriver_studio/toolchain/risc-v embedded gcc/bin/../lib/gcc/riscv-none-embed/8.2.0/../../../../riscv-none-embed/lib/rv32imac/ilp32\libg_nano.a(lib_a-findfp.o)
                0x000000000000a71e                _cleanup_r
 .text.__sfmoreglue
                0x000000000000a728       0x46 d:/qinheng/mounriver_studio/toolchain/risc-v embedded gcc/bin/../lib/gcc/riscv-none-embed/8.2.0/../../../../riscv-none-embed/lib/rv32imac/ilp32\libg_nano.a(lib_a-findfp.o)
                0x000000000000a728                __sfmoreglue
 .text.__sinit  0x000000000000a76e       0x6c d:/qinheng/mounriver_studio/toolchain/risc-v embedded gcc/bin/../lib/gcc/riscv-none-embed/8.2.0/../../../../riscv-none-embed/lib/rv32imac/ilp32\libg_nano.a(lib_a-findfp.o)
                0x000000000000a76e                __sinit
 .text.__sfp    0x000000000000a7da       0xa0 d:/qinheng/mounriver_studio/toolchain/risc-v embedded gcc/bin/../lib/gcc/riscv-none-embed/8.2.0/../../../../riscv-none-embed/lib/rv32imac/ilp32\libg_nano.a(lib_a-findfp.o)
                0x000000000000a7da                __sfp
 .text._fwalk_reent
                0x000000000000a87a       0x6c d:/qinheng/mounriver_studio/toolchain/risc-v embedded gcc/bin/../lib/gcc/riscv-none-embed/8.2.0/../../../../riscv-none-embed/lib/rv32imac/ilp32\libg_nano.a(lib_a-fwalk.o)
                0x000000000000a87a                _fwalk_reent
 .text.__swhatbuf_r
                0x000000000000a8e6       0x58 d:/qinheng/mounriver_studio/toolchain/risc-v embedded gcc/bin/../lib/gcc/riscv-none-embed/8.2.0/../../../../riscv-none-embed/lib/rv32imac/ilp32\libg_nano.a(lib_a-makebuf.o)
                0x000000000000a8e6                __swhatbuf_r
 .text.__smakebuf_r
                0x000000000000a93e       0x9e d:/qinheng/mounriver_studio/toolchain/risc-v embedded gcc/bin/../lib/gcc/riscv-none-embed/8.2.0/../../../../riscv-none-embed/lib/rv32imac/ilp32\libg_nano.a(lib_a-makebuf.o)
                0x000000000000a93e                __smakebuf_r
 .text.memchr   0x000000000000a9dc       0x1a d:/qinheng/mounriver_studio/toolchain/risc-v embedded gcc/bin/../lib/gcc/riscv-none-embed/8.2.0/../../../../riscv-none-embed/lib/rv32imac/ilp32\libg_nano.a(lib_a-memchr.o)
                0x000000000000a9dc                memchr
 .text._free_r  0x000000000000a9f6       0xa4 d:/qinheng/mounriver_studio/toolchain/risc-v embedded gcc/bin/../lib/gcc/riscv-none-embed/8.2.0/../../../../riscv-none-embed/lib/rv32imac/ilp32\libg_nano.a(lib_a-nano-freer.o)
                0x000000000000a9f6                _free_r
 .text._malloc_r
                0x000000000000aa9a       0xce d:/qinheng/mounriver_studio/toolchain/risc-v embedded gcc/bin/../lib/gcc/riscv-none-embed/8.2.0/../../../../riscv-none-embed/lib/rv32imac/ilp32\libg_nano.a(lib_a-nano-mallocr.o)
                0x000000000000aa9a                _malloc_r
 .text._sbrk_r  0x000000000000ab68       0x30 d:/qinheng/mounriver_studio/toolchain/risc-v embedded gcc/bin/../lib/gcc/riscv-none-embed/8.2.0/../../../../riscv-none-embed/lib/rv32imac/ilp32\libg_nano.a(lib_a-sbrkr.o)
                0x000000000000ab68                _sbrk_r
 .text._raise_r
                0x000000000000ab98       0x62 d:/qinheng/mounriver_studio/toolchain/risc-v embedded gcc/bin/../lib/gcc/riscv-none-embed/8.2.0/../../../../riscv-none-embed/lib/rv32imac/ilp32\libg_nano.a(lib_a-signal.o)
                0x000000000000ab98                _raise_r
 .text.raise    0x000000000000abfa        0xc d:/qinheng/mounriver_studio/toolchain/risc-v embedded gcc/bin/../lib/gcc/riscv-none-embed/8.2.0/../../../../riscv-none-embed/lib/rv32imac/ilp32\libg_nano.a(lib_a-signal.o)
                0x000000000000abfa                raise
 .text._kill_r  0x000000000000ac06       0x32 d:/qinheng/mounriver_studio/toolchain/risc-v embedded gcc/bin/../lib/gcc/riscv-none-embed/8.2.0/../../../../riscv-none-embed/lib/rv32imac/ilp32\libg_nano.a(lib_a-signalr.o)
                0x000000000000ac06                _kill_r
 .text._getpid_r
                0x000000000000ac38        0x2 d:/qinheng/mounriver_studio/toolchain/risc-v embedded gcc/bin/../lib/gcc/riscv-none-embed/8.2.0/../../../../riscv-none-embed/lib/rv32imac/ilp32\libg_nano.a(lib_a-signalr.o)
                0x000000000000ac38                _getpid_r
 .text.__sread  0x000000000000ac3a       0x30 d:/qinheng/mounriver_studio/toolchain/risc-v embedded gcc/bin/../lib/gcc/riscv-none-embed/8.2.0/../../../../riscv-none-embed/lib/rv32imac/ilp32\libg_nano.a(lib_a-stdio.o)
                0x000000000000ac3a                __sread
 .text.__swrite
                0x000000000000ac6a       0x4e d:/qinheng/mounriver_studio/toolchain/risc-v embedded gcc/bin/../lib/gcc/riscv-none-embed/8.2.0/../../../../riscv-none-embed/lib/rv32imac/ilp32\libg_nano.a(lib_a-stdio.o)
                0x000000000000ac6a                __swrite
 .text.__sseek  0x000000000000acb8       0x36 d:/qinheng/mounriver_studio/toolchain/risc-v embedded gcc/bin/../lib/gcc/riscv-none-embed/8.2.0/../../../../riscv-none-embed/lib/rv32imac/ilp32\libg_nano.a(lib_a-stdio.o)
                0x000000000000acb8                __sseek
 .text.__sclose
                0x000000000000acee        0x6 d:/qinheng/mounriver_studio/toolchain/risc-v embedded gcc/bin/../lib/gcc/riscv-none-embed/8.2.0/../../../../riscv-none-embed/lib/rv32imac/ilp32\libg_nano.a(lib_a-stdio.o)
                0x000000000000acee                __sclose
 .text._write_r
                0x000000000000acf4       0x36 d:/qinheng/mounriver_studio/toolchain/risc-v embedded gcc/bin/../lib/gcc/riscv-none-embed/8.2.0/../../../../riscv-none-embed/lib/rv32imac/ilp32\libg_nano.a(lib_a-writer.o)
                0x000000000000acf4                _write_r
 .text._close_r
                0x000000000000ad2a       0x30 d:/qinheng/mounriver_studio/toolchain/risc-v embedded gcc/bin/../lib/gcc/riscv-none-embed/8.2.0/../../../../riscv-none-embed/lib/rv32imac/ilp32\libg_nano.a(lib_a-closer.o)
                0x000000000000ad2a                _close_r
 .text._fstat_r
                0x000000000000ad5a       0x32 d:/qinheng/mounriver_studio/toolchain/risc-v embedded gcc/bin/../lib/gcc/riscv-none-embed/8.2.0/../../../../riscv-none-embed/lib/rv32imac/ilp32\libg_nano.a(lib_a-fstatr.o)
                0x000000000000ad5a                _fstat_r
 .text._isatty_r
                0x000000000000ad8c       0x30 d:/qinheng/mounriver_studio/toolchain/risc-v embedded gcc/bin/../lib/gcc/riscv-none-embed/8.2.0/../../../../riscv-none-embed/lib/rv32imac/ilp32\libg_nano.a(lib_a-isattyr.o)
                0x000000000000ad8c                _isatty_r
 .text._lseek_r
                0x000000000000adbc       0x34 d:/qinheng/mounriver_studio/toolchain/risc-v embedded gcc/bin/../lib/gcc/riscv-none-embed/8.2.0/../../../../riscv-none-embed/lib/rv32imac/ilp32\libg_nano.a(lib_a-lseekr.o)
                0x000000000000adbc                _lseek_r
 .text.__malloc_lock
                0x000000000000adf0        0x2 d:/qinheng/mounriver_studio/toolchain/risc-v embedded gcc/bin/../lib/gcc/riscv-none-embed/8.2.0/../../../../riscv-none-embed/lib/rv32imac/ilp32\libg_nano.a(lib_a-mlock.o)
                0x000000000000adf0                __malloc_lock
 .text.__malloc_unlock
                0x000000000000adf2        0x2 d:/qinheng/mounriver_studio/toolchain/risc-v embedded gcc/bin/../lib/gcc/riscv-none-embed/8.2.0/../../../../riscv-none-embed/lib/rv32imac/ilp32\libg_nano.a(lib_a-mlock.o)
                0x000000000000adf2                __malloc_unlock
 .text._read_r  0x000000000000adf4       0x34 d:/qinheng/mounriver_studio/toolchain/risc-v embedded gcc/bin/../lib/gcc/riscv-none-embed/8.2.0/../../../../riscv-none-embed/lib/rv32imac/ilp32\libg_nano.a(lib_a-readr.o)
                0x000000000000adf4                _read_r
 .text._close   0x000000000000ae28       0x10 d:/qinheng/mounriver_studio/toolchain/risc-v embedded gcc/bin/../lib/gcc/riscv-none-embed/8.2.0/../../../../riscv-none-embed/lib/rv32imac/ilp32\libnosys.a(close.o)
                0x000000000000ae28                _close
 .text._fstat   0x000000000000ae38       0x10 d:/qinheng/mounriver_studio/toolchain/risc-v embedded gcc/bin/../lib/gcc/riscv-none-embed/8.2.0/../../../../riscv-none-embed/lib/rv32imac/ilp32\libnosys.a(fstat.o)
                0x000000000000ae38                _fstat
 .text._getpid  0x000000000000ae48       0x10 d:/qinheng/mounriver_studio/toolchain/risc-v embedded gcc/bin/../lib/gcc/riscv-none-embed/8.2.0/../../../../riscv-none-embed/lib/rv32imac/ilp32\libnosys.a(getpid.o)
                0x000000000000ae48                _getpid
 .text._isatty  0x000000000000ae58       0x10 d:/qinheng/mounriver_studio/toolchain/risc-v embedded gcc/bin/../lib/gcc/riscv-none-embed/8.2.0/../../../../riscv-none-embed/lib/rv32imac/ilp32\libnosys.a(isatty.o)
                0x000000000000ae58                _isatty
 .text._kill    0x000000000000ae68       0x10 d:/qinheng/mounriver_studio/toolchain/risc-v embedded gcc/bin/../lib/gcc/riscv-none-embed/8.2.0/../../../../riscv-none-embed/lib/rv32imac/ilp32\libnosys.a(kill.o)
                0x000000000000ae68                _kill
 .text._lseek   0x000000000000ae78       0x10 d:/qinheng/mounriver_studio/toolchain/risc-v embedded gcc/bin/../lib/gcc/riscv-none-embed/8.2.0/../../../../riscv-none-embed/lib/rv32imac/ilp32\libnosys.a(lseek.o)
                0x000000000000ae78                _lseek
 .text._read    0x000000000000ae88       0x10 d:/qinheng/mounriver_studio/toolchain/risc-v embedded gcc/bin/../lib/gcc/riscv-none-embed/8.2.0/../../../../riscv-none-embed/lib/rv32imac/ilp32\libnosys.a(read.o)
                0x000000000000ae88                _read
 .text._sbrk    0x000000000000ae98       0x24 d:/qinheng/mounriver_studio/toolchain/risc-v embedded gcc/bin/../lib/gcc/riscv-none-embed/8.2.0/../../../../riscv-none-embed/lib/rv32imac/ilp32\libnosys.a(sbrk.o)
                0x000000000000ae98                _sbrk
 .text._exit    0x000000000000aebc        0x2 d:/qinheng/mounriver_studio/toolchain/risc-v embedded gcc/bin/../lib/gcc/riscv-none-embed/8.2.0/../../../../riscv-none-embed/lib/rv32imac/ilp32\libnosys.a(_exit.o)
                0x000000000000aebc                _exit
 *(.rodata)
 *fill*         0x000000000000aebe        0x2 
 .rodata        0x000000000000aec0       0x74 ./USER/main.o
 .rodata        0x000000000000af34       0x5f ./Libraries/seekfree_peripheral/SEEKFREE_OLED.o
 *fill*         0x000000000000af93        0x5 
 .rodata        0x000000000000af98        0x8 ./Libraries/seekfree_peripheral/SEEKFREE_PRINTF.o
 .rodata        0x000000000000afa0        0x8 ./CODE/Motor.o
 .rodata        0x000000000000afa8        0x8 ./CODE/jf_data.o
 *(.rodata*)
 .rodata.main   0x000000000000afb0       0x18 ./USER/main.o
 .rodata.oled_6x8
                0x000000000000afc8      0x228 ./Libraries/seekfree_peripheral/SEEKFREE_FONT.o
                0x000000000000afc8                oled_6x8
 .rodata.__func__.3175
                0x000000000000b1f0        0xd ./Libraries/seekfree_peripheral/SEEKFREE_OLED.o
 *fill*         0x000000000000b1fd        0x3 
 .rodata.zf_sprintf
                0x000000000000b200      0x150 ./Libraries/seekfree_peripheral/SEEKFREE_PRINTF.o
 .rodata.GPION  0x000000000000b350       0x10 ./Libraries/seekfree_libraries/zf_gpio.o
                0x000000000000b350                GPION
 .rodata.TIMERN
                0x000000000000b360       0x10 ./Libraries/seekfree_libraries/zf_qtimer.o
                0x000000000000b360                TIMERN
 .rodata.UARTN  0x000000000000b370       0x10 ./Libraries/seekfree_libraries/zf_uart.o
                0x000000000000b370                UARTN
 .rodata.floor.cst8
                0x000000000000b380        0x8 d:/qinheng/mounriver_studio/toolchain/risc-v embedded gcc/bin/../lib/gcc/riscv-none-embed/8.2.0/../../../../riscv-none-embed/lib/rv32imac/ilp32\libm.a(lib_a-s_floor.o)
 .rodata.__divdf3
                0x000000000000b388       0x40 d:/qinheng/mounriver_studio/toolchain/risc-v embedded gcc/bin/../lib/gcc/riscv-none-embed/8.2.0/rv32imac/ilp32\libgcc.a(divdf3.o)
 .rodata.__muldf3
                0x000000000000b3c8       0x40 d:/qinheng/mounriver_studio/toolchain/risc-v embedded gcc/bin/../lib/gcc/riscv-none-embed/8.2.0/rv32imac/ilp32\libgcc.a(muldf3.o)
 .rodata.__mulsf3
                0x000000000000b408       0x40 d:/qinheng/mounriver_studio/toolchain/risc-v embedded gcc/bin/../lib/gcc/riscv-none-embed/8.2.0/rv32imac/ilp32\libgcc.a(mulsf3.o)
 .rodata.__clz_tab
                0x000000000000b448      0x100 d:/qinheng/mounriver_studio/toolchain/risc-v embedded gcc/bin/../lib/gcc/riscv-none-embed/8.2.0/rv32imac/ilp32\libgcc.a(_clz.o)
                0x000000000000b448                __clz_tab
 .rodata.__assert_func.str1.4
                0x000000000000b548       0x3f d:/qinheng/mounriver_studio/toolchain/risc-v embedded gcc/bin/../lib/gcc/riscv-none-embed/8.2.0/../../../../riscv-none-embed/lib/rv32imac/ilp32\libg_nano.a(lib_a-assert.o)
                                         0x43 (size before relaxing)
 *fill*         0x000000000000b587        0x1 
 .rodata._vfprintf_r.str1.4
                0x000000000000b588       0x13 d:/qinheng/mounriver_studio/toolchain/risc-v embedded gcc/bin/../lib/gcc/riscv-none-embed/8.2.0/../../../../riscv-none-embed/lib/rv32imac/ilp32\libg_nano.a(lib_a-nano-vfprintf.o)
 *fill*         0x000000000000b59b        0x1 
 .rodata._printf_i.str1.4
                0x000000000000b59c       0x28 d:/qinheng/mounriver_studio/toolchain/risc-v embedded gcc/bin/../lib/gcc/riscv-none-embed/8.2.0/../../../../riscv-none-embed/lib/rv32imac/ilp32\libg_nano.a(lib_a-nano-vfprintf_i.o)
                                         0x25 (size before relaxing)
 .rodata.__sf_fake_stderr
                0x000000000000b5c4       0x20 d:/qinheng/mounriver_studio/toolchain/risc-v embedded gcc/bin/../lib/gcc/riscv-none-embed/8.2.0/../../../../riscv-none-embed/lib/rv32imac/ilp32\libg_nano.a(lib_a-findfp.o)
                0x000000000000b5c4                __sf_fake_stderr
 .rodata.__sf_fake_stdin
                0x000000000000b5e4       0x20 d:/qinheng/mounriver_studio/toolchain/risc-v embedded gcc/bin/../lib/gcc/riscv-none-embed/8.2.0/../../../../riscv-none-embed/lib/rv32imac/ilp32\libg_nano.a(lib_a-findfp.o)
                0x000000000000b5e4                __sf_fake_stdin
 .rodata.__sf_fake_stdout
                0x000000000000b604       0x20 d:/qinheng/mounriver_studio/toolchain/risc-v embedded gcc/bin/../lib/gcc/riscv-none-embed/8.2.0/../../../../riscv-none-embed/lib/rv32imac/ilp32\libg_nano.a(lib_a-findfp.o)
                0x000000000000b604                __sf_fake_stdout
 *(.glue_7)
 *(.glue_7t)
 *(.gnu.linkonce.t.*)
                0x000000000000b624                . = ALIGN (0x4)

.rela.dyn       0x000000000000b624        0x0
 .rela.init     0x000000000000b624        0x0 ./USER/isr.o
 .rela.vector   0x000000000000b624        0x0 ./USER/isr.o
 .rela.text.handle_reset
                0x000000000000b624        0x0 ./USER/isr.o
 .rela.text._vfprintf_r
                0x000000000000b624        0x0 ./USER/isr.o
 .rela.text._sbrk_r
                0x000000000000b624        0x0 ./USER/isr.o
 .rela.text._kill_r
                0x000000000000b624        0x0 ./USER/isr.o
 .rela.text._write_r
                0x000000000000b624        0x0 ./USER/isr.o
 .rela.text._close_r
                0x000000000000b624        0x0 ./USER/isr.o
 .rela.text._fstat_r
                0x000000000000b624        0x0 ./USER/isr.o
 .rela.text._isatty_r
                0x000000000000b624        0x0 ./USER/isr.o
 .rela.text._lseek_r
                0x000000000000b624        0x0 ./USER/isr.o
 .rela.text._read_r
                0x000000000000b624        0x0 ./USER/isr.o
 .rela.text._close
                0x000000000000b624        0x0 ./USER/isr.o
 .rela.text._fstat
                0x000000000000b624        0x0 ./USER/isr.o
 .rela.text._getpid
                0x000000000000b624        0x0 ./USER/isr.o
 .rela.text._isatty
                0x000000000000b624        0x0 ./USER/isr.o
 .rela.text._kill
                0x000000000000b624        0x0 ./USER/isr.o
 .rela.text._lseek
                0x000000000000b624        0x0 ./USER/isr.o
 .rela.text._read
                0x000000000000b624        0x0 ./USER/isr.o
 .rela.text._sbrk
                0x000000000000b624        0x0 ./USER/isr.o

.fini           0x000000000000b624        0x0
 *(SORT_NONE(.fini))
                0x000000000000b624                . = ALIGN (0x4)
                [!provide]                        PROVIDE (_etext = .)
                [!provide]                        PROVIDE (_eitcm = .)

.preinit_array  0x000000000000b624        0x0
                [!provide]                        PROVIDE (__preinit_array_start = .)
 *(.preinit_array)
                [!provide]                        PROVIDE (__preinit_array_end = .)

.init_array     0x000000000000b624        0x0
                [!provide]                        PROVIDE (__init_array_start = .)
 *(SORT_BY_INIT_PRIORITY(.init_array.*) SORT_BY_INIT_PRIORITY(.ctors.*))
 *(.init_array EXCLUDE_FILE(*crtend?.o *crtend.o *crtbegin?.o *crtbegin.o) .ctors)
                [!provide]                        PROVIDE (__init_array_end = .)

.fini_array     0x000000000000b624        0x0
                [!provide]                        PROVIDE (__fini_array_start = .)
 *(SORT_BY_INIT_PRIORITY(.fini_array.*) SORT_BY_INIT_PRIORITY(.dtors.*))
 *(.fini_array EXCLUDE_FILE(*crtend?.o *crtend.o *crtbegin?.o *crtbegin.o) .dtors)
                [!provide]                        PROVIDE (__fini_array_end = .)

.ctors
 *crtbegin.o(.ctors)
 *crtbegin?.o(.ctors)
 *(EXCLUDE_FILE(*crtend?.o *crtend.o) .ctors)
 *(SORT_BY_NAME(.ctors.*))
 *(.ctors)

.dtors
 *crtbegin.o(.dtors)
 *crtbegin?.o(.dtors)
 *(EXCLUDE_FILE(*crtend?.o *crtend.o) .dtors)
 *(SORT_BY_NAME(.dtors.*))
 *(.dtors)

.dalign         0x0000000020000000        0x0 load address 0x000000000000b624
                0x0000000020000000                . = ALIGN (0x4)
                0x0000000020000000                PROVIDE (_data_vma = .)

.dlalign        0x000000000000b624        0x0
                0x000000000000b624                . = ALIGN (0x4)
                0x000000000000b624                PROVIDE (_data_lma = .)

.data           0x0000000020000000       0xd0 load address 0x000000000000b624
 *(.gnu.linkonce.r.*)
 *(.data .data.*)
 .data.APBAHBPrescTable
                0x0000000020000000       0x10 ./Libraries/wch_libraries/Peripheral/ch32v10x_rcc.o
 .data.MT9V03X_CFG
                0x0000000020000010       0x24 ./Libraries/seekfree_peripheral/SEEKFREE_MT9V03X.o
                0x0000000020000010                MT9V03X_CFG
 .data.GET_CFG  0x0000000020000034       0x20 ./Libraries/seekfree_peripheral/SEEKFREE_MT9V03X.o
                0x0000000020000034                GET_CFG
 .data.impure_data
                0x0000000020000054       0x60 d:/qinheng/mounriver_studio/toolchain/risc-v embedded gcc/bin/../lib/gcc/riscv-none-embed/8.2.0/../../../../riscv-none-embed/lib/rv32imac/ilp32\libg_nano.a(lib_a-impure.o)
 *(.gnu.linkonce.d.*)
                0x00000000200000b8                . = ALIGN (0x8)
 *fill*         0x00000000200000b4        0x4 
                0x00000000200008b8                PROVIDE (__global_pointer$ = (. + 0x800))
 *(.sdata .sdata.*)
 .sdata.tag8    0x00000000200000b8        0x1 ./USER/main.o
                0x00000000200000b8                tag8
 *fill*         0x00000000200000b9        0x3 
 .sdata.nortime
                0x00000000200000bc        0x4 ./USER/main.o
                0x00000000200000bc                nortime
 .sdata.ADCPrescTable
                0x00000000200000c0        0x4 ./Libraries/wch_libraries/Peripheral/ch32v10x_rcc.o
 .sdata.camera_type
                0x00000000200000c4        0x4 ./Libraries/seekfree_libraries/common.o
                0x00000000200000c4                camera_type
 .sdata._impure_ptr
                0x00000000200000c8        0x4 d:/qinheng/mounriver_studio/toolchain/risc-v embedded gcc/bin/../lib/gcc/riscv-none-embed/8.2.0/../../../../riscv-none-embed/lib/rv32imac/ilp32\libg_nano.a(lib_a-impure.o)
                0x00000000200000c8                _impure_ptr
 *(.sdata2.*)
 .sdata2._global_impure_ptr
                0x00000000200000cc        0x4 d:/qinheng/mounriver_studio/toolchain/risc-v embedded gcc/bin/../lib/gcc/riscv-none-embed/8.2.0/../../../../riscv-none-embed/lib/rv32imac/ilp32\libg_nano.a(lib_a-impure.o)
                0x00000000200000cc                _global_impure_ptr
 *(.gnu.linkonce.s.*)
                0x00000000200000d0                . = ALIGN (0x8)
 *(.srodata.cst16)
 *(.srodata.cst8)
 *(.srodata.cst4)
 *(.srodata.cst2)
 *(.srodata .srodata.*)
                0x00000000200000d0                . = ALIGN (0x4)
                0x00000000200000d0                PROVIDE (_edata = .)

.bss            0x00000000200000d0     0x27c4 load address 0x000000000000b6f4
                0x00000000200000d0                . = ALIGN (0x4)
                0x00000000200000d0                PROVIDE (_sbss = .)
 *(.sbss*)
 .sbss.uart_flag
                0x00000000200000d0        0x1 ./USER/main.o
                0x00000000200000d0                uart_flag
 *fill*         0x00000000200000d1        0x1 
 .sbss.slave_encoder_LB
                0x00000000200000d2        0x2 ./USER/main.o
                0x00000000200000d2                slave_encoder_LB
 .sbss.slave_encoder_RB
                0x00000000200000d4        0x2 ./USER/main.o
                0x00000000200000d4                slave_encoder_RB
 .sbss.master_encoder_RF
                0x00000000200000d6        0x2 ./USER/main.o
                0x00000000200000d6                master_encoder_RF
 .sbss.master_encoder_LF
                0x00000000200000d8        0x2 ./USER/main.o
                0x00000000200000d8                master_encoder_LF
 .sbss.positionerr
                0x00000000200000da        0x2 ./USER/main.o
                0x00000000200000da                positionerr
 .sbss.slave_position
                0x00000000200000dc        0x2 ./USER/main.o
                0x00000000200000dc                slave_position
 .sbss.anaflag  0x00000000200000de        0x1 ./USER/main.o
                0x00000000200000de                anaflag
 .sbss.startflag
                0x00000000200000df        0x1 ./USER/main.o
                0x00000000200000df                startflag
 .sbss.LFTar    0x00000000200000e0        0x2 ./USER/main.o
                0x00000000200000e0                LFTar
 .sbss.RFTar    0x00000000200000e2        0x2 ./USER/main.o
                0x00000000200000e2                RFTar
 .sbss.LBTar    0x00000000200000e4        0x2 ./USER/main.o
                0x00000000200000e4                LBTar
 .sbss.RBTar    0x00000000200000e6        0x2 ./USER/main.o
                0x00000000200000e6                RBTar
 .sbss.tag5     0x00000000200000e8        0x1 ./USER/main.o
                0x00000000200000e8                tag5
 .sbss.tag6     0x00000000200000e9        0x1 ./USER/main.o
                0x00000000200000e9                tag6
 .sbss.tag7     0x00000000200000ea        0x1 ./USER/main.o
                0x00000000200000ea                tag7
 .sbss.tag9     0x00000000200000eb        0x1 ./USER/main.o
                0x00000000200000eb                tag9
 .sbss.i        0x00000000200000ec        0x2 ./USER/main.o
                0x00000000200000ec                i
 .sbss.w        0x00000000200000ee        0x2 ./USER/main.o
                0x00000000200000ee                w
 .sbss.mov      0x00000000200000f0        0x2 ./USER/main.o
                0x00000000200000f0                mov
 .sbss.basespeed
                0x00000000200000f2        0x2 ./USER/main.o
                0x00000000200000f2                basespeed
 .sbss.hortime  0x00000000200000f4        0x4 ./USER/main.o
                0x00000000200000f4                hortime
 .sbss.norsta   0x00000000200000f8        0x1 ./USER/main.o
                0x00000000200000f8                norsta
 .sbss.horsta   0x00000000200000f9        0x1 ./USER/main.o
                0x00000000200000f9                horsta
 *fill*         0x00000000200000fa        0x2 
 .sbss.Mode     0x00000000200000fc        0x4 ./USER/main.o
                0x00000000200000fc                Mode
 .sbss.uart_num.6043
                0x0000000020000100        0x1 ./USER/main.o
 .sbss.j.6048   0x0000000020000101        0x1 ./USER/main.o
 .sbss.i.6047   0x0000000020000102        0x1 ./USER/main.o
 .sbss.i.6070   0x0000000020000103        0x1 ./USER/main.o
 .sbss.receive  0x0000000020000104        0x3 ./Libraries/seekfree_peripheral/SEEKFREE_MT9V03X.o
                0x0000000020000104                receive
 .sbss.receive_num
                0x0000000020000107        0x1 ./Libraries/seekfree_peripheral/SEEKFREE_MT9V03X.o
                0x0000000020000107                receive_num
 .sbss.uart_receive_flag
                0x0000000020000108        0x1 ./Libraries/seekfree_peripheral/SEEKFREE_MT9V03X.o
                0x0000000020000108                uart_receive_flag
 .sbss.mt9v03x_finish_flag
                0x0000000020000109        0x1 ./Libraries/seekfree_peripheral/SEEKFREE_MT9V03X.o
                0x0000000020000109                mt9v03x_finish_flag
 *fill*         0x000000002000010a        0x2 
 .sbss.ov7725_uart_receive
                0x000000002000010c        0x3 ./Libraries/seekfree_peripheral/SEEKFREE_UART_7725.o
                0x000000002000010c                ov7725_uart_receive
 .sbss.ov7725_uart_receive_num
                0x000000002000010f        0x1 ./Libraries/seekfree_peripheral/SEEKFREE_UART_7725.o
                0x000000002000010f                ov7725_uart_receive_num
 .sbss.ov7725_uart_receive_flag
                0x0000000020000110        0x1 ./Libraries/seekfree_peripheral/SEEKFREE_UART_7725.o
                0x0000000020000110                ov7725_uart_receive_flag
 .sbss.ov7725_uart_finish_flag
                0x0000000020000111        0x1 ./Libraries/seekfree_peripheral/SEEKFREE_UART_7725.o
                0x0000000020000111                ov7725_uart_finish_flag
 *fill*         0x0000000020000112        0x2 
 .sbss.sys_clk  0x0000000020000114        0x4 ./Libraries/seekfree_libraries/common.o
                0x0000000020000114                sys_clk
 .sbss.camera_buffer_addr
                0x0000000020000118        0x4 ./Libraries/seekfree_libraries/common.o
                0x0000000020000118                camera_buffer_addr
 .sbss.__malloc_free_list
                0x000000002000011c        0x4 d:/qinheng/mounriver_studio/toolchain/risc-v embedded gcc/bin/../lib/gcc/riscv-none-embed/8.2.0/../../../../riscv-none-embed/lib/rv32imac/ilp32\libg_nano.a(lib_a-nano-mallocr.o)
                0x000000002000011c                __malloc_free_list
 .sbss.__malloc_sbrk_start
                0x0000000020000120        0x4 d:/qinheng/mounriver_studio/toolchain/risc-v embedded gcc/bin/../lib/gcc/riscv-none-embed/8.2.0/../../../../riscv-none-embed/lib/rv32imac/ilp32\libg_nano.a(lib_a-nano-mallocr.o)
                0x0000000020000120                __malloc_sbrk_start
 .sbss.heap_end.1518
                0x0000000020000124        0x4 d:/qinheng/mounriver_studio/toolchain/risc-v embedded gcc/bin/../lib/gcc/riscv-none-embed/8.2.0/../../../../riscv-none-embed/lib/rv32imac/ilp32\libnosys.a(sbrk.o)
 *(.gnu.linkonce.sb.*)
 *(.bss*)
 .bss.temp_buff
                0x0000000020000128        0xc ./USER/main.o
                0x0000000020000128                temp_buff
 .bss.PIDLF     0x0000000020000134       0x2c ./USER/main.o
                0x0000000020000134                PIDLF
 .bss.PIDLB     0x0000000020000160       0x2c ./USER/main.o
                0x0000000020000160                PIDLB
 .bss.PIDRB     0x000000002000018c       0x2c ./USER/main.o
                0x000000002000018c                PIDRB
 .bss.PIDRF     0x00000000200001b8       0x2c ./USER/main.o
                0x00000000200001b8                PIDRF
 .bss.PIDPos    0x00000000200001e4       0x2c ./USER/main.o
                0x00000000200001e4                PIDPos
 .bss.tag1      0x0000000020000210       0x32 ./USER/main.o
                0x0000000020000210                tag1
 *fill*         0x0000000020000242        0x2 
 .bss.tag2      0x0000000020000244       0x32 ./USER/main.o
                0x0000000020000244                tag2
 *fill*         0x0000000020000276        0x2 
 .bss.tag3      0x0000000020000278       0x32 ./USER/main.o
                0x0000000020000278                tag3
 *fill*         0x00000000200002aa        0x2 
 .bss.mt9v03x_image
                0x00000000200002ac     0x24b8 ./Libraries/seekfree_peripheral/SEEKFREE_MT9V03X.o
                0x00000000200002ac                mt9v03x_image
 .bss.irq_status
                0x0000000020002764        0xc ./Libraries/seekfree_libraries/common.o
                0x0000000020002764                irq_status
 .bss.RxBuf     0x0000000020002770       0x10 ./CODE/debug_usart.o
                0x0000000020002770                RxBuf
 .bss.Msg       0x0000000020002780       0x10 ./CODE/debug_usart.o
                0x0000000020002780                Msg
 .bss.HistGram  0x0000000020002790       0xff ./CODE/jf_data.o
                0x0000000020002790                HistGram
 *(.gnu.linkonce.b.*)
 *(COMMON*)
 *fill*         0x000000002000288f        0x1 
 COMMON         0x0000000020002890        0x4 d:/qinheng/mounriver_studio/toolchain/risc-v embedded gcc/bin/../lib/gcc/riscv-none-embed/8.2.0/../../../../riscv-none-embed/lib/rv32imac/ilp32\libg_nano.a(lib_a-reent.o)
                0x0000000020002890                errno
                0x0000000020002894                . = ALIGN (0x4)
                0x0000000020002894                PROVIDE (_ebss = .)
                [!provide]                        PROVIDE (_end = _ebss)
                0x0000000020002894                PROVIDE (end = .)

.stack          0x0000000020004800      0x800
                0x0000000020004800                . = ALIGN (0x4)
                [!provide]                        PROVIDE (_susrstack = .)
                0x0000000020005000                . = (. + __stack_size)
 *fill*         0x0000000020004800      0x800 
                0x0000000020005000                PROVIDE (_eusrstack = .)
OUTPUT(master_525_1.elf elf32-littleriscv)

.debug_info     0x0000000000000000    0x1a8f3
 .debug_info    0x0000000000000000     0x1368 ./USER/isr.o
 .debug_info    0x0000000000001368     0x1b6d ./USER/main.o
 .debug_info    0x0000000000002ed5       0x22 ./Libraries/wch_libraries/Startup/startup_ch32v10x.o
 .debug_info    0x0000000000002ef7      0x476 ./Libraries/wch_libraries/Peripheral/ch32v10x_dma.o
 .debug_info    0x000000000000336d      0x353 ./Libraries/wch_libraries/Peripheral/ch32v10x_exti.o
 .debug_info    0x00000000000036c0      0x6e7 ./Libraries/wch_libraries/Peripheral/ch32v10x_gpio.o
 .debug_info    0x0000000000003da7      0x517 ./Libraries/wch_libraries/Peripheral/ch32v10x_misc.o
 .debug_info    0x00000000000042be      0x8d8 ./Libraries/wch_libraries/Peripheral/ch32v10x_rcc.o
 .debug_info    0x0000000000004b96     0x1dcc ./Libraries/wch_libraries/Peripheral/ch32v10x_tim.o
 .debug_info    0x0000000000006962      0xa42 ./Libraries/wch_libraries/Peripheral/ch32v10x_usart.o
 .debug_info    0x00000000000073a4      0xb50 ./Libraries/seekfree_peripheral/SEEKFREE_FONT.o
 .debug_info    0x0000000000007ef4     0x159f ./Libraries/seekfree_peripheral/SEEKFREE_MT9V03X.o
 .debug_info    0x0000000000009493     0x1575 ./Libraries/seekfree_peripheral/SEEKFREE_OLED.o
 .debug_info    0x000000000000aa08      0xd86 ./Libraries/seekfree_peripheral/SEEKFREE_PRINTF.o
 .debug_info    0x000000000000b78e     0x1584 ./Libraries/seekfree_peripheral/SEEKFREE_UART_7725.o
 .debug_info    0x000000000000cd12      0xa5b ./Libraries/seekfree_libraries/common.o
 .debug_info    0x000000000000d76d     0x129e ./Libraries/seekfree_libraries/zf_camera.o
 .debug_info    0x000000000000ea0b     0x118f ./Libraries/seekfree_libraries/zf_gpio.o
 .debug_info    0x000000000000fb9a      0xeeb ./Libraries/seekfree_libraries/zf_nvic.o
 .debug_info    0x0000000000010a85     0x1488 ./Libraries/seekfree_libraries/zf_pwm.o
 .debug_info    0x0000000000011f0d     0x125a ./Libraries/seekfree_libraries/zf_qtimer.o
 .debug_info    0x0000000000013167      0xbae ./Libraries/seekfree_libraries/zf_systick.o
 .debug_info    0x0000000000013d15     0x136e ./Libraries/seekfree_libraries/zf_uart.o
 .debug_info    0x0000000000015083      0xcf3 ./Libraries/board/board.o
 .debug_info    0x0000000000015d76      0x25f ./Libraries/board/clock_config.o
 .debug_info    0x0000000000015fd5     0x1525 ./CODE/Motor.o
 .debug_info    0x00000000000174fa     0x1237 ./CODE/debug_usart.o
 .debug_info    0x0000000000018731      0xf87 ./CODE/encoder.o
 .debug_info    0x00000000000196b8     0x123b ./CODE/jf_data.o

.debug_abbrev   0x0000000000000000     0x4348
 .debug_abbrev  0x0000000000000000      0x252 ./USER/isr.o
 .debug_abbrev  0x0000000000000252      0x383 ./USER/main.o
 .debug_abbrev  0x00000000000005d5       0x12 ./Libraries/wch_libraries/Startup/startup_ch32v10x.o
 .debug_abbrev  0x00000000000005e7      0x18f ./Libraries/wch_libraries/Peripheral/ch32v10x_dma.o
 .debug_abbrev  0x0000000000000776      0x144 ./Libraries/wch_libraries/Peripheral/ch32v10x_exti.o
 .debug_abbrev  0x00000000000008ba      0x1c7 ./Libraries/wch_libraries/Peripheral/ch32v10x_gpio.o
 .debug_abbrev  0x0000000000000a81      0x179 ./Libraries/wch_libraries/Peripheral/ch32v10x_misc.o
 .debug_abbrev  0x0000000000000bfa      0x1ef ./Libraries/wch_libraries/Peripheral/ch32v10x_rcc.o
 .debug_abbrev  0x0000000000000de9      0x1c9 ./Libraries/wch_libraries/Peripheral/ch32v10x_tim.o
 .debug_abbrev  0x0000000000000fb2      0x19e ./Libraries/wch_libraries/Peripheral/ch32v10x_usart.o
 .debug_abbrev  0x0000000000001150      0x217 ./Libraries/seekfree_peripheral/SEEKFREE_FONT.o
 .debug_abbrev  0x0000000000001367      0x365 ./Libraries/seekfree_peripheral/SEEKFREE_MT9V03X.o
 .debug_abbrev  0x00000000000016cc      0x344 ./Libraries/seekfree_peripheral/SEEKFREE_OLED.o
 .debug_abbrev  0x0000000000001a10      0x2d2 ./Libraries/seekfree_peripheral/SEEKFREE_PRINTF.o
 .debug_abbrev  0x0000000000001ce2      0x392 ./Libraries/seekfree_peripheral/SEEKFREE_UART_7725.o
 .debug_abbrev  0x0000000000002074      0x1fa ./Libraries/seekfree_libraries/common.o
 .debug_abbrev  0x000000000000226e      0x264 ./Libraries/seekfree_libraries/zf_camera.o
 .debug_abbrev  0x00000000000024d2      0x2c2 ./Libraries/seekfree_libraries/zf_gpio.o
 .debug_abbrev  0x0000000000002794      0x2b8 ./Libraries/seekfree_libraries/zf_nvic.o
 .debug_abbrev  0x0000000000002a4c      0x2d0 ./Libraries/seekfree_libraries/zf_pwm.o
 .debug_abbrev  0x0000000000002d1c      0x2b6 ./Libraries/seekfree_libraries/zf_qtimer.o
 .debug_abbrev  0x0000000000002fd2      0x257 ./Libraries/seekfree_libraries/zf_systick.o
 .debug_abbrev  0x0000000000003229      0x2e5 ./Libraries/seekfree_libraries/zf_uart.o
 .debug_abbrev  0x000000000000350e      0x280 ./Libraries/board/board.o
 .debug_abbrev  0x000000000000378e       0xe8 ./Libraries/board/clock_config.o
 .debug_abbrev  0x0000000000003876      0x2ca ./CODE/Motor.o
 .debug_abbrev  0x0000000000003b40      0x2e9 ./CODE/debug_usart.o
 .debug_abbrev  0x0000000000003e29      0x249 ./CODE/encoder.o
 .debug_abbrev  0x0000000000004072      0x2d6 ./CODE/jf_data.o

.debug_aranges  0x0000000000000000      0xcc0
 .debug_aranges
                0x0000000000000000       0xa8 ./USER/isr.o
 .debug_aranges
                0x00000000000000a8       0x58 ./USER/main.o
 .debug_aranges
                0x0000000000000100       0x30 ./Libraries/wch_libraries/Startup/startup_ch32v10x.o
 .debug_aranges
                0x0000000000000130       0x70 ./Libraries/wch_libraries/Peripheral/ch32v10x_dma.o
 .debug_aranges
                0x00000000000001a0       0x58 ./Libraries/wch_libraries/Peripheral/ch32v10x_exti.o
 .debug_aranges
                0x00000000000001f8       0xa0 ./Libraries/wch_libraries/Peripheral/ch32v10x_gpio.o
 .debug_aranges
                0x0000000000000298       0x40 ./Libraries/wch_libraries/Peripheral/ch32v10x_misc.o
 .debug_aranges
                0x00000000000002d8      0x118 ./Libraries/wch_libraries/Peripheral/ch32v10x_rcc.o
 .debug_aranges
                0x00000000000003f0      0x2f0 ./Libraries/wch_libraries/Peripheral/ch32v10x_tim.o
 .debug_aranges
                0x00000000000006e0      0x100 ./Libraries/wch_libraries/Peripheral/ch32v10x_usart.o
 .debug_aranges
                0x00000000000007e0       0x18 ./Libraries/seekfree_peripheral/SEEKFREE_FONT.o
 .debug_aranges
                0x00000000000007f8       0x80 ./Libraries/seekfree_peripheral/SEEKFREE_MT9V03X.o
 .debug_aranges
                0x0000000000000878       0xa0 ./Libraries/seekfree_peripheral/SEEKFREE_OLED.o
 .debug_aranges
                0x0000000000000918       0x30 ./Libraries/seekfree_peripheral/SEEKFREE_PRINTF.o
 .debug_aranges
                0x0000000000000948       0x80 ./Libraries/seekfree_peripheral/SEEKFREE_UART_7725.o
 .debug_aranges
                0x00000000000009c8       0x18 ./Libraries/seekfree_libraries/common.o
 .debug_aranges
                0x00000000000009e0       0x28 ./Libraries/seekfree_libraries/zf_camera.o
 .debug_aranges
                0x0000000000000a08       0x40 ./Libraries/seekfree_libraries/zf_gpio.o
 .debug_aranges
                0x0000000000000a48       0x40 ./Libraries/seekfree_libraries/zf_nvic.o
 .debug_aranges
                0x0000000000000a88       0x40 ./Libraries/seekfree_libraries/zf_pwm.o
 .debug_aranges
                0x0000000000000ac8       0x38 ./Libraries/seekfree_libraries/zf_qtimer.o
 .debug_aranges
                0x0000000000000b00       0x30 ./Libraries/seekfree_libraries/zf_systick.o
 .debug_aranges
                0x0000000000000b30       0x68 ./Libraries/seekfree_libraries/zf_uart.o
 .debug_aranges
                0x0000000000000b98       0x28 ./Libraries/board/board.o
 .debug_aranges
                0x0000000000000bc0       0x28 ./Libraries/board/clock_config.o
 .debug_aranges
                0x0000000000000be8       0x48 ./CODE/Motor.o
 .debug_aranges
                0x0000000000000c30       0x30 ./CODE/debug_usart.o
 .debug_aranges
                0x0000000000000c60       0x28 ./CODE/encoder.o
 .debug_aranges
                0x0000000000000c88       0x38 ./CODE/jf_data.o

.debug_ranges   0x0000000000000000      0xae8
 .debug_ranges  0x0000000000000000       0x98 ./USER/isr.o
 .debug_ranges  0x0000000000000098       0x48 ./USER/main.o
 .debug_ranges  0x00000000000000e0       0x28 ./Libraries/wch_libraries/Startup/startup_ch32v10x.o
 .debug_ranges  0x0000000000000108       0x60 ./Libraries/wch_libraries/Peripheral/ch32v10x_dma.o
 .debug_ranges  0x0000000000000168       0x48 ./Libraries/wch_libraries/Peripheral/ch32v10x_exti.o
 .debug_ranges  0x00000000000001b0       0x90 ./Libraries/wch_libraries/Peripheral/ch32v10x_gpio.o
 .debug_ranges  0x0000000000000240       0x30 ./Libraries/wch_libraries/Peripheral/ch32v10x_misc.o
 .debug_ranges  0x0000000000000270      0x108 ./Libraries/wch_libraries/Peripheral/ch32v10x_rcc.o
 .debug_ranges  0x0000000000000378      0x2e0 ./Libraries/wch_libraries/Peripheral/ch32v10x_tim.o
 .debug_ranges  0x0000000000000658       0xf0 ./Libraries/wch_libraries/Peripheral/ch32v10x_usart.o
 .debug_ranges  0x0000000000000748       0x70 ./Libraries/seekfree_peripheral/SEEKFREE_MT9V03X.o
 .debug_ranges  0x00000000000007b8       0x90 ./Libraries/seekfree_peripheral/SEEKFREE_OLED.o
 .debug_ranges  0x0000000000000848       0x20 ./Libraries/seekfree_peripheral/SEEKFREE_PRINTF.o
 .debug_ranges  0x0000000000000868       0x70 ./Libraries/seekfree_peripheral/SEEKFREE_UART_7725.o
 .debug_ranges  0x00000000000008d8       0x18 ./Libraries/seekfree_libraries/zf_camera.o
 .debug_ranges  0x00000000000008f0       0x30 ./Libraries/seekfree_libraries/zf_gpio.o
 .debug_ranges  0x0000000000000920       0x30 ./Libraries/seekfree_libraries/zf_nvic.o
 .debug_ranges  0x0000000000000950       0x30 ./Libraries/seekfree_libraries/zf_pwm.o
 .debug_ranges  0x0000000000000980       0x28 ./Libraries/seekfree_libraries/zf_qtimer.o
 .debug_ranges  0x00000000000009a8       0x20 ./Libraries/seekfree_libraries/zf_systick.o
 .debug_ranges  0x00000000000009c8       0x58 ./Libraries/seekfree_libraries/zf_uart.o
 .debug_ranges  0x0000000000000a20       0x18 ./Libraries/board/board.o
 .debug_ranges  0x0000000000000a38       0x18 ./Libraries/board/clock_config.o
 .debug_ranges  0x0000000000000a50       0x38 ./CODE/Motor.o
 .debug_ranges  0x0000000000000a88       0x20 ./CODE/debug_usart.o
 .debug_ranges  0x0000000000000aa8       0x18 ./CODE/encoder.o
 .debug_ranges  0x0000000000000ac0       0x28 ./CODE/jf_data.o

.debug_line     0x0000000000000000     0xe6fb
 .debug_line    0x0000000000000000      0x75e ./USER/isr.o
 .debug_line    0x000000000000075e     0x12fc ./USER/main.o
 .debug_line    0x0000000000001a5a      0x225 ./Libraries/wch_libraries/Startup/startup_ch32v10x.o
 .debug_line    0x0000000000001c7f      0x6a8 ./Libraries/wch_libraries/Peripheral/ch32v10x_dma.o
 .debug_line    0x0000000000002327      0x4e6 ./Libraries/wch_libraries/Peripheral/ch32v10x_exti.o
 .debug_line    0x000000000000280d      0x978 ./Libraries/wch_libraries/Peripheral/ch32v10x_gpio.o
 .debug_line    0x0000000000003185      0x399 ./Libraries/wch_libraries/Peripheral/ch32v10x_misc.o
 .debug_line    0x000000000000351e      0xcae ./Libraries/wch_libraries/Peripheral/ch32v10x_rcc.o
 .debug_line    0x00000000000041cc     0x1f58 ./Libraries/wch_libraries/Peripheral/ch32v10x_tim.o
 .debug_line    0x0000000000006124      0xbdc ./Libraries/wch_libraries/Peripheral/ch32v10x_usart.o
 .debug_line    0x0000000000006d00      0x1d2 ./Libraries/seekfree_peripheral/SEEKFREE_FONT.o
 .debug_line    0x0000000000006ed2      0x9da ./Libraries/seekfree_peripheral/SEEKFREE_MT9V03X.o
 .debug_line    0x00000000000078ac     0x11cb ./Libraries/seekfree_peripheral/SEEKFREE_OLED.o
 .debug_line    0x0000000000008a77      0x753 ./Libraries/seekfree_peripheral/SEEKFREE_PRINTF.o
 .debug_line    0x00000000000091ca      0x9ca ./Libraries/seekfree_peripheral/SEEKFREE_UART_7725.o
 .debug_line    0x0000000000009b94      0x197 ./Libraries/seekfree_libraries/common.o
 .debug_line    0x0000000000009d2b      0x4df ./Libraries/seekfree_libraries/zf_camera.o
 .debug_line    0x000000000000a20a      0x63b ./Libraries/seekfree_libraries/zf_gpio.o
 .debug_line    0x000000000000a845      0x459 ./Libraries/seekfree_libraries/zf_nvic.o
 .debug_line    0x000000000000ac9e      0xa8d ./Libraries/seekfree_libraries/zf_pwm.o
 .debug_line    0x000000000000b72b      0x5b5 ./Libraries/seekfree_libraries/zf_qtimer.o
 .debug_line    0x000000000000bce0      0x3be ./Libraries/seekfree_libraries/zf_systick.o
 .debug_line    0x000000000000c09e      0x6b7 ./Libraries/seekfree_libraries/zf_uart.o
 .debug_line    0x000000000000c755      0x390 ./Libraries/board/board.o
 .debug_line    0x000000000000cae5      0x33a ./Libraries/board/clock_config.o
 .debug_line    0x000000000000ce1f      0x653 ./CODE/Motor.o
 .debug_line    0x000000000000d472      0x6bb ./CODE/debug_usart.o
 .debug_line    0x000000000000db2d      0x33e ./CODE/encoder.o
 .debug_line    0x000000000000de6b      0x890 ./CODE/jf_data.o

.debug_str      0x0000000000000000     0x3e85
 .debug_str     0x0000000000000000      0xc10 ./USER/isr.o
                                        0xcdc (size before relaxing)
 .debug_str     0x0000000000000c10      0x60f ./USER/main.o
                                       0x10fa (size before relaxing)
 .debug_str     0x000000000000121f       0x42 ./Libraries/wch_libraries/Startup/startup_ch32v10x.o
                                         0x90 (size before relaxing)
 .debug_str     0x0000000000001261      0x23d ./Libraries/wch_libraries/Peripheral/ch32v10x_dma.o
                                        0x420 (size before relaxing)
 .debug_str     0x000000000000149e      0x1cf ./Libraries/wch_libraries/Peripheral/ch32v10x_exti.o
                                        0x3ba (size before relaxing)
 .debug_str     0x000000000000166d      0x34d ./Libraries/wch_libraries/Peripheral/ch32v10x_gpio.o
                                        0x551 (size before relaxing)
 .debug_str     0x00000000000019ba      0x16f ./Libraries/wch_libraries/Peripheral/ch32v10x_misc.o
                                        0x5ee (size before relaxing)
 .debug_str     0x0000000000001b29      0x45e ./Libraries/wch_libraries/Peripheral/ch32v10x_rcc.o
                                        0x692 (size before relaxing)
 .debug_str     0x0000000000001f87      0xabc ./Libraries/wch_libraries/Peripheral/ch32v10x_tim.o
                                        0xe7a (size before relaxing)
 .debug_str     0x0000000000002a43      0x410 ./Libraries/wch_libraries/Peripheral/ch32v10x_usart.o
                                        0x704 (size before relaxing)
 .debug_str     0x0000000000002e53       0x31 ./Libraries/seekfree_peripheral/SEEKFREE_FONT.o
                                        0x70f (size before relaxing)
 .debug_str     0x0000000000002e84      0x15d ./Libraries/seekfree_peripheral/SEEKFREE_MT9V03X.o
                                        0xd41 (size before relaxing)
 .debug_str     0x0000000000002fe1      0x184 ./Libraries/seekfree_peripheral/SEEKFREE_OLED.o
                                        0x939 (size before relaxing)
 .debug_str     0x0000000000003165       0xe5 ./Libraries/seekfree_peripheral/SEEKFREE_PRINTF.o
                                        0x79a (size before relaxing)
 .debug_str     0x000000000000324a      0x274 ./Libraries/seekfree_peripheral/SEEKFREE_UART_7725.o
                                        0xde5 (size before relaxing)
 .debug_str     0x00000000000034be       0x29 ./Libraries/seekfree_libraries/common.o
                                        0x6c0 (size before relaxing)
 .debug_str     0x00000000000034e7       0xa4 ./Libraries/seekfree_libraries/zf_camera.o
                                        0xab5 (size before relaxing)
 .debug_str     0x000000000000358b       0xbc ./Libraries/seekfree_libraries/zf_gpio.o
                                        0x9d8 (size before relaxing)
 .debug_str     0x0000000000003647       0xac ./Libraries/seekfree_libraries/zf_nvic.o
                                        0xb03 (size before relaxing)
 .debug_str     0x00000000000036f3      0x1dd ./Libraries/seekfree_libraries/zf_pwm.o
                                        0xc0b (size before relaxing)
 .debug_str     0x00000000000038d0      0x153 ./Libraries/seekfree_libraries/zf_qtimer.o
                                        0xaa8 (size before relaxing)
 .debug_str     0x0000000000003a23       0xd4 ./Libraries/seekfree_libraries/zf_systick.o
                                        0x79b (size before relaxing)
 .debug_str     0x0000000000003af7       0xd0 ./Libraries/seekfree_libraries/zf_uart.o
                                        0xc02 (size before relaxing)
 .debug_str     0x0000000000003bc7       0x26 ./Libraries/board/board.o
                                        0x856 (size before relaxing)
 .debug_str     0x0000000000003bed       0x66 ./Libraries/board/clock_config.o
                                        0x2b2 (size before relaxing)
 .debug_str     0x0000000000003c53       0x77 ./CODE/Motor.o
                                        0xc61 (size before relaxing)
 .debug_str     0x0000000000003cca       0x5c ./CODE/debug_usart.o
                                        0xb9f (size before relaxing)
 .debug_str     0x0000000000003d26       0x40 ./CODE/encoder.o
                                        0xb0a (size before relaxing)
 .debug_str     0x0000000000003d66      0x11f ./CODE/jf_data.o
                                        0xc05 (size before relaxing)

.comment        0x0000000000000000       0x33
 .comment       0x0000000000000000       0x33 ./USER/isr.o
                                         0x34 (size before relaxing)
 .comment       0x0000000000000033       0x34 ./USER/main.o
 .comment       0x0000000000000033       0x34 ./Libraries/wch_libraries/Peripheral/ch32v10x_dma.o
 .comment       0x0000000000000033       0x34 ./Libraries/wch_libraries/Peripheral/ch32v10x_exti.o
 .comment       0x0000000000000033       0x34 ./Libraries/wch_libraries/Peripheral/ch32v10x_gpio.o
 .comment       0x0000000000000033       0x34 ./Libraries/wch_libraries/Peripheral/ch32v10x_misc.o
 .comment       0x0000000000000033       0x34 ./Libraries/wch_libraries/Peripheral/ch32v10x_rcc.o
 .comment       0x0000000000000033       0x34 ./Libraries/wch_libraries/Peripheral/ch32v10x_tim.o
 .comment       0x0000000000000033       0x34 ./Libraries/wch_libraries/Peripheral/ch32v10x_usart.o
 .comment       0x0000000000000033       0x34 ./Libraries/seekfree_peripheral/SEEKFREE_FONT.o
 .comment       0x0000000000000033       0x34 ./Libraries/seekfree_peripheral/SEEKFREE_MT9V03X.o
 .comment       0x0000000000000033       0x34 ./Libraries/seekfree_peripheral/SEEKFREE_OLED.o
 .comment       0x0000000000000033       0x34 ./Libraries/seekfree_peripheral/SEEKFREE_PRINTF.o
 .comment       0x0000000000000033       0x34 ./Libraries/seekfree_peripheral/SEEKFREE_UART_7725.o
 .comment       0x0000000000000033       0x34 ./Libraries/seekfree_libraries/common.o
 .comment       0x0000000000000033       0x34 ./Libraries/seekfree_libraries/zf_camera.o
 .comment       0x0000000000000033       0x34 ./Libraries/seekfree_libraries/zf_gpio.o
 .comment       0x0000000000000033       0x34 ./Libraries/seekfree_libraries/zf_nvic.o
 .comment       0x0000000000000033       0x34 ./Libraries/seekfree_libraries/zf_pwm.o
 .comment       0x0000000000000033       0x34 ./Libraries/seekfree_libraries/zf_qtimer.o
 .comment       0x0000000000000033       0x34 ./Libraries/seekfree_libraries/zf_systick.o
 .comment       0x0000000000000033       0x34 ./Libraries/seekfree_libraries/zf_uart.o
 .comment       0x0000000000000033       0x34 ./Libraries/board/board.o
 .comment       0x0000000000000033       0x34 ./Libraries/board/clock_config.o
 .comment       0x0000000000000033       0x34 ./CODE/Motor.o
 .comment       0x0000000000000033       0x34 ./CODE/debug_usart.o
 .comment       0x0000000000000033       0x34 ./CODE/encoder.o
 .comment       0x0000000000000033       0x34 ./CODE/jf_data.o

.debug_frame    0x0000000000000000     0x3b3c
 .debug_frame   0x0000000000000000      0x24c ./USER/isr.o
 .debug_frame   0x000000000000024c      0x13c ./USER/main.o
 .debug_frame   0x0000000000000388      0x174 ./Libraries/wch_libraries/Peripheral/ch32v10x_dma.o
 .debug_frame   0x00000000000004fc      0x114 ./Libraries/wch_libraries/Peripheral/ch32v10x_exti.o
 .debug_frame   0x0000000000000610      0x244 ./Libraries/wch_libraries/Peripheral/ch32v10x_gpio.o
 .debug_frame   0x0000000000000854       0xb4 ./Libraries/wch_libraries/Peripheral/ch32v10x_misc.o
 .debug_frame   0x0000000000000908      0x418 ./Libraries/wch_libraries/Peripheral/ch32v10x_rcc.o
 .debug_frame   0x0000000000000d20      0xbb4 ./Libraries/wch_libraries/Peripheral/ch32v10x_tim.o
 .debug_frame   0x00000000000018d4      0x3bc ./Libraries/wch_libraries/Peripheral/ch32v10x_usart.o
 .debug_frame   0x0000000000001c90      0x1ec ./Libraries/seekfree_peripheral/SEEKFREE_MT9V03X.o
 .debug_frame   0x0000000000001e7c      0x27c ./Libraries/seekfree_peripheral/SEEKFREE_OLED.o
 .debug_frame   0x00000000000020f8       0x7c ./Libraries/seekfree_peripheral/SEEKFREE_PRINTF.o
 .debug_frame   0x0000000000002174      0x214 ./Libraries/seekfree_peripheral/SEEKFREE_UART_7725.o
 .debug_frame   0x0000000000002388       0x60 ./Libraries/seekfree_libraries/zf_camera.o
 .debug_frame   0x00000000000023e8       0xbc ./Libraries/seekfree_libraries/zf_gpio.o
 .debug_frame   0x00000000000024a4       0xbc ./Libraries/seekfree_libraries/zf_nvic.o
 .debug_frame   0x0000000000002560       0xc8 ./Libraries/seekfree_libraries/zf_pwm.o
 .debug_frame   0x0000000000002628       0xa0 ./Libraries/seekfree_libraries/zf_qtimer.o
 .debug_frame   0x00000000000026c8       0x70 ./Libraries/seekfree_libraries/zf_systick.o
 .debug_frame   0x0000000000002738      0x174 ./Libraries/seekfree_libraries/zf_uart.o
 .debug_frame   0x00000000000028ac       0x58 ./Libraries/board/board.o
 .debug_frame   0x0000000000002904       0x58 ./Libraries/board/clock_config.o
 .debug_frame   0x000000000000295c      0x100 ./CODE/Motor.o
 .debug_frame   0x0000000000002a5c       0x78 ./CODE/debug_usart.o
 .debug_frame   0x0000000000002ad4       0x58 ./CODE/encoder.o
 .debug_frame   0x0000000000002b2c       0xb0 ./CODE/jf_data.o
 .debug_frame   0x0000000000002bdc       0x4c d:/qinheng/mounriver_studio/toolchain/risc-v embedded gcc/bin/../lib/gcc/riscv-none-embed/8.2.0/../../../../riscv-none-embed/lib/rv32imac/ilp32\libm.a(lib_a-s_floor.o)
 .debug_frame   0x0000000000002c28       0x44 d:/qinheng/mounriver_studio/toolchain/risc-v embedded gcc/bin/../lib/gcc/riscv-none-embed/8.2.0/rv32imac/ilp32\libgcc.a(adddf3.o)
 .debug_frame   0x0000000000002c6c       0x50 d:/qinheng/mounriver_studio/toolchain/risc-v embedded gcc/bin/../lib/gcc/riscv-none-embed/8.2.0/rv32imac/ilp32\libgcc.a(divdf3.o)
 .debug_frame   0x0000000000002cbc       0x20 d:/qinheng/mounriver_studio/toolchain/risc-v embedded gcc/bin/../lib/gcc/riscv-none-embed/8.2.0/rv32imac/ilp32\libgcc.a(eqdf2.o)
 .debug_frame   0x0000000000002cdc       0x20 d:/qinheng/mounriver_studio/toolchain/risc-v embedded gcc/bin/../lib/gcc/riscv-none-embed/8.2.0/rv32imac/ilp32\libgcc.a(gedf2.o)
 .debug_frame   0x0000000000002cfc       0x20 d:/qinheng/mounriver_studio/toolchain/risc-v embedded gcc/bin/../lib/gcc/riscv-none-embed/8.2.0/rv32imac/ilp32\libgcc.a(ledf2.o)
 .debug_frame   0x0000000000002d1c       0x54 d:/qinheng/mounriver_studio/toolchain/risc-v embedded gcc/bin/../lib/gcc/riscv-none-embed/8.2.0/rv32imac/ilp32\libgcc.a(muldf3.o)
 .debug_frame   0x0000000000002d70       0x44 d:/qinheng/mounriver_studio/toolchain/risc-v embedded gcc/bin/../lib/gcc/riscv-none-embed/8.2.0/rv32imac/ilp32\libgcc.a(subdf3.o)
 .debug_frame   0x0000000000002db4       0x20 d:/qinheng/mounriver_studio/toolchain/risc-v embedded gcc/bin/../lib/gcc/riscv-none-embed/8.2.0/rv32imac/ilp32\libgcc.a(fixdfsi.o)