Archive member included to satisfy reference by file (symbol)

d:/mrs/mounriver_studio/toolchain/risc-v embedded gcc/bin/../lib/gcc/riscv-none-embed/8.2.0/../../../../riscv-none-embed/lib/rv32imac/ilp32\libm.a(lib_a-s_ceil.o)
                              ./USER/main.o (ceil)
d:/mrs/mounriver_studio/toolchain/risc-v embedded gcc/bin/../lib/gcc/riscv-none-embed/8.2.0/../../../../riscv-none-embed/lib/rv32imac/ilp32\libm.a(lib_a-s_floor.o)
                              ./USER/main.o (floor)
d:/mrs/mounriver_studio/toolchain/risc-v embedded gcc/bin/../lib/gcc/riscv-none-embed/8.2.0/rv32imac/ilp32\libgcc.a(adddf3.o)
                              ./USER/main.o (__adddf3)
d:/mrs/mounriver_studio/toolchain/risc-v embedded gcc/bin/../lib/gcc/riscv-none-embed/8.2.0/rv32imac/ilp32\libgcc.a(divdf3.o)
                              ./CODE/jf_data.o (__divdf3)
d:/mrs/mounriver_studio/toolchain/risc-v embedded gcc/bin/../lib/gcc/riscv-none-embed/8.2.0/rv32imac/ilp32\libgcc.a(eqdf2.o)
                              ./Libraries/seekfree_peripheral/SEEKFREE_PRINTF.o (__nedf2)
d:/mrs/mounriver_studio/toolchain/risc-v embedded gcc/bin/../lib/gcc/riscv-none-embed/8.2.0/rv32imac/ilp32\libgcc.a(gedf2.o)
                              ./CODE/jf_data.o (__gtdf2)
d:/mrs/mounriver_studio/toolchain/risc-v embedded gcc/bin/../lib/gcc/riscv-none-embed/8.2.0/rv32imac/ilp32\libgcc.a(ledf2.o)
                              ./Libraries/seekfree_peripheral/SEEKFREE_18TFT.o (__ltdf2)
d:/mrs/mounriver_studio/toolchain/risc-v embedded gcc/bin/../lib/gcc/riscv-none-embed/8.2.0/rv32imac/ilp32\libgcc.a(muldf3.o)
                              ./Libraries/seekfree_peripheral/SEEKFREE_PRINTF.o (__muldf3)
d:/mrs/mounriver_studio/toolchain/risc-v embedded gcc/bin/../lib/gcc/riscv-none-embed/8.2.0/rv32imac/ilp32\libgcc.a(subdf3.o)
                              ./USER/main.o (__subdf3)
d:/mrs/mounriver_studio/toolchain/risc-v embedded gcc/bin/../lib/gcc/riscv-none-embed/8.2.0/rv32imac/ilp32\libgcc.a(fixdfsi.o)
                              ./USER/main.o (__fixdfsi)
d:/mrs/mounriver_studio/toolchain/risc-v embedded gcc/bin/../lib/gcc/riscv-none-embed/8.2.0/rv32imac/ilp32\libgcc.a(floatsidf.o)
                              ./USER/main.o (__floatsidf)
d:/mrs/mounriver_studio/toolchain/risc-v embedded gcc/bin/../lib/gcc/riscv-none-embed/8.2.0/rv32imac/ilp32\libgcc.a(floatunsidf.o)
                              ./CODE/jf_data.o (__floatunsidf)
d:/mrs/mounriver_studio/toolchain/risc-v embedded gcc/bin/../lib/gcc/riscv-none-embed/8.2.0/rv32imac/ilp32\libgcc.a(addsf3.o)
                              ./USER/main.o (__addsf3)
d:/mrs/mounriver_studio/toolchain/risc-v embedded gcc/bin/../lib/gcc/riscv-none-embed/8.2.0/rv32imac/ilp32\libgcc.a(divsf3.o)
                              ./CODE/jf_data.o (__divsf3)
d:/mrs/mounriver_studio/toolchain/risc-v embedded gcc/bin/../lib/gcc/riscv-none-embed/8.2.0/rv32imac/ilp32\libgcc.a(eqsf2.o)
                              ./CODE/jf_data.o (__eqsf2)
d:/mrs/mounriver_studio/toolchain/risc-v embedded gcc/bin/../lib/gcc/riscv-none-embed/8.2.0/rv32imac/ilp32\libgcc.a(gesf2.o)
                              ./CODE/Motor.o (__gesf2)
d:/mrs/mounriver_studio/toolchain/risc-v embedded gcc/bin/../lib/gcc/riscv-none-embed/8.2.0/rv32imac/ilp32\libgcc.a(lesf2.o)
                              ./CODE/Motor.o (__lesf2)
d:/mrs/mounriver_studio/toolchain/risc-v embedded gcc/bin/../lib/gcc/riscv-none-embed/8.2.0/rv32imac/ilp32\libgcc.a(mulsf3.o)
                              ./CODE/Motor.o (__mulsf3)
d:/mrs/mounriver_studio/toolchain/risc-v embedded gcc/bin/../lib/gcc/riscv-none-embed/8.2.0/rv32imac/ilp32\libgcc.a(subsf3.o)
                              ./USER/main.o (__subsf3)
d:/mrs/mounriver_studio/toolchain/risc-v embedded gcc/bin/../lib/gcc/riscv-none-embed/8.2.0/rv32imac/ilp32\libgcc.a(fixsfsi.o)
                              ./USER/main.o (__fixsfsi)
d:/mrs/mounriver_studio/toolchain/risc-v embedded gcc/bin/../lib/gcc/riscv-none-embed/8.2.0/rv32imac/ilp32\libgcc.a(floatsisf.o)
                              ./USER/main.o (__floatsisf)
d:/mrs/mounriver_studio/toolchain/risc-v embedded gcc/bin/../lib/gcc/riscv-none-embed/8.2.0/rv32imac/ilp32\libgcc.a(extendsfdf2.o)
                              ./USER/main.o (__extendsfdf2)
d:/mrs/mounriver_studio/toolchain/risc-v embedded gcc/bin/../lib/gcc/riscv-none-embed/8.2.0/rv32imac/ilp32\libgcc.a(_clzsi2.o)
                              d:/mrs/mounriver_studio/toolchain/risc-v embedded gcc/bin/../lib/gcc/riscv-none-embed/8.2.0/rv32imac/ilp32\libgcc.a(adddf3.o) (__clzsi2)
d:/mrs/mounriver_studio/toolchain/risc-v embedded gcc/bin/../lib/gcc/riscv-none-embed/8.2.0/rv32imac/ilp32\libgcc.a(_clz.o)
                              d:/mrs/mounriver_studio/toolchain/risc-v embedded gcc/bin/../lib/gcc/riscv-none-embed/8.2.0/rv32imac/ilp32\libgcc.a(_clzsi2.o) (__clz_tab)
[...]
Memory Configuration

Name             Origin             Length             Attributes
FLASH            0x0000000000000000 0x0000000000010000 xr
RAM              0x0000000020000000 0x0000000000005000 xrw
*default*        0x0000000000000000 0xffffffffffffffff

Linker script and memory map

LOAD ./USER/isr.o
LOAD ./USER/main.o
LOAD ./Libraries/wch_libraries/Startup/startup_ch32v10x.o
LOAD ./Libraries/wch_libraries/Peripheral/ch32v10x_adc.o
LOAD ./Libraries/wch_libraries/Peripheral/ch32v10x_bkp.o
LOAD ./Libraries/wch_libraries/Peripheral/ch32v10x_crc.o
LOAD ./Libraries/wch_libraries/Peripheral/ch32v10x_dbgmcu.o
LOAD ./Libraries/wch_libraries/Peripheral/ch32v10x_dma.o
LOAD ./Libraries/wch_libraries/Peripheral/ch32v10x_exti.o
LOAD ./Libraries/wch_libraries/Peripheral/ch32v10x_flash.o
LOAD ./Libraries/wch_libraries/Peripheral/ch32v10x_gpio.o
LOAD ./Libraries/wch_libraries/Peripheral/ch32v10x_i2c.o
LOAD ./Libraries/wch_libraries/Peripheral/ch32v10x_iwdg.o
LOAD ./Libraries/wch_libraries/Peripheral/ch32v10x_misc.o
LOAD ./Libraries/wch_libraries/Peripheral/ch32v10x_pwr.o
LOAD ./Libraries/wch_libraries/Peripheral/ch32v10x_rcc.o
LOAD ./Libraries/wch_libraries/Peripheral/ch32v10x_rtc.o
LOAD ./Libraries/wch_libraries/Peripheral/ch32v10x_spi.o
LOAD ./Libraries/wch_libraries/Peripheral/ch32v10x_tim.o
LOAD ./Libraries/wch_libraries/Peripheral/ch32v10x_usart.o
LOAD ./Libraries/wch_libraries/Peripheral/ch32v10x_usb.o
LOAD ./Libraries/wch_libraries/Peripheral/ch32v10x_usb_host.o
LOAD ./Libraries/wch_libraries/Peripheral/ch32v10x_wwdg.o
LOAD ./Libraries/wch_libraries/Core/core_riscv.o
LOAD ./Libraries/seekfree_peripheral/SEEKFREE_18TFT.o
LOAD ./Libraries/seekfree_peripheral/SEEKFREE_ABSOLUTE_ENCODER.o
LOAD ./Libraries/seekfree_peripheral/SEEKFREE_FONT.o
LOAD ./Libraries/seekfree_peripheral/SEEKFREE_ICM20602.o
LOAD ./Libraries/seekfree_peripheral/SEEKFREE_IIC.o
LOAD ./Libraries/seekfree_peripheral/SEEKFREE_IPS114_SPI.o
LOAD ./Libraries/seekfree_peripheral/SEEKFREE_MPU6050.o
LOAD ./Libraries/seekfree_peripheral/SEEKFREE_MT9V03X.o
LOAD ./Libraries/seekfree_peripheral/SEEKFREE_OLED.o
LOAD ./Libraries/seekfree_peripheral/SEEKFREE_PRINTF.o
LOAD ./Libraries/seekfree_peripheral/SEEKFREE_TSL1401.o
LOAD ./Libraries/seekfree_peripheral/SEEKFREE_UART_7725.o
LOAD ./Libraries/seekfree_peripheral/SEEKFREE_VIRSCO.o
LOAD ./Libraries/seekfree_peripheral/SEEKFREE_WIRELESS.o
LOAD ./Libraries/seekfree_libraries/common.o
LOAD ./Libraries/seekfree_libraries/misc.o
LOAD ./Libraries/seekfree_libraries/zf_adc.o
LOAD ./Libraries/seekfree_libraries/zf_camera.o
LOAD ./Libraries/seekfree_libraries/zf_flash.o
LOAD ./Libraries/seekfree_libraries/zf_gpio.o
LOAD ./Libraries/seekfree_libraries/zf_nvic.o
LOAD ./Libraries/seekfree_libraries/zf_pit.o
LOAD ./Libraries/seekfree_libraries/zf_pwm.o
LOAD ./Libraries/seekfree_libraries/zf_qtimer.o
LOAD ./Libraries/seekfree_libraries/zf_spi.o
LOAD ./Libraries/seekfree_libraries/zf_systick.o
LOAD ./Libraries/seekfree_libraries/zf_uart.o
LOAD ./Libraries/board/board.o
LOAD ./Libraries/board/clock_config.o
LOAD ./CODE/Motor.o
LOAD ./CODE/debug_usart.o
LOAD ./CODE/encoder.o
LOAD ./CODE/jf_data.o
LOAD d:/mrs/mounriver_studio/toolchain/risc-v embedded gcc/bin/../lib/gcc/riscv-none-embed/8.2.0/../../../../riscv-none-embed/lib/rv32imac/ilp32\libm.a
LOAD d:/mrs/mounriver_studio/toolchain/risc-v embedded gcc/bin/../lib/gcc/riscv-none-embed/8.2.0/rv32imac/ilp32\libgcc.a
LOAD d:/mrs/mounriver_studio/toolchain/risc-v embedded gcc/bin/../lib/gcc/riscv-none-embed/8.2.0/../../../../riscv-none-embed/lib/rv32imac/ilp32\libg_nano.a
LOAD d:/mrs/mounriver_studio/toolchain/risc-v embedded gcc/bin/../lib/gcc/riscv-none-embed/8.2.0/../../../../riscv-none-embed/lib/rv32imac/ilp32\libc_nano.a
LOAD d:/mrs/mounriver_studio/toolchain/risc-v embedded gcc/bin/../lib/gcc/riscv-none-embed/8.2.0/rv32imac/ilp32\libgcc.a
START GROUP
LOAD d:/mrs/mounriver_studio/toolchain/risc-v embedded gcc/bin/../lib/gcc/riscv-none-embed/8.2.0/rv32imac/ilp32\libgcc.a
LOAD d:/mrs/mounriver_studio/toolchain/risc-v embedded gcc/bin/../lib/gcc/riscv-none-embed/8.2.0/../../../../riscv-none-embed/lib/rv32imac/ilp32\libc_nano.a
LOAD d:/mrs/mounriver_studio/toolchain/risc-v embedded gcc/bin/../lib/gcc/riscv-none-embed/8.2.0/../../../../riscv-none-embed/lib/rv32imac/ilp32\libnosys.a
END GROUP
START GROUP
LOAD d:/mrs/mounriver_studio/toolchain/risc-v embedded gcc/bin/../lib/gcc/riscv-none-embed/8.2.0/rv32imac/ilp32\libgcc.a
LOAD d:/mrs/mounriver_studio/toolchain/risc-v embedded gcc/bin/../lib/gcc/riscv-none-embed/8.2.0/../../../../riscv-none-embed/lib/rv32imac/ilp32\libc_nano.a
LOAD d:/mrs/mounriver_studio/toolchain/risc-v embedded gcc/bin/../lib/gcc/riscv-none-embed/8.2.0/../../../../riscv-none-embed/lib/rv32imac/ilp32\libnosys.a
END GROUP
                0x0000000000000800                __stack_size = 0x800
                [!provide]                        PROVIDE (_stack_size = __stack_size)

.init           0x0000000000000000       0x38
                0x0000000000000000                _sinit = .
                0x0000000000000000                . = ALIGN (0x4)
 *(SORT_NONE(.init))
 .init          0x0000000000000000       0x38 ./Libraries/wch_libraries/Startup/startup_ch32v10x.o
                0x0000000000000000                _start
                0x0000000000000038                . = ALIGN (0x4)
                0x0000000000000038                _einit = .

.vector         0x0000000000000038      0x108
 *(.vector)
 .vector        0x0000000000000038       0xf0 ./Libraries/wch_libraries/Startup/startup_ch32v10x.o
                0x0000000000000140                . = ALIGN (0x40)
 *fill*         0x0000000000000128       0x18 

.text           0x0000000000000140     0xb81c
                0x0000000000000140                . = ALIGN (0x4)
 *(.text)
 .text          0x0000000000000140       0xa8 d:/mrs/mounriver_studio/toolchain/risc-v embedded gcc/bin/../lib/gcc/riscv-none-embed/8.2.0/../../../../riscv-none-embed/lib/rv32imac/ilp32\libg_nano.a(lib_a-memset.o)
                0x0000000000000140                memset
 *(.text.*)
 .text.EXTI1_IRQHandler
                0x00000000000001e8       0x42 ./USER/isr.o
                0x00000000000001e8                EXTI1_IRQHandler
 .text.EXTI2_IRQHandler
                0x000000000000022a       0x16 ./USER/isr.o
                0x000000000000022a                EXTI2_IRQHandler
 .text.EXTI3_IRQHandler
                0x0000000000000240       0x10 ./USER/isr.o
                0x0000000000000240                EXTI3_IRQHandler
 .text.EXTI4_IRQHandler
                0x0000000000000250       0x10 ./USER/isr.o
                0x0000000000000250                EXTI4_IRQHandler
 .text.EXTI9_5_IRQHandler
                0x0000000000000260       0x10 ./USER/isr.o
                0x0000000000000260                EXTI9_5_IRQHandler
 .text.EXTI15_10_IRQHandler
                0x0000000000000270       0x10 ./USER/isr.o
                0x0000000000000270                EXTI15_10_IRQHandler
 .text.ADC1_2_IRQHandler
                0x0000000000000280       0x10 ./USER/isr.o
                0x0000000000000280                ADC1_2_IRQHandler
 .text.TIM1_BRK_IRQHandler
                0x0000000000000290       0x34 ./USER/isr.o
                0x0000000000000290                TIM1_BRK_IRQHandler
 .text.TIM1_UP_IRQHandler
                0x00000000000002c4       0x30 ./USER/isr.o
                0x00000000000002c4                TIM1_UP_IRQHandler
 .text.TIM1_TRG_COM_IRQHandler
                0x00000000000002f4       0x58 ./USER/isr.o
                0x00000000000002f4                TIM1_TRG_COM_IRQHandler
 .text.TIM1_CC_IRQHandler
                0x000000000000034c       0x90 ./USER/isr.o
                0x000000000000034c                TIM1_CC_IRQHandler
 .text.TIM2_IRQHandler
                0x00000000000003dc       0x28 ./USER/isr.o
                0x00000000000003dc                TIM2_IRQHandler
 .text.TIM3_IRQHandler
                0x0000000000000404       0x30 ./USER/isr.o
                0x0000000000000404                TIM3_IRQHandler
 .text.TIM4_IRQHandler
                0x0000000000000434       0x30 ./USER/isr.o
                0x0000000000000434                TIM4_IRQHandler
 .text.USART2_IRQHandler
                0x0000000000000464       0x52 ./USER/isr.o
                0x0000000000000464                USART2_IRQHandler
 .text.DMA1_Channel4_IRQHandler
                0x00000000000004b6       0x42 ./USER/isr.o
                0x00000000000004b6                DMA1_Channel4_IRQHandler
 .text.NMI_Handler
                0x00000000000004f8       0x10 ./USER/isr.o
                0x00000000000004f8                NMI_Handler
 .text.HardFault_Handler
                0x0000000000000508        0x8 ./USER/isr.o
                0x0000000000000508                HardFault_Handler
 .text.clearPID
                0x0000000000000510       0x3c ./USER/main.o
                0x0000000000000510                clearPID
 .text.clearPID1
                0x000000000000054c       0x3c ./USER/main.o
                0x000000000000054c                clearPID1
 .text.clearTar
                0x0000000000000588       0x1e ./USER/main.o
                0x0000000000000588                clearTar
 .text.get_slave_data
                0x00000000000005a6       0x86 ./USER/main.o
                0x00000000000005a6                get_slave_data
 .text.data_analysis
                0x000000000000062c      0x1f2 ./USER/main.o
                0x000000000000062c                data_analysis
 .text.EXTI0_IRQHandler
                0x000000000000081e      0x142 ./USER/main.o
                0x000000000000081e                EXTI0_IRQHandler
 .text.USART1_IRQHandler
                0x0000000000000960       0x4e ./USER/main.o
                0x0000000000000960                USART1_IRQHandler
 .text.USART3_IRQHandler
                0x00000000000009ae       0xee ./USER/main.o
                0x00000000000009ae                USART3_IRQHandler
 .text.twwo     0x0000000000000a9c      0x50c ./USER/main.o
                0x0000000000000a9c                twwo
 .text.main     0x0000000000000fa8      0xa0e ./USER/main.o
                0x0000000000000fa8                main
 .text.handle_reset
                0x00000000000019b6       0x7e ./Libraries/wch_libraries/Startup/startup_ch32v10x.o
                0x00000000000019b6                handle_reset
 .text.DMA_DeInit
                0x0000000000001a34      0x20e ./Libraries/wch_libraries/Peripheral/ch32v10x_dma.o
                0x0000000000001a34                DMA_DeInit
 .text.DMA_Init
                0x0000000000001c42       0xa8 ./Libraries/wch_libraries/Peripheral/ch32v10x_dma.o
                0x0000000000001c42                DMA_Init
 .text.DMA_Cmd  0x0000000000001cea       0x40 ./Libraries/wch_libraries/Peripheral/ch32v10x_dma.o
                0x0000000000001cea                DMA_Cmd
 .text.DMA_ITConfig
                0x0000000000001d2a       0x4a ./Libraries/wch_libraries/Peripheral/ch32v10x_dma.o
                0x0000000000001d2a                DMA_ITConfig
 .text.DMA_GetFlagStatus
                0x0000000000001d74       0x5c ./Libraries/wch_libraries/Peripheral/ch32v10x_dma.o
                0x0000000000001d74                DMA_GetFlagStatus
 .text.DMA_ClearFlag
                0x0000000000001dd0       0x38 ./Libraries/wch_libraries/Peripheral/ch32v10x_dma.o
                0x0000000000001dd0                DMA_ClearFlag
 .text.EXTI_Init
                0x0000000000001e08      0x170 ./Libraries/wch_libraries/Peripheral/ch32v10x_exti.o
                0x0000000000001e08                EXTI_Init
 .text.EXTI_GetITStatus
                0x0000000000001f78       0x56 ./Libraries/wch_libraries/Peripheral/ch32v10x_exti.o
                0x0000000000001f78                EXTI_GetITStatus
 .text.EXTI_ClearITPendingBit
                0x0000000000001fce       0x20 ./Libraries/wch_libraries/Peripheral/ch32v10x_exti.o
                0x0000000000001fce                EXTI_ClearITPendingBit
 .text.GPIO_Init
                0x0000000000001fee      0x22a ./Libraries/wch_libraries/Peripheral/ch32v10x_gpio.o
                0x0000000000001fee                GPIO_Init
 .text.GPIO_WriteBit
                0x0000000000002218       0x38 ./Libraries/wch_libraries/Peripheral/ch32v10x_gpio.o
                0x0000000000002218                GPIO_WriteBit
 .text.GPIO_PinRemapConfig
                0x0000000000002250      0x13c ./Libraries/wch_libraries/Peripheral/ch32v10x_gpio.o
                0x0000000000002250                GPIO_PinRemapConfig
 .text.GPIO_EXTILineConfig
                0x000000000000238c       0xa2 ./Libraries/wch_libraries/Peripheral/ch32v10x_gpio.o
                0x000000000000238c                GPIO_EXTILineConfig
 .text.NVIC_EnableIRQ
                0x000000000000242e       0x32 ./Libraries/wch_libraries/Peripheral/ch32v10x_misc.o
 .text.NVIC_DisableIRQ
                0x0000000000002460       0x32 ./Libraries/wch_libraries/Peripheral/ch32v10x_misc.o
 .text.NVIC_SetPriority
                0x0000000000002492       0x2a ./Libraries/wch_libraries/Peripheral/ch32v10x_misc.o
 .text.NVIC_Init
                0x00000000000024bc       0xce ./Libraries/wch_libraries/Peripheral/ch32v10x_misc.o
                0x00000000000024bc                NVIC_Init
 .text.RCC_GetClocksFreq
                0x000000000000258a      0x216 ./Libraries/wch_libraries/Peripheral/ch32v10x_rcc.o
                0x000000000000258a                RCC_GetClocksFreq
 .text.RCC_AHBPeriphClockCmd
                0x00000000000027a0       0x46 ./Libraries/wch_libraries/Peripheral/ch32v10x_rcc.o
                0x00000000000027a0                RCC_AHBPeriphClockCmd
 .text.RCC_APB2PeriphClockCmd
                0x00000000000027e6       0x46 ./Libraries/wch_libraries/Peripheral/ch32v10x_rcc.o
                0x00000000000027e6                RCC_APB2PeriphClockCmd
 .text.RCC_APB1PeriphClockCmd
                0x000000000000282c       0x46 ./Libraries/wch_libraries/Peripheral/ch32v10x_rcc.o
                0x000000000000282c                RCC_APB1PeriphClockCmd
 .text.TIM_TimeBaseInit
                0x0000000000002872       0xfa ./Libraries/wch_libraries/Peripheral/ch32v10x_tim.o
                0x0000000000002872                TIM_TimeBaseInit
 .text.TIM_OC1Init
                0x000000000000296c      0x170 ./Libraries/wch_libraries/Peripheral/ch32v10x_tim.o
                0x000000000000296c                TIM_OC1Init
 .text.TIM_OC2Init
                0x0000000000002adc      0x1b6 ./Libraries/wch_libraries/Peripheral/ch32v10x_tim.o
                0x0000000000002adc                TIM_OC2Init
 .text.TIM_OC3Init
                0x0000000000002c92      0x1b0 ./Libraries/wch_libraries/Peripheral/ch32v10x_tim.o
                0x0000000000002c92                TIM_OC3Init
 .text.TIM_OC4Init
                0x0000000000002e42      0x14a ./Libraries/wch_libraries/Peripheral/ch32v10x_tim.o
                0x0000000000002e42                TIM_OC4Init
 .text.TIM_TimeBaseStructInit
                0x0000000000002f8c       0x3c ./Libraries/wch_libraries/Peripheral/ch32v10x_tim.o
                0x0000000000002f8c                TIM_TimeBaseStructInit
 .text.TIM_Cmd  0x0000000000002fc8       0x58 ./Libraries/wch_libraries/Peripheral/ch32v10x_tim.o
                0x0000000000002fc8                TIM_Cmd
 .text.TIM_CtrlPWMOutputs
                0x0000000000003020       0x60 ./Libraries/wch_libraries/Peripheral/ch32v10x_tim.o
                0x0000000000003020                TIM_CtrlPWMOutputs
 .text.TIM_DMACmd
                0x0000000000003080       0x70 ./Libraries/wch_libraries/Peripheral/ch32v10x_tim.o
                0x0000000000003080                TIM_DMACmd
 .text.TIM_ETRClockMode1Config
                0x00000000000030f0       0x8a ./Libraries/wch_libraries/Peripheral/ch32v10x_tim.o
                0x00000000000030f0                TIM_ETRClockMode1Config
 .text.TIM_ETRConfig
                0x000000000000317a       0x7c ./Libraries/wch_libraries/Peripheral/ch32v10x_tim.o
                0x000000000000317a                TIM_ETRConfig
 .text.TIM_SelectInputTrigger
                0x00000000000031f6       0x4e ./Libraries/wch_libraries/Peripheral/ch32v10x_tim.o
                0x00000000000031f6                TIM_SelectInputTrigger
 .text.TIM_EncoderInterfaceConfig
                0x0000000000003244       0xd8 ./Libraries/wch_libraries/Peripheral/ch32v10x_tim.o
                0x0000000000003244                TIM_EncoderInterfaceConfig
 .text.TIM_OC1PreloadConfig
                0x000000000000331c       0x4c ./Libraries/wch_libraries/Peripheral/ch32v10x_tim.o
                0x000000000000331c                TIM_OC1PreloadConfig
 .text.TIM_OC2PreloadConfig
                0x0000000000003368       0x5a ./Libraries/wch_libraries/Peripheral/ch32v10x_tim.o
                0x0000000000003368                TIM_OC2PreloadConfig
 .text.TIM_OC3PreloadConfig
                0x00000000000033c2       0x4c ./Libraries/wch_libraries/Peripheral/ch32v10x_tim.o
                0x00000000000033c2                TIM_OC3PreloadConfig
 .text.TIM_OC4PreloadConfig
                0x000000000000340e       0x5a ./Libraries/wch_libraries/Peripheral/ch32v10x_tim.o
                0x000000000000340e                TIM_OC4PreloadConfig
 .text.TIM_OC1FastConfig
                0x0000000000003468       0x4c ./Libraries/wch_libraries/Peripheral/ch32v10x_tim.o
                0x0000000000003468                TIM_OC1FastConfig
 .text.TIM_OC2FastConfig
                0x00000000000034b4       0x56 ./Libraries/wch_libraries/Peripheral/ch32v10x_tim.o
                0x00000000000034b4                TIM_OC2FastConfig
 .text.TIM_OC3FastConfig
                0x000000000000350a       0x4c ./Libraries/wch_libraries/Peripheral/ch32v10x_tim.o
                0x000000000000350a                TIM_OC3FastConfig
 .text.TIM_OC4FastConfig
                0x0000000000003556       0x56 ./Libraries/wch_libraries/Peripheral/ch32v10x_tim.o
                0x0000000000003556                TIM_OC4FastConfig
 .text.TIM_SelectSlaveMode
                0x00000000000035ac       0x56 ./Libraries/wch_libraries/Peripheral/ch32v10x_tim.o
                0x00000000000035ac                TIM_SelectSlaveMode
 .text.TIM_SelectMasterSlaveMode
                0x0000000000003602       0x58 ./Libraries/wch_libraries/Peripheral/ch32v10x_tim.o
                0x0000000000003602                TIM_SelectMasterSlaveMode
 .text.TIM_GetITStatus
                0x000000000000365a       0x70 ./Libraries/wch_libraries/Peripheral/ch32v10x_tim.o
                0x000000000000365a                TIM_GetITStatus
 .text.TIM_ClearITPendingBit
                0x00000000000036ca       0x2e ./Libraries/wch_libraries/Peripheral/ch32v10x_tim.o
                0x00000000000036ca                TIM_ClearITPendingBit
 .text.USART_Init
                0x00000000000036f8      0x234 ./Libraries/wch_libraries/Peripheral/ch32v10x_usart.o
                0x00000000000036f8                USART_Init
 .text.USART_Cmd
                0x000000000000392c       0x60 ./Libraries/wch_libraries/Peripheral/ch32v10x_usart.o
                0x000000000000392c                USART_Cmd
 .text.USART_ITConfig
                0x000000000000398c       0xc4 ./Libraries/wch_libraries/Peripheral/ch32v10x_usart.o
                0x000000000000398c                USART_ITConfig
 .text.USART_SendData
                0x0000000000003a50       0x2e ./Libraries/wch_libraries/Peripheral/ch32v10x_usart.o
                0x0000000000003a50                USART_SendData
 .text.USART_ReceiveData
                0x0000000000003a7e       0x26 ./Libraries/wch_libraries/Peripheral/ch32v10x_usart.o
                0x0000000000003a7e                USART_ReceiveData
 .text.USART_GetFlagStatus
                0x0000000000003aa4       0x46 ./Libraries/wch_libraries/Peripheral/ch32v10x_usart.o
                0x0000000000003aa4                USART_GetFlagStatus
 .text.USART_GetITStatus
                0x0000000000003aea      0x102 ./Libraries/wch_libraries/Peripheral/ch32v10x_usart.o
                0x0000000000003aea                USART_GetITStatus
 .text.USART_ClearITPendingBit
                0x0000000000003bec       0x4e ./Libraries/wch_libraries/Peripheral/ch32v10x_usart.o
                0x0000000000003bec                USART_ClearITPendingBit
 .text.mt9v03x_uart_callback
                0x0000000000003c3a       0x70 ./Libraries/seekfree_peripheral/SEEKFREE_MT9V03X.o
                0x0000000000003c3a                mt9v03x_uart_callback
 .text.set_config
                0x0000000000003caa       0xf0 ./Libraries/seekfree_peripheral/SEEKFREE_MT9V03X.o
                0x0000000000003caa                set_config
 .text.get_config
                0x0000000000003d9a       0xc8 ./Libraries/seekfree_peripheral/SEEKFREE_MT9V03X.o
                0x0000000000003d9a                get_config
 .text.mt9v03x_vsync_init
                0x0000000000003e62       0x2a ./Libraries/seekfree_peripheral/SEEKFREE_MT9V03X.o
                0x0000000000003e62                mt9v03x_vsync_init
 .text.mt9v03x_tim1_etr_init
                0x0000000000003e8c       0x1a ./Libraries/seekfree_peripheral/SEEKFREE_MT9V03X.o
                0x0000000000003e8c                mt9v03x_tim1_etr_init
 .text.mt9v03x_dma_init
                0x0000000000003ea6       0x76 ./Libraries/seekfree_peripheral/SEEKFREE_MT9V03X.o
                0x0000000000003ea6                mt9v03x_dma_init
 .text.mt9v03x_init
                0x0000000000003f1c       0x88 ./Libraries/seekfree_peripheral/SEEKFREE_MT9V03X.o
                0x0000000000003f1c                mt9v03x_init
 .text.mt9v03x_vsync
                0x0000000000003fa4       0x36 ./Libraries/seekfree_peripheral/SEEKFREE_MT9V03X.o
                0x0000000000003fa4                mt9v03x_vsync
 .text.mt9v03x_dma
                0x0000000000003fda       0x2e ./Libraries/seekfree_peripheral/SEEKFREE_MT9V03X.o
                0x0000000000003fda                mt9v03x_dma
 .text.oled_wrdat
                0x0000000000004008       0xb4 ./Libraries/seekfree_peripheral/SEEKFREE_OLED.o
                0x0000000000004008                oled_wrdat
 .text.oled_wrcmd
                0x00000000000040bc       0xb4 ./Libraries/seekfree_peripheral/SEEKFREE_OLED.o
                0x00000000000040bc                oled_wrcmd
 .text.oled_init
                0x0000000000004170      0x198 ./Libraries/seekfree_peripheral/SEEKFREE_OLED.o
                0x0000000000004170                oled_init
 .text.oled_set_pos
                0x0000000000004308       0xa0 ./Libraries/seekfree_peripheral/SEEKFREE_OLED.o
                0x0000000000004308                oled_set_pos
 .text.oled_fill
                0x00000000000043a8       0x72 ./Libraries/seekfree_peripheral/SEEKFREE_OLED.o
                0x00000000000043a8                oled_fill
 .text.oled_p6x8str
                0x000000000000441a       0xd6 ./Libraries/seekfree_peripheral/SEEKFREE_OLED.o
                0x000000000000441a                oled_p6x8str
 .text.oled_printf_int32
                0x00000000000044f0       0xea ./Libraries/seekfree_peripheral/SEEKFREE_OLED.o
                0x00000000000044f0                oled_printf_int32
 .text.oled_printf_float
                0x00000000000045da      0x19c ./Libraries/seekfree_peripheral/SEEKFREE_OLED.o
                0x00000000000045da                oled_printf_float
 .text.number_conversion_ascii
                0x0000000000004776      0x11e ./Libraries/seekfree_peripheral/SEEKFREE_PRINTF.o
                0x0000000000004776                number_conversion_ascii
 .text.printf_reverse_order
                0x0000000000004894       0x88 ./Libraries/seekfree_peripheral/SEEKFREE_PRINTF.o
                0x0000000000004894                printf_reverse_order
 .text.zf_sprintf
                0x000000000000491c      0x55a ./Libraries/seekfree_peripheral/SEEKFREE_PRINTF.o
                0x000000000000491c                zf_sprintf
 .text.ov7725_cof_uart_interrupt
                0x0000000000004e76       0x70 ./Libraries/seekfree_peripheral/SEEKFREE_UART_7725.o
                0x0000000000004e76                ov7725_cof_uart_interrupt
 .text.ov7725_uart_vsync
                0x0000000000004ee6       0x36 ./Libraries/seekfree_peripheral/SEEKFREE_UART_7725.o
                0x0000000000004ee6                ov7725_uart_vsync
 .text.ov7725_uart_dma
                0x0000000000004f1c       0x2e ./Libraries/seekfree_peripheral/SEEKFREE_UART_7725.o
                0x0000000000004f1c                ov7725_uart_dma
 .text.camera_dma_init
                0x0000000000004f4a      0x15a ./Libraries/seekfree_libraries/zf_camera.o
                0x0000000000004f4a                camera_dma_init
 .text.camera_tim_etr_init
                0x00000000000050a4      0x14a ./Libraries/seekfree_libraries/zf_camera.o
                0x00000000000050a4                camera_tim_etr_init
 .text.gpio_init
                0x00000000000051ee      0x1a4 ./Libraries/seekfree_libraries/zf_gpio.o
                0x00000000000051ee                gpio_init
 .text.gpio_set
                0x0000000000005392       0x7e ./Libraries/seekfree_libraries/zf_gpio.o
                0x0000000000005392                gpio_set
 .text.gpio_interrupt_init
                0x0000000000005410       0x82 ./Libraries/seekfree_libraries/zf_gpio.o
                0x0000000000005410                gpio_interrupt_init
 .text.nvic_init
                0x0000000000005492       0xac ./Libraries/seekfree_libraries/zf_nvic.o
                0x0000000000005492                nvic_init
 .text.close_all_irq
                0x000000000000553e       0x22 ./Libraries/seekfree_libraries/zf_nvic.o
                0x000000000000553e                close_all_irq
 .text.sys_recover_irq
                0x0000000000005560       0x30 ./Libraries/seekfree_libraries/zf_nvic.o
                0x0000000000005560                sys_recover_irq
 .text.DisableGlobalIRQ
                0x0000000000005590       0x4a ./Libraries/seekfree_libraries/zf_nvic.o
                0x0000000000005590                DisableGlobalIRQ
 .text.EnableGlobalIRQ
                0x00000000000055da       0x2e ./Libraries/seekfree_libraries/zf_nvic.o
                0x00000000000055da                EnableGlobalIRQ
 .text.pwm_gpio_init
                0x0000000000005608      0x364 ./Libraries/seekfree_libraries/zf_pwm.o
                0x0000000000005608                pwm_gpio_init
 .text.pwm_init
                0x000000000000596c      0x3c4 ./Libraries/seekfree_libraries/zf_pwm.o
                0x000000000000596c                pwm_init
 .text.pwm_duty
                0x0000000000005d30       0xf2 ./Libraries/seekfree_libraries/zf_pwm.o
                0x0000000000005d30                pwm_duty
 .text.timer_gpio_quad_init
                0x0000000000005e22      0x170 ./Libraries/seekfree_libraries/zf_qtimer.o
                0x0000000000005e22                timer_gpio_quad_init
 .text.timer_quad_init
                0x0000000000005f92      0x15e ./Libraries/seekfree_libraries/zf_qtimer.o
                0x0000000000005f92                timer_quad_init
 .text.timer_quad_get
                0x00000000000060f0       0x32 ./Libraries/seekfree_libraries/zf_qtimer.o
                0x00000000000060f0                timer_quad_get
 .text.timer_quad_clear
                0x0000000000006122       0x26 ./Libraries/seekfree_libraries/zf_qtimer.o
                0x0000000000006122                timer_quad_clear
 .text.systick_delay
                0x0000000000006148       0x94 ./Libraries/seekfree_libraries/zf_systick.o
                0x0000000000006148                systick_delay
 .text.uart_gpio_init
                0x00000000000061dc       0xec ./Libraries/seekfree_libraries/zf_uart.o
                0x00000000000061dc                uart_gpio_init
 .text.uart_init
                0x00000000000062c8      0x106 ./Libraries/seekfree_libraries/zf_uart.o
                0x00000000000062c8                uart_init
 .text.uart_putchar
                0x00000000000063ce       0x56 ./Libraries/seekfree_libraries/zf_uart.o
                0x00000000000063ce                uart_putchar
 .text.uart_putbuff
                0x0000000000006424       0x48 ./Libraries/seekfree_libraries/zf_uart.o
                0x0000000000006424                uart_putbuff
 .text.uart_rx_irq
                0x000000000000646c       0x50 ./Libraries/seekfree_libraries/zf_uart.o
                0x000000000000646c                uart_rx_irq
 .text.uart_query
                0x00000000000064bc       0x5e ./Libraries/seekfree_libraries/zf_uart.o
                0x00000000000064bc                uart_query
 .text.board_init
                0x000000000000651a       0x4c ./Libraries/board/board.o
                0x000000000000651a                board_init
 .text._write   0x0000000000006566       0x7c ./Libraries/board/board.o
                0x0000000000006566                _write
 .text.SetSysClock
                0x00000000000065e2      0x140 ./Libraries/board/clock_config.o
 .text.SystemInit
                0x0000000000006722       0x7e ./Libraries/board/clock_config.o
                0x0000000000006722                SystemInit
 .text.Motorinit
                0x00000000000067a0       0x8e ./CODE/Motor.o
                0x00000000000067a0                Motorinit
 .text.xianfu   0x000000000000682e       0x42 ./CODE/Motor.o
                0x000000000000682e                xianfu
 .text.Motor_Set
                0x0000000000006870       0xe2 ./CODE/Motor.o
                0x0000000000006870                Motor_Set
 .text.PID_Init
                0x0000000000006952       0x58 ./CODE/Motor.o
                0x0000000000006952                PID_Init
 .text.GetspeedPID
                0x00000000000069aa      0x118 ./CODE/Motor.o
                0x00000000000069aa                GetspeedPID
 .text.GetposPID
                0x0000000000006ac2      0x112 ./CODE/Motor.o
                0x0000000000006ac2                GetposPID
 .text.CheckSum
                0x0000000000006bd4       0x4c ./CODE/debug_usart.o
                0x0000000000006bd4                CheckSum
 .text.Analyse_Data_Callback
                0x0000000000006c20      0x23c ./CODE/debug_usart.o
                0x0000000000006c20                Analyse_Data_Callback
 .text.Encoder_master_init
                0x0000000000006e5c       0x26 ./CODE/encoder.o
                0x0000000000006e5c                Encoder_master_init
 .text.Encoder_master_get
                0x0000000000006e82       0x5a ./CODE/encoder.o
                0x0000000000006e82                Encoder_master_get
 .text.GetHistGram1
                0x0000000000006edc       0x86 ./CODE/jf_data.o
                0x0000000000006edc                GetHistGram1
 .text.OSTUThreshold1
                0x0000000000006f62      0x382 ./CODE/jf_data.o
                0x0000000000006f62                OSTUThreshold1
 .text.ceil     0x00000000000072e4      0x14e d:/mrs/mounriver_studio/toolchain/risc-v embedded gcc/bin/../lib/gcc/riscv-none-embed/8.2.0/../../../../riscv-none-embed/lib/rv32imac/ilp32\libm.a(lib_a-s_ceil.o)
                0x00000000000072e4                ceil
 .text.floor    0x0000000000007432      0x150 d:/mrs/mounriver_studio/toolchain/risc-v embedded gcc/bin/../lib/gcc/riscv-none-embed/8.2.0/../../../../riscv-none-embed/lib/rv32imac/ilp32\libm.a(lib_a-s_floor.o)
                0x0000000000007432                floor
 .text.__adddf3
                0x0000000000007582      0x730 d:/mrs/mounriver_studio/toolchain/risc-v embedded gcc/bin/../lib/gcc/riscv-none-embed/8.2.0/rv32imac/ilp32\libgcc.a(adddf3.o)
                0x0000000000007582                __adddf3
 .text.__divdf3
                0x0000000000007cb2      0x5b4 d:/mrs/mounriver_studio/toolchain/risc-v embedded gcc/bin/../lib/gcc/riscv-none-embed/8.2.0/rv32imac/ilp32\libgcc.a(divdf3.o)
                0x0000000000007cb2                __divdf3
 .text.__eqdf2  0x0000000000008266       0x6a d:/mrs/mounriver_studio/toolchain/risc-v embedded gcc/bin/../lib/gcc/riscv-none-embed/8.2.0/rv32imac/ilp32\libgcc.a(eqdf2.o)
                0x0000000000008266                __nedf2
                0x0000000000008266                __eqdf2
 .text.__gedf2  0x00000000000082d0       0xae d:/mrs/mounriver_studio/toolchain/risc-v embedded gcc/bin/../lib/gcc/riscv-none-embed/8.2.0/rv32imac/ilp32\libgcc.a(gedf2.o)
                0x00000000000082d0                __gedf2
                0x00000000000082d0                __gtdf2
 .text.__ledf2  0x000000000000837e       0xb6 d:/mrs/mounriver_studio/toolchain/risc-v embedded gcc/bin/../lib/gcc/riscv-none-embed/8.2.0/rv32imac/ilp32\libgcc.a(ledf2.o)
                0x000000000000837e                __ledf2
                0x000000000000837e                __ltdf2
 .text.__muldf3
                0x0000000000008434      0x4b8 d:/mrs/mounriver_studio/toolchain/risc-v embedded gcc/bin/../lib/gcc/riscv-none-embed/8.2.0/rv32imac/ilp32\libgcc.a(muldf3.o)
                0x0000000000008434                __muldf3
 .text.__subdf3
                0x00000000000088ec      0x73e d:/mrs/mounriver_studio/toolchain/risc-v embedded gcc/bin/../lib/gcc/riscv-none-embed/8.2.0/rv32imac/ilp32\libgcc.a(subdf3.o)
                0x00000000000088ec                __subdf3
 .text.__fixdfsi
                0x000000000000902a       0x68 d:/mrs/mounriver_studio/toolchain/risc-v embedded gcc/bin/../lib/gcc/riscv-none-embed/8.2.0/rv32imac/ilp32\libgcc.a(fixdfsi.o)
                0x000000000000902a                __fixdfsi
 .text.__floatsidf
                0x0000000000009092       0x72 d:/mrs/mounriver_studio/toolchain/risc-v embedded gcc/bin/../lib/gcc/riscv-none-embed/8.2.0/rv32imac/ilp32\libgcc.a(floatsidf.o)
                0x0000000000009092                __floatsidf
 .text.__floatunsidf
                0x0000000000009104       0x68 d:/mrs/mounriver_studio/toolchain/risc-v embedded gcc/bin/../lib/gcc/riscv-none-embed/8.2.0/rv32imac/ilp32\libgcc.a(floatunsidf.o)
                0x0000000000009104                __floatunsidf
 .text.__addsf3
                0x000000000000916c      0x36a d:/mrs/mounriver_studio/toolchain/risc-v embedded gcc/bin/../lib/gcc/riscv-none-embed/8.2.0/rv32imac/ilp32\libgcc.a(addsf3.o)
                0x000000000000916c                __addsf3
 .text.__gesf2  0x00000000000094d6       0x86 d:/mrs/mounriver_studio/toolchain/risc-v embedded gcc/bin/../lib/gcc/riscv-none-embed/8.2.0/rv32imac/ilp32\libgcc.a(gesf2.o)
                0x00000000000094d6                __gesf2
                0x00000000000094d6                __gtsf2
 .text.__lesf2  0x000000000000955c       0x8c d:/mrs/mounriver_studio/toolchain/risc-v embedded gcc/bin/../lib/gcc/riscv-none-embed/8.2.0/rv32imac/ilp32\libgcc.a(lesf2.o)
                0x000000000000955c                __ltsf2
                0x000000000000955c                __lesf2
 .text.__mulsf3
                0x00000000000095e8      0x290 d:/mrs/mounriver_studio/toolchain/risc-v embedded gcc/bin/../lib/gcc/riscv-none-embed/8.2.0/rv32imac/ilp32\libgcc.a(mulsf3.o)
                0x00000000000095e8                __mulsf3
 .text.__subsf3
                0x0000000000009878      0x388 d:/mrs/mounriver_studio/toolchain/risc-v embedded gcc/bin/../lib/gcc/riscv-none-embed/8.2.0/rv32imac/ilp32\libgcc.a(subsf3.o)
                0x0000000000009878                __subsf3
 .text.__fixsfsi
                0x0000000000009c00       0x62 d:/mrs/mounriver_studio/toolchain/risc-v embedded gcc/bin/../lib/gcc/riscv-none-embed/8.2.0/rv32imac/ilp32\libgcc.a(fixsfsi.o)
                0x0000000000009c00                __fixsfsi
 .text.__floatsisf
                0x0000000000009c62       0xc6 d:/mrs/mounriver_studio/toolchain/risc-v embedded gcc/bin/../lib/gcc/riscv-none-embed/8.2.0/rv32imac/ilp32\libgcc.a(floatsisf.o)
                0x0000000000009c62                __floatsisf
 .text.__extendsfdf2
                0x0000000000009d28       0xac d:/mrs/mounriver_studio/toolchain/risc-v embedded gcc/bin/../lib/gcc/riscv-none-embed/8.2.0/rv32imac/ilp32\libgcc.a(extendsfdf2.o)
                0x0000000000009d28                __extendsfdf2
 .text.__clzsi2
                0x0000000000009dd4       0x76 d:/mrs/mounriver_studio/toolchain/risc-v embedded gcc/bin/../lib/gcc/riscv-none-embed/8.2.0/rv32imac/ilp32\libgcc.a(_clzsi2.o)
                0x0000000000009dd4                __clzsi2
 .text.__assert_func
                0x0000000000009e4a       0x3a d:/mrs/mounriver_studio/toolchain/risc-v embedded gcc/bin/../lib/gcc/riscv-none-embed/8.2.0/../../../../riscv-none-embed/lib/rv32imac/ilp32\libg_nano.a(lib_a-assert.o)
                0x0000000000009e4a                __assert_func
 .text.fprintf  0x0000000000009e84       0x26 d:/mrs/mounriver_studio/toolchain/risc-v embedded gcc/bin/../lib/gcc/riscv-none-embed/8.2.0/../../../../riscv-none-embed/lib/rv32imac/ilp32\libg_nano.a(lib_a-fprintf.o)
                0x0000000000009e84                fiprintf
                0x0000000000009e84                fprintf
 .text.memcpy   0x0000000000009eaa       0xb6 d:/mrs/mounriver_studio/toolchain/risc-v embedded gcc/bin/../lib/gcc/riscv-none-embed/8.2.0/../../../../riscv-none-embed/lib/rv32imac/ilp32\libg_nano.a(lib_a-memcpy.o)
                0x0000000000009eaa                memcpy
 .text.__sfputc_r
                0x0000000000009f60       0x28 d:/mrs/mounriver_studio/toolchain/risc-v embedded gcc/bin/../lib/gcc/riscv-none-embed/8.2.0/../../../../riscv-none-embed/lib/rv32imac/ilp32\libg_nano.a(lib_a-nano-vfprintf.o)
 .text.__sfputs_r
                0x0000000000009f88       0x44 d:/mrs/mounriver_studio/toolchain/risc-v embedded gcc/bin/../lib/gcc/riscv-none-embed/8.2.0/../../../../riscv-none-embed/lib/rv32imac/ilp32\libg_nano.a(lib_a-nano-vfprintf.o)
                0x0000000000009f88                __sfputs_r
 .text._vfprintf_r
                0x0000000000009fcc      0x2a0 d:/mrs/mounriver_studio/toolchain/risc-v embedded gcc/bin/../lib/gcc/riscv-none-embed/8.2.0/../../../../riscv-none-embed/lib/rv32imac/ilp32\libg_nano.a(lib_a-nano-vfprintf.o)
                0x0000000000009fcc                _vfprintf_r
                0x0000000000009fcc                _vfiprintf_r
 .text._printf_common
                0x000000000000a26c      0x10c d:/mrs/mounriver_studio/toolchain/risc-v embedded gcc/bin/../lib/gcc/riscv-none-embed/8.2.0/../../../../riscv-none-embed/lib/rv32imac/ilp32\libg_nano.a(lib_a-nano-vfprintf_i.o)
                0x000000000000a26c                _printf_common
 .text._printf_i
                0x000000000000a378      0x2a4 d:/mrs/mounriver_studio/toolchain/risc-v embedded gcc/bin/../lib/gcc/riscv-none-embed/8.2.0/../../../../riscv-none-embed/lib/rv32imac/ilp32\libg_nano.a(lib_a-nano-vfprintf_i.o)
                0x000000000000a378                _printf_i
 .text.printf   0x000000000000a61c       0x40 d:/mrs/mounriver_studio/toolchain/risc-v embedded gcc/bin/../lib/gcc/riscv-none-embed/8.2.0/../../../../riscv-none-embed/lib/rv32imac/ilp32\libg_nano.a(lib_a-printf.o)
                0x000000000000a61c                iprintf
                0x000000000000a61c                printf
 .text.__swbuf_r
                0x000000000000a65c       0xc0 d:/mrs/mounriver_studio/toolchain/risc-v embedded gcc/bin/../lib/gcc/riscv-none-embed/8.2.0/../../../../riscv-none-embed/lib/rv32imac/ilp32\libg_nano.a(lib_a-wbuf.o)
                0x000000000000a65c                __swbuf_r
 .text.__swsetup_r
                0x000000000000a71c      0x10c d:/mrs/mounriver_studio/toolchain/risc-v embedded gcc/bin/../lib/gcc/riscv-none-embed/8.2.0/../../../../riscv-none-embed/lib/rv32imac/ilp32\libg_nano.a(lib_a-wsetup.o)
                0x000000000000a71c                __swsetup_r
 .text.abort    0x000000000000a828        0xe d:/mrs/mounriver_studio/toolchain/risc-v embedded gcc/bin/../lib/gcc/riscv-none-embed/8.2.0/../../../../riscv-none-embed/lib/rv32imac/ilp32\libg_nano.a(lib_a-abort.o)
                0x000000000000a828                abort
 .text.__sflush_r
                0x000000000000a836      0x13c d:/mrs/mounriver_studio/toolchain/risc-v embedded gcc/bin/../lib/gcc/riscv-none-embed/8.2.0/../../../../riscv-none-embed/lib/rv32imac/ilp32\libg_nano.a(lib_a-fflush.o)
                0x000000000000a836                __sflush_r
 .text._fflush_r
                0x000000000000a972       0x66 d:/mrs/mounriver_studio/toolchain/risc-v embedded gcc/bin/../lib/gcc/riscv-none-embed/8.2.0/../../../../riscv-none-embed/lib/rv32imac/ilp32\libg_nano.a(lib_a-fflush.o)
                0x000000000000a972                _fflush_r
 .text.std      0x000000000000a9d8       0x6a d:/mrs/mounriver_studio/toolchain/risc-v embedded gcc/bin/../lib/gcc/riscv-none-embed/8.2.0/../../../../riscv-none-embed/lib/rv32imac/ilp32\libg_nano.a(lib_a-findfp.o)
 .text._cleanup_r
                0x000000000000aa42        0xa d:/mrs/mounriver_studio/toolchain/risc-v embedded gcc/bin/../lib/gcc/riscv-none-embed/8.2.0/../../../../riscv-none-embed/lib/rv32imac/ilp32\libg_nano.a(lib_a-findfp.o)
                0x000000000000aa42                _cleanup_r
 .text.__sfmoreglue
                0x000000000000aa4c       0x46 d:/mrs/mounriver_studio/toolchain/risc-v embedded gcc/bin/../lib/gcc/riscv-none-embed/8.2.0/../../../../riscv-none-embed/lib/rv32imac/ilp32\libg_nano.a(lib_a-findfp.o)
                0x000000000000aa4c                __sfmoreglue
 .text.__sinit  0x000000000000aa92       0x6c d:/mrs/mounriver_studio/toolchain/risc-v embedded gcc/bin/../lib/gcc/riscv-none-embed/8.2.0/../../../../riscv-none-embed/lib/rv32imac/ilp32\libg_nano.a(lib_a-findfp.o)
                0x000000000000aa92                __sinit
 .text.__sfp    0x000000000000aafe       0xa0 d:/mrs/mounriver_studio/toolchain/risc-v embedded gcc/bin/../lib/gcc/riscv-none-embed/8.2.0/../../../../riscv-none-embed/lib/rv32imac/ilp32\libg_nano.a(lib_a-findfp.o)
                0x000000000000aafe                __sfp
 .text._fwalk_reent
                0x000000000000ab9e       0x6c d:/mrs/mounriver_studio/toolchain/risc-v embedded gcc/bin/../lib/gcc/riscv-none-embed/8.2.0/../../../../riscv-none-embed/lib/rv32imac/ilp32\libg_nano.a(lib_a-fwalk.o)
                0x000000000000ab9e                _fwalk_reent
 .text.__swhatbuf_r
                0x000000000000ac0a       0x58 d:/mrs/mounriver_studio/toolchain/risc-v embedded gcc/bin/../lib/gcc/riscv-none-embed/8.2.0/../../../../riscv-none-embed/lib/rv32imac/ilp32\libg_nano.a(lib_a-makebuf.o)
                0x000000000000ac0a                __swhatbuf_r
 .text.__smakebuf_r
                0x000000000000ac62       0x9e d:/mrs/mounriver_studio/toolchain/risc-v embedded gcc/bin/../lib/gcc/riscv-none-embed/8.2.0/../../../../riscv-none-embed/lib/rv32imac/ilp32\libg_nano.a(lib_a-makebuf.o)
                0x000000000000ac62                __smakebuf_r
 .text.memchr   0x000000000000ad00       0x1a d:/mrs/mounriver_studio/toolchain/risc-v embedded gcc/bin/../lib/gcc/riscv-none-embed/8.2.0/../../../../riscv-none-embed/lib/rv32imac/ilp32\libg_nano.a(lib_a-memchr.o)
                0x000000000000ad00                memchr
 .text._free_r  0x000000000000ad1a       0xa4 d:/mrs/mounriver_studio/toolchain/risc-v embedded gcc/bin/../lib/gcc/riscv-none-embed/8.2.0/../../../../riscv-none-embed/lib/rv32imac/ilp32\libg_nano.a(lib_a-nano-freer.o)
                0x000000000000ad1a                _free_r
 .text._malloc_r
                0x000000000000adbe       0xce d:/mrs/mounriver_studio/toolchain/risc-v embedded gcc/bin/../lib/gcc/riscv-none-embed/8.2.0/../../../../riscv-none-embed/lib/rv32imac/ilp32\libg_nano.a(lib_a-nano-mallocr.o)
                0x000000000000adbe                _malloc_r
 .text._sbrk_r  0x000000000000ae8c       0x30 d:/mrs/mounriver_studio/toolchain/risc-v embedded gcc/bin/../lib/gcc/riscv-none-embed/8.2.0/../../../../riscv-none-embed/lib/rv32imac/ilp32\libg_nano.a(lib_a-sbrkr.o)
                0x000000000000ae8c                _sbrk_r
 .text._raise_r
                0x000000000000aebc       0x62 d:/mrs/mounriver_studio/toolchain/risc-v embedded gcc/bin/../lib/gcc/riscv-none-embed/8.2.0/../../../../riscv-none-embed/lib/rv32imac/ilp32\libg_nano.a(lib_a-signal.o)
                0x000000000000aebc                _raise_r
 .text.raise    0x000000000000af1e        0xc d:/mrs/mounriver_studio/toolchain/risc-v embedded gcc/bin/../lib/gcc/riscv-none-embed/8.2.0/../../../../riscv-none-embed/lib/rv32imac/ilp32\libg_nano.a(lib_a-signal.o)
                0x000000000000af1e                raise
 .text._kill_r  0x000000000000af2a       0x32 d:/mrs/mounriver_studio/toolchain/risc-v embedded gcc/bin/../lib/gcc/riscv-none-embed/8.2.0/../../../../riscv-none-embed/lib/rv32imac/ilp32\libg_nano.a(lib_a-signalr.o)
                0x000000000000af2a                _kill_r
 .text._getpid_r
                0x000000000000af5c        0x2 d:/mrs/mounriver_studio/toolchain/risc-v embedded gcc/bin/../lib/gcc/riscv-none-embed/8.2.0/../../../../riscv-none-embed/lib/rv32imac/ilp32\libg_nano.a(lib_a-signalr.o)
                0x000000000000af5c                _getpid_r
 .text.__sread  0x000000000000af5e       0x30 d:/mrs/mounriver_studio/toolchain/risc-v embedded gcc/bin/../lib/gcc/riscv-none-embed/8.2.0/../../../../riscv-none-embed/lib/rv32imac/ilp32\libg_nano.a(lib_a-stdio.o)
                0x000000000000af5e                __sread
 .text.__swrite
                0x000000000000af8e       0x4e d:/mrs/mounriver_studio/toolchain/risc-v embedded gcc/bin/../lib/gcc/riscv-none-embed/8.2.0/../../../../riscv-none-embed/lib/rv32imac/ilp32\libg_nano.a(lib_a-stdio.o)
                0x000000000000af8e                __swrite
 .text.__sseek  0x000000000000afdc       0x36 d:/mrs/mounriver_studio/toolchain/risc-v embedded gcc/bin/../lib/gcc/riscv-none-embed/8.2.0/../../../../riscv-none-embed/lib/rv32imac/ilp32\libg_nano.a(lib_a-stdio.o)
                0x000000000000afdc                __sseek
 .text.__sclose
                0x000000000000b012        0x6 d:/mrs/mounriver_studio/toolchain/risc-v embedded gcc/bin/../lib/gcc/riscv-none-embed/8.2.0/../../../../riscv-none-embed/lib/rv32imac/ilp32\libg_nano.a(lib_a-stdio.o)
                0x000000000000b012                __sclose
 .text._write_r
                0x000000000000b018       0x36 d:/mrs/mounriver_studio/toolchain/risc-v embedded gcc/bin/../lib/gcc/riscv-none-embed/8.2.0/../../../../riscv-none-embed/lib/rv32imac/ilp32\libg_nano.a(lib_a-writer.o)
                0x000000000000b018                _write_r
 .text._close_r
                0x000000000000b04e       0x30 d:/mrs/mounriver_studio/toolchain/risc-v embedded gcc/bin/../lib/gcc/riscv-none-embed/8.2.0/../../../../riscv-none-embed/lib/rv32imac/ilp32\libg_nano.a(lib_a-closer.o)
                0x000000000000b04e                _close_r
 .text._fstat_r
                0x000000000000b07e       0x32 d:/mrs/mounriver_studio/toolchain/risc-v embedded gcc/bin/../lib/gcc/riscv-none-embed/8.2.0/../../../../riscv-none-embed/lib/rv32imac/ilp32\libg_nano.a(lib_a-fstatr.o)
                0x000000000000b07e                _fstat_r
 .text._isatty_r
                0x000000000000b0b0       0x30 d:/mrs/mounriver_studio/toolchain/risc-v embedded gcc/bin/../lib/gcc/riscv-none-embed/8.2.0/../../../../riscv-none-embed/lib/rv32imac/ilp32\libg_nano.a(lib_a-isattyr.o)
                0x000000000000b0b0                _isatty_r
 .text._lseek_r
                0x000000000000b0e0       0x34 d:/mrs/mounriver_studio/toolchain/risc-v embedded gcc/bin/../lib/gcc/riscv-none-embed/8.2.0/../../../../riscv-none-embed/lib/rv32imac/ilp32\libg_nano.a(lib_a-lseekr.o)
                0x000000000000b0e0                _lseek_r
 .text.__malloc_lock
                0x000000000000b114        0x2 d:/mrs/mounriver_studio/toolchain/risc-v embedded gcc/bin/../lib/gcc/riscv-none-embed/8.2.0/../../../../riscv-none-embed/lib/rv32imac/ilp32\libg_nano.a(lib_a-mlock.o)
                0x000000000000b114                __malloc_lock
 .text.__malloc_unlock
                0x000000000000b116        0x2 d:/mrs/mounriver_studio/toolchain/risc-v embedded gcc/bin/../lib/gcc/riscv-none-embed/8.2.0/../../../../riscv-none-embed/lib/rv32imac/ilp32\libg_nano.a(lib_a-mlock.o)
                0x000000000000b116                __malloc_unlock
 .text._read_r  0x000000000000b118       0x34 d:/mrs/mounriver_studio/toolchain/risc-v embedded gcc/bin/../lib/gcc/riscv-none-embed/8.2.0/../../../../riscv-none-embed/lib/rv32imac/ilp32\libg_nano.a(lib_a-readr.o)
                0x000000000000b118                _read_r
 .text._close   0x000000000000b14c       0x10 d:/mrs/mounriver_studio/toolchain/risc-v embedded gcc/bin/../lib/gcc/riscv-none-embed/8.2.0/../../../../riscv-none-embed/lib/rv32imac/ilp32\libnosys.a(close.o)
                0x000000000000b14c                _close
 .text._fstat   0x000000000000b15c       0x10 d:/mrs/mounriver_studio/toolchain/risc-v embedded gcc/bin/../lib/gcc/riscv-none-embed/8.2.0/../../../../riscv-none-embed/lib/rv32imac/ilp32\libnosys.a(fstat.o)
                0x000000000000b15c                _fstat
 .text._getpid  0x000000000000b16c       0x10 d:/mrs/mounriver_studio/toolchain/risc-v embedded gcc/bin/../lib/gcc/riscv-none-embed/8.2.0/../../../../riscv-none-embed/lib/rv32imac/ilp32\libnosys.a(getpid.o)
                0x000000000000b16c                _getpid
 .text._isatty  0x000000000000b17c       0x10 d:/mrs/mounriver_studio/toolchain/risc-v embedded gcc/bin/../lib/gcc/riscv-none-embed/8.2.0/../../../../riscv-none-embed/lib/rv32imac/ilp32\libnosys.a(isatty.o)
                0x000000000000b17c                _isatty
 .text._kill    0x000000000000b18c       0x10 d:/mrs/mounriver_studio/toolchain/risc-v embedded gcc/bin/../lib/gcc/riscv-none-embed/8.2.0/../../../../riscv-none-embed/lib/rv32imac/ilp32\libnosys.a(kill.o)
                0x000000000000b18c                _kill
 .text._lseek   0x000000000000b19c       0x10 d:/mrs/mounriver_studio/toolchain/risc-v embedded gcc/bin/../lib/gcc/riscv-none-embed/8.2.0/../../../../riscv-none-embed/lib/rv32imac/ilp32\libnosys.a(lseek.o)
                0x000000000000b19c                _lseek
 .text._read    0x000000000000b1ac       0x10 d:/mrs/mounriver_studio/toolchain/risc-v embedded gcc/bin/../lib/gcc/riscv-none-embed/8.2.0/../../../../riscv-none-embed/lib/rv32imac/ilp32\libnosys.a(read.o)
                0x000000000000b1ac                _read
 .text._sbrk    0x000000000000b1bc       0x24 d:/mrs/mounriver_studio/toolchain/risc-v embedded gcc/bin/../lib/gcc/riscv-none-embed/8.2.0/../../../../riscv-none-embed/lib/rv32imac/ilp32\libnosys.a(sbrk.o)
                0x000000000000b1bc                _sbrk
 .text._exit    0x000000000000b1e0        0x2 d:/mrs/mounriver_studio/toolchain/risc-v embedded gcc/bin/../lib/gcc/riscv-none-embed/8.2.0/../../../../riscv-none-embed/lib/rv32imac/ilp32\libnosys.a(_exit.o)
                0x000000000000b1e0                _exit
 *(.rodata)
 *fill*         0x000000000000b1e2        0x2 
 .rodata        0x000000000000b1e4       0x84 ./USER/main.o
 .rodata        0x000000000000b268       0x5f ./Libraries/seekfree_peripheral/SEEKFREE_OLED.o
 *fill*         0x000000000000b2c7        0x1 
 .rodata        0x000000000000b2c8        0x8 ./Libraries/seekfree_peripheral/SEEKFREE_PRINTF.o
 .rodata        0x000000000000b2d0        0x8 ./CODE/Motor.o
 .rodata        0x000000000000b2d8        0x8 ./CODE/jf_data.o
 *(.rodata*)
 .rodata.main   0x000000000000b2e0       0x20 ./USER/main.o
 .rodata.oled_6x8
                0x000000000000b300      0x228 ./Libraries/seekfree_peripheral/SEEKFREE_FONT.o
                0x000000000000b300                oled_6x8
 .rodata.__func__.3175
                0x000000000000b528        0xd ./Libraries/seekfree_peripheral/SEEKFREE_OLED.o
 *fill*         0x000000000000b535        0x3 
 .rodata.zf_sprintf
                0x000000000000b538      0x150 ./Libraries/seekfree_peripheral/SEEKFREE_PRINTF.o
 .rodata.GPION  0x000000000000b688       0x10 ./Libraries/seekfree_libraries/zf_gpio.o
                0x000000000000b688                GPION
 .rodata.TIMERN
                0x000000000000b698       0x10 ./Libraries/seekfree_libraries/zf_qtimer.o
                0x000000000000b698                TIMERN
 .rodata.UARTN  0x000000000000b6a8       0x10 ./Libraries/seekfree_libraries/zf_uart.o
                0x000000000000b6a8                UARTN
 .rodata.ceil.cst8
                0x000000000000b6b8        0x8 d:/mrs/mounriver_studio/toolchain/risc-v embedded gcc/bin/../lib/gcc/riscv-none-embed/8.2.0/../../../../riscv-none-embed/lib/rv32imac/ilp32\libm.a(lib_a-s_ceil.o)
 .rodata.floor.cst8
                0x000000000000b6c0        0x8 d:/mrs/mounriver_studio/toolchain/risc-v embedded gcc/bin/../lib/gcc/riscv-none-embed/8.2.0/../../../../riscv-none-embed/lib/rv32imac/ilp32\libm.a(lib_a-s_floor.o)
 .rodata.__divdf3
                0x000000000000b6c0       0x40 d:/mrs/mounriver_studio/toolchain/risc-v embedded gcc/bin/../lib/gcc/riscv-none-embed/8.2.0/rv32imac/ilp32\libgcc.a(divdf3.o)
 .rodata.__muldf3
                0x000000000000b700       0x40 d:/mrs/mounriver_studio/toolchain/risc-v embedded gcc/bin/../lib/gcc/riscv-none-embed/8.2.0/rv32imac/ilp32\libgcc.a(muldf3.o)
 .rodata.__mulsf3
                0x000000000000b740       0x40 d:/mrs/mounriver_studio/toolchain/risc-v embedded gcc/bin/../lib/gcc/riscv-none-embed/8.2.0/rv32imac/ilp32\libgcc.a(mulsf3.o)
 .rodata.__clz_tab
                0x000000000000b780      0x100 d:/mrs/mounriver_studio/toolchain/risc-v embedded gcc/bin/../lib/gcc/riscv-none-embed/8.2.0/rv32imac/ilp32\libgcc.a(_clz.o)
                0x000000000000b780                __clz_tab
 .rodata.__assert_func.str1.4
                0x000000000000b880       0x3f d:/mrs/mounriver_studio/toolchain/risc-v embedded gcc/bin/../lib/gcc/riscv-none-embed/8.2.0/../../../../riscv-none-embed/lib/rv32imac/ilp32\libg_nano.a(lib_a-assert.o)
                                         0x43 (size before relaxing)
 *fill*         0x000000000000b8bf        0x1 
 .rodata._vfprintf_r.str1.4
                0x000000000000b8c0       0x13 d:/mrs/mounriver_studio/toolchain/risc-v embedded gcc/bin/../lib/gcc/riscv-none-embed/8.2.0/../../../../riscv-none-embed/lib/rv32imac/ilp32\libg_nano.a(lib_a-nano-vfprintf.o)
 *fill*         0x000000000000b8d3        0x1 
 .rodata._printf_i.str1.4
                0x000000000000b8d4       0x28 d:/mrs/mounriver_studio/toolchain/risc-v embedded gcc/bin/../lib/gcc/riscv-none-embed/8.2.0/../../../../riscv-none-embed/lib/rv32imac/ilp32\libg_nano.a(lib_a-nano-vfprintf_i.o)
                                         0x25 (size before relaxing)
 .rodata.__sf_fake_stderr
                0x000000000000b8fc       0x20 d:/mrs/mounriver_studio/toolchain/risc-v embedded gcc/bin/../lib/gcc/riscv-none-embed/8.2.0/../../../../riscv-none-embed/lib/rv32imac/ilp32\libg_nano.a(lib_a-findfp.o)
                0x000000000000b8fc                __sf_fake_stderr
 .rodata.__sf_fake_stdin
                0x000000000000b91c       0x20 d:/mrs/mounriver_studio/toolchain/risc-v embedded gcc/bin/../lib/gcc/riscv-none-embed/8.2.0/../../../../riscv-none-embed/lib/rv32imac/ilp32\libg_nano.a(lib_a-findfp.o)
                0x000000000000b91c                __sf_fake_stdin
 .rodata.__sf_fake_stdout
                0x000000000000b93c       0x20 d:/mrs/mounriver_studio/toolchain/risc-v embedded gcc/bin/../lib/gcc/riscv-none-embed/8.2.0/../../../../riscv-none-embed/lib/rv32imac/ilp32\libg_nano.a(lib_a-findfp.o)
                0x000000000000b93c                __sf_fake_stdout
 *(.glue_7)
 *(.glue_7t)
 *(.gnu.linkonce.t.*)
                0x000000000000b95c                . = ALIGN (0x4)

.rela.dyn       0x000000000000b95c        0x0
 .rela.init     0x000000000000b95c        0x0 ./USER/isr.o
 .rela.vector   0x000000000000b95c        0x0 ./USER/isr.o
 .rela.text.handle_reset
                0x000000000000b95c        0x0 ./USER/isr.o
 .rela.text._vfprintf_r
                0x000000000000b95c        0x0 ./USER/isr.o
 .rela.text._sbrk_r
                0x000000000000b95c        0x0 ./USER/isr.o
 .rela.text._kill_r
                0x000000000000b95c        0x0 ./USER/isr.o
 .rela.text._write_r
                0x000000000000b95c        0x0 ./USER/isr.o
 .rela.text._close_r
                0x000000000000b95c        0x0 ./USER/isr.o
 .rela.text._fstat_r
                0x000000000000b95c        0x0 ./USER/isr.o
 .rela.text._isatty_r
                0x000000000000b95c        0x0 ./USER/isr.o
 .rela.text._lseek_r
                0x000000000000b95c        0x0 ./USER/isr.o
 .rela.text._read_r
                0x000000000000b95c        0x0 ./USER/isr.o
 .rela.text._close
                0x000000000000b95c        0x0 ./USER/isr.o
 .rela.text._fstat
                0x000000000000b95c        0x0 ./USER/isr.o
 .rela.text._getpid
                0x000000000000b95c        0x0 ./USER/isr.o
 .rela.text._isatty
                0x000000000000b95c        0x0 ./USER/isr.o
 .rela.text._kill
                0x000000000000b95c        0x0 ./USER/isr.o
 .rela.text._lseek
                0x000000000000b95c        0x0 ./USER/isr.o
 .rela.text._read
                0x000000000000b95c        0x0 ./USER/isr.o
 .rela.text._sbrk
                0x000000000000b95c        0x0 ./USER/isr.o

.fini           0x000000000000b95c        0x0
 *(SORT_NONE(.fini))
                0x000000000000b95c                . = ALIGN (0x4)
                [!provide]                        PROVIDE (_etext = .)
                [!provide]                        PROVIDE (_eitcm = .)

.preinit_array  0x000000000000b95c        0x0
                [!provide]                        PROVIDE (__preinit_array_start = .)
 *(.preinit_array)
                [!provide]                        PROVIDE (__preinit_array_end = .)

.init_array     0x000000000000b95c        0x0
                [!provide]                        PROVIDE (__init_array_start = .)
 *(SORT_BY_INIT_PRIORITY(.init_array.*) SORT_BY_INIT_PRIORITY(.ctors.*))
 *(.init_array EXCLUDE_FILE(*crtend?.o *crtend.o *crtbegin?.o *crtbegin.o) .ctors)
                [!provide]                        PROVIDE (__init_array_end = .)

.fini_array     0x000000000000b95c        0x0
                [!provide]                        PROVIDE (__fini_array_start = .)
 *(SORT_BY_INIT_PRIORITY(.fini_array.*) SORT_BY_INIT_PRIORITY(.dtors.*))
 *(.fini_array EXCLUDE_FILE(*crtend?.o *crtend.o *crtbegin?.o *crtbegin.o) .dtors)
                [!provide]                        PROVIDE (__fini_array_end = .)

.ctors
 *crtbegin.o(.ctors)
 *crtbegin?.o(.ctors)
 *(EXCLUDE_FILE(*crtend?.o *crtend.o) .ctors)
 *(SORT_BY_NAME(.ctors.*))
 *(.ctors)

.dtors
 *crtbegin.o(.dtors)
 *crtbegin?.o(.dtors)
 *(EXCLUDE_FILE(*crtend?.o *crtend.o) .dtors)
 *(SORT_BY_NAME(.dtors.*))
 *(.dtors)

.dalign         0x0000000020000000        0x0 load address 0x000000000000b95c
                0x0000000020000000                . = ALIGN (0x4)
                0x0000000020000000                PROVIDE (_data_vma = .)

.dlalign        0x000000000000b95c        0x0
                0x000000000000b95c                . = ALIGN (0x4)
                0x000000000000b95c                PROVIDE (_data_lma = .)

.data           0x0000000020000000       0xd0 load address 0x000000000000b95c
 *(.gnu.linkonce.r.*)
 *(.data .data.*)
 .data.APBAHBPrescTable
                0x0000000020000000       0x10 ./Libraries/wch_libraries/Peripheral/ch32v10x_rcc.o
 .data.MT9V03X_CFG
                0x0000000020000010       0x24 ./Libraries/seekfree_peripheral/SEEKFREE_MT9V03X.o
                0x0000000020000010                MT9V03X_CFG
 .data.GET_CFG  0x0000000020000034       0x20 ./Libraries/seekfree_peripheral/SEEKFREE_MT9V03X.o
                0x0000000020000034                GET_CFG
 .data.impure_data
                0x0000000020000054       0x60 d:/mrs/mounriver_studio/toolchain/risc-v embedded gcc/bin/../lib/gcc/riscv-none-embed/8.2.0/../../../../riscv-none-embed/lib/rv32imac/ilp32\libg_nano.a(lib_a-impure.o)
 *(.gnu.linkonce.d.*)
                0x00000000200000b8                . = ALIGN (0x8)
 *fill*         0x00000000200000b4        0x4 
                0x00000000200008b8                PROVIDE (__global_pointer$ = (. + 0x800))
 *(.sdata .sdata.*)
 .sdata.tag8    0x00000000200000b8        0x1 ./USER/main.o
                0x00000000200000b8                tag8
 *fill*         0x00000000200000b9        0x3 
 .sdata.nortime
                0x00000000200000bc        0x4 ./USER/main.o
                0x00000000200000bc                nortime
 .sdata.ADCPrescTable
                0x00000000200000c0        0x4 ./Libraries/wch_libraries/Peripheral/ch32v10x_rcc.o
 .sdata.camera_type
                0x00000000200000c4        0x4 ./Libraries/seekfree_libraries/common.o
                0x00000000200000c4                camera_type
 .sdata._impure_ptr
                0x00000000200000c8        0x4 d:/mrs/mounriver_studio/toolchain/risc-v embedded gcc/bin/../lib/gcc/riscv-none-embed/8.2.0/../../../../riscv-none-embed/lib/rv32imac/ilp32\libg_nano.a(lib_a-impure.o)
                0x00000000200000c8                _impure_ptr
 *(.sdata2.*)
 .sdata2._global_impure_ptr
                0x00000000200000cc        0x4 d:/mrs/mounriver_studio/toolchain/risc-v embedded gcc/bin/../lib/gcc/riscv-none-embed/8.2.0/../../../../riscv-none-embed/lib/rv32imac/ilp32\libg_nano.a(lib_a-impure.o)
                0x00000000200000cc                _global_impure_ptr
 *(.gnu.linkonce.s.*)
                0x00000000200000d0                . = ALIGN (0x8)
 *(.srodata.cst16)
 *(.srodata.cst8)
 *(.srodata.cst4)
 *(.srodata.cst2)
 *(.srodata .srodata.*)
                0x00000000200000d0                . = ALIGN (0x4)
                0x00000000200000d0                PROVIDE (_edata = .)

.bss            0x00000000200000d0     0x27cc load address 0x000000000000ba2c
                0x00000000200000d0                . = ALIGN (0x4)
                0x00000000200000d0                PROVIDE (_sbss = .)
 *(.sbss*)
 .sbss.uart_flag
                0x00000000200000d0        0x1 ./USER/main.o
                0x00000000200000d0                uart_flag
 *fill*         0x00000000200000d1        0x1 
 .sbss.slave_encoder_LB
                0x00000000200000d2        0x2 ./USER/main.o
                0x00000000200000d2                slave_encoder_LB
 .sbss.slave_encoder_RB
                0x00000000200000d4        0x2 ./USER/main.o
                0x00000000200000d4                slave_encoder_RB
 .sbss.master_encoder_RF
                0x00000000200000d6        0x2 ./USER/main.o
                0x00000000200000d6                master_encoder_RF
 .sbss.master_encoder_LF
                0x00000000200000d8        0x2 ./USER/main.o
                0x00000000200000d8                master_encoder_LF
 .sbss.positionerr
                0x00000000200000da        0x2 ./USER/main.o
                0x00000000200000da                positionerr
 .sbss.slave_position
                0x00000000200000dc        0x2 ./USER/main.o
                0x00000000200000dc                slave_position
 .sbss.anaflag  0x00000000200000de        0x1 ./USER/main.o
                0x00000000200000de                anaflag
 .sbss.startflag
                0x00000000200000df        0x1 ./USER/main.o
                0x00000000200000df                startflag
 .sbss.LFTar    0x00000000200000e0        0x2 ./USER/main.o
                0x00000000200000e0                LFTar
 .sbss.RFTar    0x00000000200000e2        0x2 ./USER/main.o
                0x00000000200000e2                RFTar
 .sbss.LBTar    0x00000000200000e4        0x2 ./USER/main.o
                0x00000000200000e4                LBTar
 .sbss.RBTar    0x00000000200000e6        0x2 ./USER/main.o
                0x00000000200000e6                RBTar
 .sbss.tag5     0x00000000200000e8        0x1 ./USER/main.o
                0x00000000200000e8                tag5
 .sbss.tag6     0x00000000200000e9        0x1 ./USER/main.o
                0x00000000200000e9                tag6
 .sbss.tag7     0x00000000200000ea        0x1 ./USER/main.o
                0x00000000200000ea                tag7
 .sbss.tag9     0x00000000200000eb        0x1 ./USER/main.o
                0x00000000200000eb                tag9
 .sbss.i        0x00000000200000ec        0x2 ./USER/main.o
                0x00000000200000ec                i
 .sbss.w        0x00000000200000ee        0x2 ./USER/main.o
                0x00000000200000ee                w
 .sbss.mov      0x00000000200000f0        0x2 ./USER/main.o
                0x00000000200000f0                mov
 .sbss.basespeed
                0x00000000200000f2        0x2 ./USER/main.o
                0x00000000200000f2                basespeed
 .sbss.hortime  0x00000000200000f4        0x4 ./USER/main.o
                0x00000000200000f4                hortime
 .sbss.STA_FLAG
                0x00000000200000f8        0x1 ./USER/main.o
                0x00000000200000f8                STA_FLAG
 .sbss.norsta   0x00000000200000f9        0x1 ./USER/main.o
                0x00000000200000f9                norsta
 .sbss.horsta   0x00000000200000fa        0x1 ./USER/main.o
                0x00000000200000fa                horsta
 *fill*         0x00000000200000fb        0x1 
 .sbss.Intime   0x00000000200000fc        0x2 ./USER/main.o
                0x00000000200000fc                Intime
 .sbss.Outtime  0x00000000200000fe        0x2 ./USER/main.o
                0x00000000200000fe                Outtime
 .sbss.Mode     0x0000000020000100        0x4 ./USER/main.o
                0x0000000020000100                Mode
 .sbss.uart_num.6052
                0x0000000020000104        0x1 ./USER/main.o
 .sbss.j.6057   0x0000000020000105        0x1 ./USER/main.o
 .sbss.i.6056   0x0000000020000106        0x1 ./USER/main.o
 .sbss.i.6079   0x0000000020000107        0x1 ./USER/main.o
 .sbss.receive  0x0000000020000108        0x3 ./Libraries/seekfree_peripheral/SEEKFREE_MT9V03X.o
                0x0000000020000108                receive
 .sbss.receive_num
                0x000000002000010b        0x1 ./Libraries/seekfree_peripheral/SEEKFREE_MT9V03X.o
                0x000000002000010b                receive_num
 .sbss.uart_receive_flag
                0x000000002000010c        0x1 ./Libraries/seekfree_peripheral/SEEKFREE_MT9V03X.o
                0x000000002000010c                uart_receive_flag
 .sbss.mt9v03x_finish_flag
                0x000000002000010d        0x1 ./Libraries/seekfree_peripheral/SEEKFREE_MT9V03X.o
                0x000000002000010d                mt9v03x_finish_flag
 *fill*         0x000000002000010e        0x2 
 .sbss.ov7725_uart_receive
                0x0000000020000110        0x3 ./Libraries/seekfree_peripheral/SEEKFREE_UART_7725.o
                0x0000000020000110                ov7725_uart_receive
 .sbss.ov7725_uart_receive_num
                0x0000000020000113        0x1 ./Libraries/seekfree_peripheral/SEEKFREE_UART_7725.o
                0x0000000020000113                ov7725_uart_receive_num
 .sbss.ov7725_uart_receive_flag
                0x0000000020000114        0x1 ./Libraries/seekfree_peripheral/SEEKFREE_UART_7725.o
                0x0000000020000114                ov7725_uart_receive_flag
 .sbss.ov7725_uart_finish_flag
                0x0000000020000115        0x1 ./Libraries/seekfree_peripheral/SEEKFREE_UART_7725.o
                0x0000000020000115                ov7725_uart_finish_flag
 *fill*         0x0000000020000116        0x2 
 .sbss.sys_clk  0x0000000020000118        0x4 ./Libraries/seekfree_libraries/common.o
                0x0000000020000118                sys_clk
 .sbss.camera_buffer_addr
                0x000000002000011c        0x4 ./Libraries/seekfree_libraries/common.o
                0x000000002000011c                camera_buffer_addr
 .sbss.__malloc_free_list
                0x0000000020000120        0x4 d:/mrs/mounriver_studio/toolchain/risc-v embedded gcc/bin/../lib/gcc/riscv-none-embed/8.2.0/../../../../riscv-none-embed/lib/rv32imac/ilp32\libg_nano.a(lib_a-nano-mallocr.o)
                0x0000000020000120                __malloc_free_list
 .sbss.__malloc_sbrk_start
                0x0000000020000124        0x4 d:/mrs/mounriver_studio/toolchain/risc-v embedded gcc/bin/../lib/gcc/riscv-none-embed/8.2.0/../../../../riscv-none-embed/lib/rv32imac/ilp32\libg_nano.a(lib_a-nano-mallocr.o)
                0x0000000020000124                __malloc_sbrk_start
 .sbss.heap_end.1518
                0x0000000020000128        0x4 d:/mrs/mounriver_studio/toolchain/risc-v embedded gcc/bin/../lib/gcc/riscv-none-embed/8.2.0/../../../../riscv-none-embed/lib/rv32imac/ilp32\libnosys.a(sbrk.o)
 *(.gnu.linkonce.sb.*)
 *(.bss*)
 .bss.temp_buff
                0x000000002000012c        0xd ./USER/main.o
                0x000000002000012c                temp_buff
 *fill*         0x0000000020000139        0x3 
 .bss.PIDLF     0x000000002000013c       0x2c ./USER/main.o
                0x000000002000013c                PIDLF
 .bss.PIDLB     0x0000000020000168       0x2c ./USER/main.o
                0x0000000020000168                PIDLB
 .bss.PIDRB     0x0000000020000194       0x2c ./USER/main.o
                0x0000000020000194                PIDRB
 .bss.PIDRF     0x00000000200001c0       0x2c ./USER/main.o
                0x00000000200001c0                PIDRF
 .bss.PIDPos    0x00000000200001ec       0x2c ./USER/main.o
                0x00000000200001ec                PIDPos
 .bss.tag1      0x0000000020000218       0x32 ./USER/main.o
                0x0000000020000218                tag1
 *fill*         0x000000002000024a        0x2 
 .bss.tag2      0x000000002000024c       0x32 ./USER/main.o
                0x000000002000024c                tag2
 *fill*         0x000000002000027e        0x2 
 .bss.tag3      0x0000000020000280       0x32 ./USER/main.o
                0x0000000020000280                tag3
 *fill*         0x00000000200002b2        0x2 
 .bss.mt9v03x_image
                0x00000000200002b4     0x24b8 ./Libraries/seekfree_peripheral/SEEKFREE_MT9V03X.o
                0x00000000200002b4                mt9v03x_image
 .bss.irq_status
                0x000000002000276c        0xc ./Libraries/seekfree_libraries/common.o
                0x000000002000276c                irq_status
 .bss.RxBuf     0x0000000020002778       0x10 ./CODE/debug_usart.o
                0x0000000020002778                RxBuf
 .bss.Msg       0x0000000020002788       0x10 ./CODE/debug_usart.o
                0x0000000020002788                Msg
 .bss.HistGram  0x0000000020002798       0xff ./CODE/jf_data.o
                0x0000000020002798                HistGram
 *(.gnu.linkonce.b.*)
 *(COMMON*)
 *fill*         0x0000000020002897        0x1 
 COMMON         0x0000000020002898        0x4 d:/mrs/mounriver_studio/toolchain/risc-v embedded gcc/bin/../lib/gcc/riscv-none-embed/8.2.0/../../../../riscv-none-embed/lib/rv32imac/ilp32\libg_nano.a(lib_a-reent.o)
                0x0000000020002898                errno
                0x000000002000289c                . = ALIGN (0x4)
                0x000000002000289c                PROVIDE (_ebss = .)
                [!provide]                        PROVIDE (_end = _ebss)
                0x000000002000289c                PROVIDE (end = .)

.stack          0x0000000020004800      0x800
                0x0000000020004800                . = ALIGN (0x4)
                [!provide]                        PROVIDE (_susrstack = .)
                0x0000000020005000                . = (. + __stack_size)
 *fill*         0x0000000020004800      0x800 
                0x0000000020005000                PROVIDE (_eusrstack = .)
OUTPUT(master_school.elf elf32-littleriscv)

.debug_info     0x0000000000000000    0x1a969
 .debug_info    0x0000000000000000     0x1368 ./USER/isr.o
 .debug_info    0x0000000000001368     0x1be3 ./USER/main.o
 .debug_info    0x0000000000002f4b       0x22 ./Libraries/wch_libraries/Startup/startup_ch32v10x.o
 .debug_info    0x0000000000002f6d      0x476 ./Libraries/wch_libraries/Peripheral/ch32v10x_dma.o
 .debug_info    0x00000000000033e3      0x353 ./Libraries/wch_libraries/Peripheral/ch32v10x_exti.o
 .debug_info    0x0000000000003736      0x6e7 ./Libraries/wch_libraries/Peripheral/ch32v10x_gpio.o
 .debug_info    0x0000000000003e1d      0x517 ./Libraries/wch_libraries/Peripheral/ch32v10x_misc.o
 .debug_info    0x0000000000004334      0x8d8 ./Libraries/wch_libraries/Peripheral/ch32v10x_rcc.o
 .debug_info    0x0000000000004c0c     0x1dcc ./Libraries/wch_libraries/Peripheral/ch32v10x_tim.o
 .debug_info    0x00000000000069d8      0xa42 ./Libraries/wch_libraries/Peripheral/ch32v10x_usart.o
 .debug_info    0x000000000000741a      0xb50 ./Libraries/seekfree_peripheral/SEEKFREE_FONT.o
 .debug_info    0x0000000000007f6a     0x159f ./Libraries/seekfree_peripheral/SEEKFREE_MT9V03X.o
 .debug_info    0x0000000000009509     0x1575 ./Libraries/seekfree_peripheral/SEEKFREE_OLED.o
 .debug_info    0x000000000000aa7e      0xd86 ./Libraries/seekfree_peripheral/SEEKFREE_PRINTF.o
 .debug_info    0x000000000000b804     0x1584 ./Libraries/seekfree_peripheral/SEEKFREE_UART_7725.o
 .debug_info    0x000000000000cd88      0xa5b ./Libraries/seekfree_libraries/common.o
 .debug_info    0x000000000000d7e3     0x129e ./Libraries/seekfree_libraries/zf_camera.o
 .debug_info    0x000000000000ea81     0x118f ./Libraries/seekfree_libraries/zf_gpio.o
 .debug_info    0x000000000000fc10      0xeeb ./Libraries/seekfree_libraries/zf_nvic.o
 .debug_info    0x0000000000010afb     0x1488 ./Libraries/seekfree_libraries/zf_pwm.o
 .debug_info    0x0000000000011f83     0x125a ./Libraries/seekfree_libraries/zf_qtimer.o
 .debug_info    0x00000000000131dd      0xbae ./Libraries/seekfree_libraries/zf_systick.o
 .debug_info    0x0000000000013d8b     0x136e ./Libraries/seekfree_libraries/zf_uart.o
 .debug_info    0x00000000000150f9      0xcf3 ./Libraries/board/board.o
 .debug_info    0x0000000000015dec      0x25f ./Libraries/board/clock_config.o
 .debug_info    0x000000000001604b     0x1525 ./CODE/Motor.o
 .debug_info    0x0000000000017570     0x1237 ./CODE/debug_usart.o
 .debug_info    0x00000000000187a7      0xf87 ./CODE/encoder.o
 .debug_info    0x000000000001972e     0x123b ./CODE/jf_data.o

.debug_abbrev   0x0000000000000000     0x4364
 .debug_abbrev  0x0000000000000000      0x252 ./USER/isr.o
 .debug_abbrev  0x0000000000000252      0x39f ./USER/main.o
 .debug_abbrev  0x00000000000005f1       0x12 ./Libraries/wch_libraries/Startup/startup_ch32v10x.o
 .debug_abbrev  0x0000000000000603      0x18f ./Libraries/wch_libraries/Peripheral/ch32v10x_dma.o
 .debug_abbrev  0x0000000000000792      0x144 ./Libraries/wch_libraries/Peripheral/ch32v10x_exti.o
 .debug_abbrev  0x00000000000008d6      0x1c7 ./Libraries/wch_libraries/Peripheral/ch32v10x_gpio.o
 .debug_abbrev  0x0000000000000a9d      0x179 ./Libraries/wch_libraries/Peripheral/ch32v10x_misc.o
 .debug_abbrev  0x0000000000000c16      0x1ef ./Libraries/wch_libraries/Peripheral/ch32v10x_rcc.o
 .debug_abbrev  0x0000000000000e05      0x1c9 ./Libraries/wch_libraries/Peripheral/ch32v10x_tim.o
 .debug_abbrev  0x0000000000000fce      0x19e ./Libraries/wch_libraries/Peripheral/ch32v10x_usart.o
 .debug_abbrev  0x000000000000116c      0x217 ./Libraries/seekfree_peripheral/SEEKFREE_FONT.o
 .debug_abbrev  0x0000000000001383      0x365 ./Libraries/seekfree_peripheral/SEEKFREE_MT9V03X.o
 .debug_abbrev  0x00000000000016e8      0x344 ./Libraries/seekfree_peripheral/SEEKFREE_OLED.o
 .debug_abbrev  0x0000000000001a2c      0x2d2 ./Libraries/seekfree_peripheral/SEEKFREE_PRINTF.o
 .debug_abbrev  0x0000000000001cfe      0x392 ./Libraries/seekfree_peripheral/SEEKFREE_UART_7725.o
 .debug_abbrev  0x0000000000002090      0x1fa ./Libraries/seekfree_libraries/common.o
 .debug_abbrev  0x000000000000228a      0x264 ./Libraries/seekfree_libraries/zf_camera.o
 .debug_abbrev  0x00000000000024ee      0x2c2 ./Libraries/seekfree_libraries/zf_gpio.o
 .debug_abbrev  0x00000000000027b0      0x2b8 ./Libraries/seekfree_libraries/zf_nvic.o
 .debug_abbrev  0x0000000000002a68      0x2d0 ./Libraries/seekfree_libraries/zf_pwm.o
 .debug_abbrev  0x0000000000002d38      0x2b6 ./Libraries/seekfree_libraries/zf_qtimer.o
 .debug_abbrev  0x0000000000002fee      0x257 ./Libraries/seekfree_libraries/zf_systick.o
 .debug_abbrev  0x0000000000003245      0x2e5 ./Libraries/seekfree_libraries/zf_uart.o
 .debug_abbrev  0x000000000000352a      0x280 ./Libraries/board/board.o
 .debug_abbrev  0x00000000000037aa       0xe8 ./Libraries/board/clock_config.o
 .debug_abbrev  0x0000000000003892      0x2ca ./CODE/Motor.o
 .debug_abbrev  0x0000000000003b5c      0x2e9 ./CODE/debug_usart.o
 .debug_abbrev  0x0000000000003e45      0x249 ./CODE/encoder.o
 .debug_abbrev  0x000000000000408e      0x2d6 ./CODE/jf_data.o

.debug_aranges  0x0000000000000000      0xcd0
 .debug_aranges
                0x0000000000000000       0xa8 ./USER/isr.o
 .debug_aranges
                0x00000000000000a8       0x68 ./USER/main.o
 .debug_aranges
                0x0000000000000110       0x30 ./Libraries/wch_libraries/Startup/startup_ch32v10x.o
 .debug_aranges
                0x0000000000000140       0x70 ./Libraries/wch_libraries/Peripheral/ch32v10x_dma.o
 .debug_aranges
                0x00000000000001b0       0x58 ./Libraries/wch_libraries/Peripheral/ch32v10x_exti.o
 .debug_aranges
                0x0000000000000208       0xa0 ./Libraries/wch_libraries/Peripheral/ch32v10x_gpio.o
 .debug_aranges
                0x00000000000002a8       0x40 ./Libraries/wch_libraries/Peripheral/ch32v10x_misc.o
 .debug_aranges
                0x00000000000002e8      0x118 ./Libraries/wch_libraries/Peripheral/ch32v10x_rcc.o
 .debug_aranges
                0x0000000000000400      0x2f0 ./Libraries/wch_libraries/Peripheral/ch32v10x_tim.o
 .debug_aranges
                0x00000000000006f0      0x100 ./Libraries/wch_libraries/Peripheral/ch32v10x_usart.o
 .debug_aranges
                0x00000000000007f0       0x18 ./Libraries/seekfree_peripheral/SEEKFREE_FONT.o
 .debug_aranges
                0x0000000000000808       0x80 ./Libraries/seekfree_peripheral/SEEKFREE_MT9V03X.o
 .debug_aranges
                0x0000000000000888       0xa0 ./Libraries/seekfree_peripheral/SEEKFREE_OLED.o
 .debug_aranges
                0x0000000000000928       0x30 ./Libraries/seekfree_peripheral/SEEKFREE_PRINTF.o
 .debug_aranges
                0x0000000000000958       0x80 ./Libraries/seekfree_peripheral/SEEKFREE_UART_7725.o
 .debug_aranges
                0x00000000000009d8       0x18 ./Libraries/seekfree_libraries/common.o
 .debug_aranges
                0x00000000000009f0       0x28 ./Libraries/seekfree_libraries/zf_camera.o
 .debug_aranges
                0x0000000000000a18       0x40 ./Libraries/seekfree_libraries/zf_gpio.o
 .debug_aranges
                0x0000000000000a58       0x40 ./Libraries/seekfree_libraries/zf_nvic.o
 .debug_aranges
                0x0000000000000a98       0x40 ./Libraries/seekfree_libraries/zf_pwm.o
 .debug_aranges
                0x0000000000000ad8       0x38 ./Libraries/seekfree_libraries/zf_qtimer.o
 .debug_aranges
                0x0000000000000b10       0x30 ./Libraries/seekfree_libraries/zf_systick.o
 .debug_aranges
                0x0000000000000b40       0x68 ./Libraries/seekfree_libraries/zf_uart.o
 .debug_aranges
                0x0000000000000ba8       0x28 ./Libraries/board/board.o
 .debug_aranges
                0x0000000000000bd0       0x28 ./Libraries/board/clock_config.o
 .debug_aranges
                0x0000000000000bf8       0x48 ./CODE/Motor.o
 .debug_aranges
                0x0000000000000c40       0x30 ./CODE/debug_usart.o
 .debug_aranges
                0x0000000000000c70       0x28 ./CODE/encoder.o
 .debug_aranges
                0x0000000000000c98       0x38 ./CODE/jf_data.o

.debug_ranges   0x0000000000000000      0xaf8
 .debug_ranges  0x0000000000000000       0x98 ./USER/isr.o
 .debug_ranges  0x0000000000000098       0x58 ./USER/main.o
 .debug_ranges  0x00000000000000f0       0x28 ./Libraries/wch_libraries/Startup/startup_ch32v10x.o
 .debug_ranges  0x0000000000000118       0x60 ./Libraries/wch_libraries/Peripheral/ch32v10x_dma.o
 .debug_ranges  0x0000000000000178       0x48 ./Libraries/wch_libraries/Peripheral/ch32v10x_exti.o
 .debug_ranges  0x00000000000001c0       0x90 ./Libraries/wch_libraries/Peripheral/ch32v10x_gpio.o
 .debug_ranges  0x0000000000000250       0x30 ./Libraries/wch_libraries/Peripheral/ch32v10x_misc.o
 .debug_ranges  0x0000000000000280      0x108 ./Libraries/wch_libraries/Peripheral/ch32v10x_rcc.o
 .debug_ranges  0x0000000000000388      0x2e0 ./Libraries/wch_libraries/Peripheral/ch32v10x_tim.o
 .debug_ranges  0x0000000000000668       0xf0 ./Libraries/wch_libraries/Peripheral/ch32v10x_usart.o
 .debug_ranges  0x0000000000000758       0x70 ./Libraries/seekfree_peripheral/SEEKFREE_MT9V03X.o
 .debug_ranges  0x00000000000007c8       0x90 ./Libraries/seekfree_peripheral/SEEKFREE_OLED.o
 .debug_ranges  0x0000000000000858       0x20 ./Libraries/seekfree_peripheral/SEEKFREE_PRINTF.o
 .debug_ranges  0x0000000000000878       0x70 ./Libraries/seekfree_peripheral/SEEKFREE_UART_7725.o
 .debug_ranges  0x00000000000008e8       0x18 ./Libraries/seekfree_libraries/zf_camera.o
 .debug_ranges  0x0000000000000900       0x30 ./Libraries/seekfree_libraries/zf_gpio.o
 .debug_ranges  0x0000000000000930       0x30 ./Libraries/seekfree_libraries/zf_nvic.o
 .debug_ranges  0x0000000000000960       0x30 ./Libraries/seekfree_libraries/zf_pwm.o
 .debug_ranges  0x0000000000000990       0x28 ./Libraries/seekfree_libraries/zf_qtimer.o
 .debug_ranges  0x00000000000009b8       0x20 ./Libraries/seekfree_libraries/zf_systick.o
 .debug_ranges  0x00000000000009d8       0x58 ./Libraries/seekfree_libraries/zf_uart.o
 .debug_ranges  0x0000000000000a30       0x18 ./Libraries/board/board.o
 .debug_ranges  0x0000000000000a48       0x18 ./Libraries/board/clock_config.o
 .debug_ranges  0x0000000000000a60       0x38 ./CODE/Motor.o
 .debug_ranges  0x0000000000000a98       0x20 ./CODE/debug_usart.o
 .debug_ranges  0x0000000000000ab8       0x18 ./CODE/encoder.o
 .debug_ranges  0x0000000000000ad0       0x28 ./CODE/jf_data.o

.debug_line     0x0000000000000000     0xe80d
 .debug_line    0x0000000000000000      0x74e ./USER/isr.o
 .debug_line    0x000000000000074e     0x156a ./USER/main.o
 .debug_line    0x0000000000001cb8      0x225 ./Libraries/wch_libraries/Startup/startup_ch32v10x.o
 .debug_line    0x0000000000001edd      0x6a0 ./Libraries/wch_libraries/Peripheral/ch32v10x_dma.o
 .debug_line    0x000000000000257d      0x4de ./Libraries/wch_libraries/Peripheral/ch32v10x_exti.o
 .debug_line    0x0000000000002a5b      0x970 ./Libraries/wch_libraries/Peripheral/ch32v10x_gpio.o
 .debug_line    0x00000000000033cb      0x391 ./Libraries/wch_libraries/Peripheral/ch32v10x_misc.o
 .debug_line    0x000000000000375c      0xca6 ./Libraries/wch_libraries/Peripheral/ch32v10x_rcc.o
 .debug_line    0x0000000000004402     0x1f50 ./Libraries/wch_libraries/Peripheral/ch32v10x_tim.o
 .debug_line    0x0000000000006352      0xbd4 ./Libraries/wch_libraries/Peripheral/ch32v10x_usart.o
 .debug_line    0x0000000000006f26      0x1c6 ./Libraries/seekfree_peripheral/SEEKFREE_FONT.o
 .debug_line    0x00000000000070ec      0x9ca ./Libraries/seekfree_peripheral/SEEKFREE_MT9V03X.o
 .debug_line    0x0000000000007ab6     0x11bb ./Libraries/seekfree_peripheral/SEEKFREE_OLED.o
 .debug_line    0x0000000000008c71      0x747 ./Libraries/seekfree_peripheral/SEEKFREE_PRINTF.o
 .debug_line    0x00000000000093b8      0x9ba ./Libraries/seekfree_peripheral/SEEKFREE_UART_7725.o
 .debug_line    0x0000000000009d72      0x18b ./Libraries/seekfree_libraries/common.o
 .debug_line    0x0000000000009efd      0x4cf ./Libraries/seekfree_libraries/zf_camera.o
 .debug_line    0x000000000000a3cc      0x62b ./Libraries/seekfree_libraries/zf_gpio.o
 .debug_line    0x000000000000a9f7      0x449 ./Libraries/seekfree_libraries/zf_nvic.o
 .debug_line    0x000000000000ae40      0xa7d ./Libraries/seekfree_libraries/zf_pwm.o
 .debug_line    0x000000000000b8bd      0x5a5 ./Libraries/seekfree_libraries/zf_qtimer.o
 .debug_line    0x000000000000be62      0x3ae ./Libraries/seekfree_libraries/zf_systick.o
 .debug_line    0x000000000000c210      0x6a7 ./Libraries/seekfree_libraries/zf_uart.o
 .debug_line    0x000000000000c8b7      0x380 ./Libraries/board/board.o
 .debug_line    0x000000000000cc37      0x332 ./Libraries/board/clock_config.o
 .debug_line    0x000000000000cf69      0x647 ./CODE/Motor.o
 .debug_line    0x000000000000d5b0      0x6ab ./CODE/debug_usart.o
 .debug_line    0x000000000000dc5b      0x332 ./CODE/encoder.o
 .debug_line    0x000000000000df8d      0x880 ./CODE/jf_data.o

.debug_str      0x0000000000000000     0x3e96
 .debug_str     0x0000000000000000      0xbe5 ./USER/isr.o
                                        0xcb1 (size before relaxing)
 .debug_str     0x0000000000000be5      0x64b ./USER/main.o
                                       0x110b (size before relaxing)
 .debug_str     0x0000000000001230       0x42 ./Libraries/wch_libraries/Startup/startup_ch32v10x.o
                                         0x65 (size before relaxing)
 .debug_str     0x0000000000001272      0x23d ./Libraries/wch_libraries/Peripheral/ch32v10x_dma.o
                                        0x3f5 (size before relaxing)
 .debug_str     0x00000000000014af      0x1cf ./Libraries/wch_libraries/Peripheral/ch32v10x_exti.o
                                        0x38f (size before relaxing)
 .debug_str     0x000000000000167e      0x34d ./Libraries/wch_libraries/Peripheral/ch32v10x_gpio.o
                                        0x526 (size before relaxing)
 .debug_str     0x00000000000019cb      0x16f ./Libraries/wch_libraries/Peripheral/ch32v10x_misc.o
                                        0x5c3 (size before relaxing)
 .debug_str     0x0000000000001b3a      0x45e ./Libraries/wch_libraries/Peripheral/ch32v10x_rcc.o
                                        0x667 (size before relaxing)
 .debug_str     0x0000000000001f98      0xabc ./Libraries/wch_libraries/Peripheral/ch32v10x_tim.o
                                        0xe4f (size before relaxing)
 .debug_str     0x0000000000002a54      0x410 ./Libraries/wch_libraries/Peripheral/ch32v10x_usart.o
                                        0x6d9 (size before relaxing)
 .debug_str     0x0000000000002e64       0x31 ./Libraries/seekfree_peripheral/SEEKFREE_FONT.o
                                        0x6e4 (size before relaxing)
 .debug_str     0x0000000000002e95      0x15d ./Libraries/seekfree_peripheral/SEEKFREE_MT9V03X.o
                                        0xd16 (size before relaxing)
 .debug_str     0x0000000000002ff2      0x184 ./Libraries/seekfree_peripheral/SEEKFREE_OLED.o
                                        0x90e (size before relaxing)
 .debug_str     0x0000000000003176       0xe5 ./Libraries/seekfree_peripheral/SEEKFREE_PRINTF.o
                                        0x76f (size before relaxing)
 .debug_str     0x000000000000325b      0x274 ./Libraries/seekfree_peripheral/SEEKFREE_UART_7725.o
                                        0xdba (size before relaxing)
 .debug_str     0x00000000000034cf       0x29 ./Libraries/seekfree_libraries/common.o
                                        0x695 (size before relaxing)
 .debug_str     0x00000000000034f8       0xa4 ./Libraries/seekfree_libraries/zf_camera.o
                                        0xa8a (size before relaxing)
 .debug_str     0x000000000000359c       0xbc ./Libraries/seekfree_libraries/zf_gpio.o
                                        0x9ad (size before relaxing)
 .debug_str     0x0000000000003658       0xac ./Libraries/seekfree_libraries/zf_nvic.o
                                        0xad8 (size before relaxing)
 .debug_str     0x0000000000003704      0x1dd ./Libraries/seekfree_libraries/zf_pwm.o
                                        0xbe0 (size before relaxing)
 .debug_str     0x00000000000038e1      0x153 ./Libraries/seekfree_libraries/zf_qtimer.o
                                        0xa7d (size before relaxing)
 .debug_str     0x0000000000003a34       0xd4 ./Libraries/seekfree_libraries/zf_systick.o
                                        0x770 (size before relaxing)
 .debug_str     0x0000000000003b08       0xd0 ./Libraries/seekfree_libraries/zf_uart.o
                                        0xbd7 (size before relaxing)
 .debug_str     0x0000000000003bd8       0x26 ./Libraries/board/board.o
                                        0x82b (size before relaxing)
 .debug_str     0x0000000000003bfe       0x66 ./Libraries/board/clock_config.o
                                        0x287 (size before relaxing)
 .debug_str     0x0000000000003c64       0x77 ./CODE/Motor.o
                                        0xc36 (size before relaxing)
 .debug_str     0x0000000000003cdb       0x5c ./CODE/debug_usart.o
                                        0xb74 (size before relaxing)
 .debug_str     0x0000000000003d37       0x40 ./CODE/encoder.o
                                        0xadf (size before relaxing)
 .debug_str     0x0000000000003d77      0x11f ./CODE/jf_data.o
                                        0xbda (size before relaxing)

.comment        0x0000000000000000       0x33
 .comment       0x0000000000000000       0x33 ./USER/isr.o
                                         0x34 (size before relaxing)
 .comment       0x0000000000000033       0x34 ./USER/main.o
 .comment       0x0000000000000033       0x34 ./Libraries/wch_libraries/Peripheral/ch32v10x_dma.o
 .comment       0x0000000000000033       0x34 ./Libraries/wch_libraries/Peripheral/ch32v10x_exti.o
 .comment       0x0000000000000033       0x34 ./Libraries/wch_libraries/Peripheral/ch32v10x_gpio.o
 .comment       0x0000000000000033       0x34 ./Libraries/wch_libraries/Peripheral/ch32v10x_misc.o
 .comment       0x0000000000000033       0x34 ./Libraries/wch_libraries/Peripheral/ch32v10x_rcc.o
 .comment       0x0000000000000033       0x34 ./Libraries/wch_libraries/Peripheral/ch32v10x_tim.o
 .comment       0x0000000000000033       0x34 ./Libraries/wch_libraries/Peripheral/ch32v10x_usart.o
 .comment       0x0000000000000033       0x34 ./Libraries/seekfree_peripheral/SEEKFREE_FONT.o
 .comment       0x0000000000000033       0x34 ./Libraries/seekfree_peripheral/SEEKFREE_MT9V03X.o
 .comment       0x0000000000000033       0x34 ./Libraries/seekfree_peripheral/SEEKFREE_OLED.o
 .comment       0x0000000000000033       0x34 ./Libraries/seekfree_peripheral/SEEKFREE_PRINTF.o
 .comment       0x0000000000000033       0x34 ./Libraries/seekfree_peripheral/SEEKFREE_UART_7725.o
 .comment       0x0000000000000033       0x34 ./Libraries/seekfree_libraries/common.o
 .comment       0x0000000000000033       0x34 ./Libraries/seekfree_libraries/zf_camera.o
 .comment       0x0000000000000033       0x34 ./Libraries/seekfree_libraries/zf_gpio.o
 .comment       0x0000000000000033       0x34 ./Libraries/seekfree_libraries/zf_nvic.o
 .comment       0x0000000000000033       0x34 ./Libraries/seekfree_libraries/zf_pwm.o
 .comment       0x0000000000000033       0x34 ./Libraries/seekfree_libraries/zf_qtimer.o
 .comment       0x0000000000000033       0x34 ./Libraries/seekfree_libraries/zf_systick.o
 .comment       0x0000000000000033       0x34 ./Libraries/seekfree_libraries/zf_uart.o
 .comment       0x0000000000000033       0x34 ./Libraries/board/board.o
 .comment       0x0000000000000033       0x34 ./Libraries/board/clock_config.o
 .comment       0x0000000000000033       0x34 ./CODE/Motor.o
 .comment       0x0000000000000033       0x34 ./CODE/debug_usart.o
 .comment       0x0000000000000033       0x34 ./CODE/encoder.o
 .comment       0x0000000000000033       0x34 ./CODE/jf_data.o

.debug_frame    0x0000000000000000     0x3bbc
 .debug_frame   0x0000000000000000      0x24c ./USER/isr.o
 .debug_frame   0x000000000000024c      0x170 ./USER/main.o
 .debug_frame   0x00000000000003bc      0x174 ./Libraries/wch_libraries/Peripheral/ch32v10x_dma.o
 .debug_frame   0x0000000000000530      0x114 ./Libraries/wch_libraries/Peripheral/ch32v10x_exti.o
 .debug_frame   0x0000000000000644      0x244 ./Libraries/wch_libraries/Peripheral/ch32v10x_gpio.o
 .debug_frame   0x0000000000000888       0xb4 ./Libraries/wch_libraries/Peripheral/ch32v10x_misc.o
 .debug_frame   0x000000000000093c      0x418 ./Libraries/wch_libraries/Peripheral/ch32v10x_rcc.o
 .debug_frame   0x0000000000000d54      0xbb4 ./Libraries/wch_libraries/Peripheral/ch32v10x_tim.o
 .debug_frame   0x0000000000001908      0x3bc ./Libraries/wch_libraries/Peripheral/ch32v10x_usart.o
 .debug_frame   0x0000000000001cc4      0x1ec ./Libraries/seekfree_peripheral/SEEKFREE_MT9V03X.o
 .debug_frame   0x0000000000001eb0      0x27c ./Libraries/seekfree_peripheral/SEEKFREE_OLED.o
 .debug_frame   0x000000000000212c       0x7c ./Libraries/seekfree_peripheral/SEEKFREE_PRINTF.o
 .debug_frame   0x00000000000021a8      0x214 ./Libraries/seekfree_peripheral/SEEKFREE_UART_7725.o
 .debug_frame   0x00000000000023bc       0x60 ./Libraries/seekfree_libraries/zf_camera.o
 .debug_frame   0x000000000000241c       0xbc ./Libraries/seekfree_libraries/zf_gpio.o
 .debug_frame   0x00000000000024d8       0xbc ./Libraries/seekfree_libraries/zf_nvic.o
 .debug_frame   0x0000000000002594       0xc8 ./Libraries/seekfree_libraries/zf_pwm.o
 .debug_frame   0x000000000000265c       0xa0 ./Libraries/seekfree_libraries/zf_qtimer.o
 .debug_frame   0x00000000000026fc       0x70 ./Libraries/seekfree_libraries/zf_systick.o
 .debug_frame   0x000000000000276c      0x174 ./Libraries/seekfree_libraries/zf_uart.o
 .debug_frame   0x00000000000028e0       0x58 ./Libraries/board/board.o
 .debug_frame   0x0000000000002938       0x58 ./Libraries/board/clock_config.o
 .debug_frame   0x0000000000002990      0x100 ./CODE/Motor.o
 .debug_frame   0x0000000000002a90       0x78 ./CODE/debug_usart.o
 .debug_frame   0x0000000000002b08       0x58 ./CODE/encoder.o
 .debug_frame   0x0000000000002b60       0xb0 ./CODE/jf_data.o
 .debug_frame   0x0000000000002c10       0x4c d:/mrs/mounriver_studio/toolchain/risc-v embedded gcc/bin/../lib/gcc/riscv-none-embed/8.2.0/../../../../riscv-none-embed/lib/rv32imac/ilp32\libm.a(lib_a-s_ceil.o)
 .debug_frame   0x0000000000002c5c       0x4c d:/mrs/mounriver_studio/toolchain/risc-v embedded gcc/bin/../lib/gcc/riscv-none-embed/8.2.0/../../../../riscv-none-embed/lib/rv32imac/ilp32\libm.a(lib_a-s_floor.o)
 .debug_frame   0x0000000000002ca8       0x44 d:/mrs/mounriver_studio/toolchain/risc-v embedded gcc/bin/../lib/gcc/riscv-none-embed/8.2.0/rv32imac/ilp32\libgcc.a(adddf3.o)
 .debug_frame   0x0000000000002cec       0x50 d:/mrs/mounriver_studio/toolchain/risc-v embedded gcc/bin/../lib/gcc/riscv-none-embed/8.2.0/rv32imac/ilp32\libgcc.a(divdf3.o)